Traceback (most recent call last):
  File "/home/felipe/proyectos/isosmart/docs/governance/tools/phase31_4_v2_5_operational_actions.py", line 209, in <module>
    print(json.dumps(handlers[action](),sort_keys=True))
                     ^^^^^^^^^^^^^^^^^^
  File "/home/felipe/proyectos/isosmart/docs/governance/tools/phase31_4_v2_5_operational_actions.py", line 103, in authority
    django_setup("admin")
  File "/home/felipe/proyectos/isosmart/docs/governance/tools/phase31_4_v2_5_operational_actions.py", line 99, in django_setup
    import django; django.setup()
                   ^^^^^^^^^^^^^^
  File "/home/felipe/proyectos/isosmart/backend/.venv/lib/python3.12/site-packages/django/__init__.py", line 24, in setup
    apps.populate(settings.INSTALLED_APPS)
  File "/home/felipe/proyectos/isosmart/backend/.venv/lib/python3.12/site-packages/django/apps/registry.py", line 91, in populate
    app_config = AppConfig.create(entry)
                 ^^^^^^^^^^^^^^^^^^^^^^^
  File "/home/felipe/proyectos/isosmart/backend/.venv/lib/python3.12/site-packages/django/apps/config.py", line 193, in create
    import_module(entry)
  File "/home/felipe/.local/share/uv/python/cpython-3.12.13-linux-x86_64-gnu/lib/python3.12/importlib/__init__.py", line 90, in import_module
    return _bootstrap._gcd_import(name[level:], package, level)
           ^^^^^^^^^^^^^^^^^^^^^^^^^^^^^^^^^^^^^^^^^^^^^^^^^^^^
  File "<frozen importlib._bootstrap>", line 1387, in _gcd_import
  File "<frozen importlib._bootstrap>", line 1360, in _find_and_load
  File "<frozen importlib._bootstrap>", line 1324, in _find_and_load_unlocked
ModuleNotFoundError: No module named 'django_apscheduler'
