Operations to perform:
  Apply all migrations: admin, asb, auth, authentication, contenttypes, core, foundation, improvement, integration, leadership, operations, performance, planning, resources, sessions, sie, spm
Running migrations:
  Applying contenttypes.0001_initial... OK
  Applying contenttypes.0002_remove_content_type_name... OK
  Applying auth.0001_initial... OK
  Applying auth.0002_alter_permission_name_max_length... OK
  Applying auth.0003_alter_user_email_max_length... OK
  Applying auth.0004_alter_user_username_opts... OK
  Applying auth.0005_alter_user_last_login_null... OK
  Applying auth.0006_require_contenttypes_0002... OK
  Applying auth.0007_alter_validators_add_error_messages... OK
  Applying auth.0008_alter_user_username_max_length... OK
  Applying auth.0009_alter_user_last_name_max_length... OK
  Applying auth.0010_alter_group_name_max_length... OK
  Applying auth.0011_update_proxy_permissions... OK
  Applying auth.0012_alter_user_first_name_max_length... OK
  Applying authentication.0001_initial... OK
  Applying admin.0001_initial... OK
  Applying admin.0002_logentry_remove_auto_add... OK
  Applying admin.0003_logentry_add_action_flag_choices... OK
  Applying core.0001_initial... OK
  Applying asb.0001_initial... OK
  Applying asb.0002_scopedefinition_organization_id... OK
  Applying asb.0003_scopedefinition_climate_readiness_score_and_more... OK
  Applying core.0002_alter_document_file_path... OK
  Applying core.0003_organization_userprofile_organizationsettings_and_more... OK
  Applying authentication.0002_userprofile... OK
  Applying authentication.0003_alter_user_first_name_alter_user_is_active_and_more... OK
  Applying authentication.0004_refresh_token_hash... OK
  Applying authentication.0005_password_reset_token... OK
  Applying authentication.0006_user_login_lockout... OK
  Applying authentication.0007_user_must_change_password... OK
  Applying authentication.0008_user_password_history... OK
  Applying authentication.0009_user_temporary_password_set_at... OK
  Applying authentication.0010_alter_refreshtokenblacklist_token_hash... OK
  Applying core.0004_delete_userprofile... OK
  Applying core.0005_organization_external_id... OK
  Applying core.0006_onboarding_and_multi_standard... OK
  Applying core.0007_add_preferred_language_to_settings... OK
  Applying core.0008_organizationsettings_preferred_language... OK
  Applying core.0009_organizationsettings_onboarding_profile_and_tone... OK
  Applying core.0010_onboardinginsightsnapshot... OK
  Applying core.0011_billing_models... OK
  Applying core.0012_billingpayment_evidence_fields... OK
  Applying core.0013_contextanalysis_organization_document_organization_and_more... OK
  Applying core.0014_backfill_and_enforce_organization_not_null... OK
  Applying core.0015_notificationdelivery... OK
  Applying core.0016_contextanalysis_climate_fields... OK
  Applying core.0017_rename_notificatio_organiz_6e1f3f_idx_notificatio_organiz_a85fc0_idx_and_more... OK
  Applying core.0018_externalcontextsignal_environmentalriskalert_and_more... OK
  Applying core.0019_featureflag... OK
  Applying foundation.0001_foundation_tenant_projection... OK
  Applying foundation.0002_projection_organization_user_foundation... OK
  Applying foundation.0003_eventing_immutable_audit_foundation... OK
  Applying foundation.0004_qms_harmonized_context_foundation... OK
  Applying foundation.0005_risk_opportunity_objective_foundation... OK
  Applying foundation.0006_change_performance_measurement_foundation... OK
  Applying foundation.0007_document_evidence_foundation... OK
  Applying foundation.0008_evidence_coverage_normative_core_foundation... OK
  Applying foundation.0009_knowledge_layer_foundation... OK
  Applying foundation.0010_governed_recommendation_foundation... OK
  Applying foundation.0011_agent_definition_run_provenance_foundation... OK
  Applying foundation.0012_agent_decision_human_decision_gate_foundation... OK
  Applying foundation.0013_action_execution_preparation_authorization_foundation... OK
  Applying foundation.0014_action_execution_synthetic_foundation... OK
  Applying foundation.0015_first_controlled_qms_mutation_poc... OK
  Applying foundation.0016_controlled_execution_recovery_hardening... OK
  Applying foundation.0017_effectiveness_check_foundation... OK
  Applying foundation.0018_governed_learning_foundation... OK
  Applying foundation.0019_learning_proposal_review_application_authorization_foundation... OK
  Applying foundation.0020_exact_learning_delta_target_operation_contract... OK
  Applying foundation.0021_first_governed_knowledge_rule_application_poc... OK
  Applying foundation.0022_inert_rule_publication_activation_runtime_adoption... OK
  Applying foundation.0023_retained_synthetic_source_reference_application... OK
  Applying foundation.0024_adminapps_ingress_receipt... OK
  Applying improvement.0001_initial... OK
  Applying integration.0001_initial... OK
  Applying integration.0002_add_document_chunks... OK
  Applying leadership.0001_initial... OK
  Applying leadership.0002_evidence_graph_management_review_approval_culture_aigovernance... OK
  Applying operations.0001_initial... OK
  Applying performance.0001_initial... OK
  Applying planning.0001_initial... OK
  Applying planning.0002_planning_governance_and_ai... OK
  Applying planning.0003_rename_planning_pl_organiz_95d70d_idx_planning_pl_organiz_a1197e_idx_and_more... OK
  Applying resources.0001_initial... OK
  Applying sessions.0001_initial... OK
  Applying sie.0001_initial... OK
  Applying sie.0002_stakeholderprofile_is_critical... OK
  Applying sie.0003_stakeholderprofile_organization_id... OK
  Applying sie.0004_alter_stakeholderprofile_stakeholder_type... OK
  Applying spm.0001_initial... OK
  Applying spm.0002_processmap_organization_id... OK
  Applying spm.0003_process_carbon_intensity_category_and_more... OK
