Operations to perform:
  Apply all migrations: admin, auth, billing, contenttypes, django_apscheduler, integration, organizations, products, sessions, subscriptions, token_blacklist, users
Running migrations:
  Applying organizations.0001_initial... OK
  Applying contenttypes.0001_initial... OK
  Applying contenttypes.0002_remove_content_type_name... OK
  Applying auth.0001_initial... OK
  Applying auth.0002_alter_permission_name_max_length... OK
  Applying auth.0003_alter_user_email_max_length... OK
  Applying auth.0004_alter_user_username_opts... OK
  Applying auth.0005_alter_user_last_login_null... OK
  Applying auth.0006_require_contenttypes_0002... OK
  Applying auth.0007_alter_validators_add_error_messages... OK
  Applying auth.0008_alter_user_username_max_length... OK
  Applying auth.0009_alter_user_last_name_max_length... OK
  Applying auth.0010_alter_group_name_max_length... OK
  Applying auth.0011_update_proxy_permissions... OK
  Applying auth.0012_alter_user_first_name_max_length... OK
  Applying users.0001_initial... OK
  Applying admin.0001_initial... OK
  Applying admin.0002_logentry_remove_auto_add... OK
  Applying admin.0003_logentry_add_action_flag_choices... OK
  Applying subscriptions.0001_initial... OK
  Applying subscriptions.0002_alter_plan_modules_included... OK
  Applying products.0001_initial... OK
  Applying organizations.0002_initial... OK
  Applying organizations.0003_organizationfeatureflag... OK
  Applying products.0002_productsystem_organizationproductentitlement... OK
  Applying products.0003_productentitlementauditlog... OK
  Applying billing.0001_initial... OK
  Applying billing.0002_fiscalprofile_client_id_fiscalprofile_client_secret... OK
  Applying billing.0003_paymentrecord_notes... OK
  Applying billing.0004_recurringreportschedule... OK
  Applying billing.0005_remove_fiscalprofile_certificate_pin_and_more... OK
  Applying billing.0006_productcatalog_system_product... OK
  Applying django_apscheduler.0001_initial... OK
  Applying django_apscheduler.0002_auto_20180412_0758... OK
  Applying django_apscheduler.0003_auto_20200716_1632... OK
  Applying django_apscheduler.0004_auto_20200717_1043... OK
  Applying django_apscheduler.0005_migrate_name_to_id... OK
  Applying django_apscheduler.0006_remove_djangojob_name... OK
  Applying django_apscheduler.0007_auto_20200717_1404... OK
  Applying django_apscheduler.0008_remove_djangojobexecution_started... OK
  Applying django_apscheduler.0009_djangojobexecution_unique_job_executions... OK
  Applying integration.0001_initial... OK
  Applying integration.0002_landing_analytics_event... OK
  Applying integration.0003_rename_landing_ana_event_d_becf14_idx_landing_ana_event_d_a6e96f_idx_and_more... OK
  Applying integration.0004_integrationapikey_last_used_at_and_more... OK
  Applying integration.0005_demorequest... OK
  Applying organizations.0004_tenantintegrationoutbox... OK
  Applying sessions.0001_initial... OK
  Applying token_blacklist.0001_initial... OK
  Applying token_blacklist.0002_outstandingtoken_jti_hex... OK
  Applying token_blacklist.0003_auto_20171017_2007... OK
  Applying token_blacklist.0004_auto_20171017_2013... OK
  Applying token_blacklist.0005_remove_outstandingtoken_jti... OK
  Applying token_blacklist.0006_auto_20171017_2113... OK
  Applying token_blacklist.0007_auto_20171017_2214... OK
  Applying token_blacklist.0008_migrate_to_bigautofield... OK
  Applying token_blacklist.0010_fix_migrate_to_bigautofield... OK
  Applying token_blacklist.0011_linearizes_history... OK
  Applying token_blacklist.0012_alter_outstandingtoken_user... OK
  Applying users.0002_twofactorauth_twofactorauthlog... OK
  Applying users.0003_remove_twofactorauth_backup_codes_and_more... OK
