[X]  organizations.0001_initial
[X]  contenttypes.0001_initial
[X]  contenttypes.0002_remove_content_type_name
[X]  auth.0001_initial
[X]  auth.0002_alter_permission_name_max_length
[X]  auth.0003_alter_user_email_max_length
[X]  auth.0004_alter_user_username_opts
[X]  auth.0005_alter_user_last_login_null
[X]  auth.0006_require_contenttypes_0002
[X]  auth.0007_alter_validators_add_error_messages
[X]  auth.0008_alter_user_username_max_length
[X]  auth.0009_alter_user_last_name_max_length
[X]  auth.0010_alter_group_name_max_length
[X]  auth.0011_update_proxy_permissions
[X]  auth.0012_alter_user_first_name_max_length
[X]  users.0001_initial
[X]  admin.0001_initial
[X]  admin.0002_logentry_remove_auto_add
[X]  admin.0003_logentry_add_action_flag_choices
[X]  subscriptions.0001_initial
[X]  subscriptions.0002_alter_plan_modules_included
[X]  products.0001_initial
[X]  organizations.0002_initial
[X]  organizations.0003_organizationfeatureflag
[X]  products.0002_productsystem_organizationproductentitlement
[X]  products.0003_productentitlementauditlog
[X]  billing.0001_initial
[X]  billing.0002_fiscalprofile_client_id_fiscalprofile_client_secret
[X]  billing.0003_paymentrecord_notes
[X]  billing.0004_recurringreportschedule
[X]  billing.0005_remove_fiscalprofile_certificate_pin_and_more
[X]  billing.0006_productcatalog_system_product
[X]  django_apscheduler.0001_initial
[X]  django_apscheduler.0002_auto_20180412_0758
[X]  django_apscheduler.0003_auto_20200716_1632
[X]  django_apscheduler.0004_auto_20200717_1043
[X]  django_apscheduler.0005_migrate_name_to_id
[X]  django_apscheduler.0006_remove_djangojob_name
[X]  django_apscheduler.0007_auto_20200717_1404
[X]  django_apscheduler.0008_remove_djangojobexecution_started
[X]  django_apscheduler.0009_djangojobexecution_unique_job_executions
[X]  integration.0001_initial
[X]  integration.0002_landing_analytics_event
[X]  integration.0003_rename_landing_ana_event_d_becf14_idx_landing_ana_event_d_a6e96f_idx_and_more
[X]  integration.0004_integrationapikey_last_used_at_and_more
[X]  integration.0005_demorequest
[X]  organizations.0004_tenantintegrationoutbox
[X]  sessions.0001_initial
[X]  token_blacklist.0001_initial
[X]  token_blacklist.0002_outstandingtoken_jti_hex
[X]  token_blacklist.0003_auto_20171017_2007
[X]  token_blacklist.0004_auto_20171017_2013
[X]  token_blacklist.0005_remove_outstandingtoken_jti
[X]  token_blacklist.0006_auto_20171017_2113
[X]  token_blacklist.0007_auto_20171017_2214
[X]  token_blacklist.0008_migrate_to_bigautofield
[X]  token_blacklist.0010_fix_migrate_to_bigautofield
[X]  token_blacklist.0011_linearizes_history
[X]  token_blacklist.0012_alter_outstandingtoken_user
[X]  users.0002_twofactorauth_twofactorauthlog
[X]  users.0003_remove_twofactorauth_backup_codes_and_more
