[X]  contenttypes.0001_initial
[X]  contenttypes.0002_remove_content_type_name
[X]  auth.0001_initial
[X]  auth.0002_alter_permission_name_max_length
[X]  auth.0003_alter_user_email_max_length
[X]  auth.0004_alter_user_username_opts
[X]  auth.0005_alter_user_last_login_null
[X]  auth.0006_require_contenttypes_0002
[X]  auth.0007_alter_validators_add_error_messages
[X]  auth.0008_alter_user_username_max_length
[X]  auth.0009_alter_user_last_name_max_length
[X]  auth.0010_alter_group_name_max_length
[X]  auth.0011_update_proxy_permissions
[X]  auth.0012_alter_user_first_name_max_length
[X]  authentication.0001_initial
[X]  admin.0001_initial
[X]  admin.0002_logentry_remove_auto_add
[X]  admin.0003_logentry_add_action_flag_choices
[X]  core.0001_initial
[X]  asb.0001_initial
[X]  asb.0002_scopedefinition_organization_id
[X]  asb.0003_scopedefinition_climate_readiness_score_and_more
[X]  core.0002_alter_document_file_path
[X]  core.0003_organization_userprofile_organizationsettings_and_more
[X]  authentication.0002_userprofile
[X]  authentication.0003_alter_user_first_name_alter_user_is_active_and_more
[X]  authentication.0004_refresh_token_hash
[X]  authentication.0005_password_reset_token
[X]  authentication.0006_user_login_lockout
[X]  authentication.0007_user_must_change_password
[X]  authentication.0008_user_password_history
[X]  authentication.0009_user_temporary_password_set_at
[X]  authentication.0010_alter_refreshtokenblacklist_token_hash
[X]  core.0004_delete_userprofile
[X]  core.0005_organization_external_id
[X]  core.0006_onboarding_and_multi_standard
[X]  core.0007_add_preferred_language_to_settings
[X]  core.0008_organizationsettings_preferred_language
[X]  core.0009_organizationsettings_onboarding_profile_and_tone
[X]  core.0010_onboardinginsightsnapshot
[X]  core.0011_billing_models
[X]  core.0012_billingpayment_evidence_fields
[X]  core.0013_contextanalysis_organization_document_organization_and_more
[X]  core.0014_backfill_and_enforce_organization_not_null
[X]  core.0015_notificationdelivery
[X]  core.0016_contextanalysis_climate_fields
[X]  core.0017_rename_notificatio_organiz_6e1f3f_idx_notificatio_organiz_a85fc0_idx_and_more
[X]  core.0018_externalcontextsignal_environmentalriskalert_and_more
[X]  core.0019_featureflag
[X]  foundation.0001_foundation_tenant_projection
[X]  foundation.0002_projection_organization_user_foundation
[X]  foundation.0003_eventing_immutable_audit_foundation
[X]  foundation.0004_qms_harmonized_context_foundation
[X]  foundation.0005_risk_opportunity_objective_foundation
[X]  foundation.0006_change_performance_measurement_foundation
[X]  foundation.0007_document_evidence_foundation
[X]  foundation.0008_evidence_coverage_normative_core_foundation
[X]  foundation.0009_knowledge_layer_foundation
[X]  foundation.0010_governed_recommendation_foundation
[X]  foundation.0011_agent_definition_run_provenance_foundation
[X]  foundation.0012_agent_decision_human_decision_gate_foundation
[X]  foundation.0013_action_execution_preparation_authorization_foundation
[X]  foundation.0014_action_execution_synthetic_foundation
[X]  foundation.0015_first_controlled_qms_mutation_poc
[X]  foundation.0016_controlled_execution_recovery_hardening
[X]  foundation.0017_effectiveness_check_foundation
[X]  foundation.0018_governed_learning_foundation
[X]  foundation.0019_learning_proposal_review_application_authorization_foundation
[X]  foundation.0020_exact_learning_delta_target_operation_contract
[X]  foundation.0021_first_governed_knowledge_rule_application_poc
[X]  foundation.0022_inert_rule_publication_activation_runtime_adoption
[X]  foundation.0023_retained_synthetic_source_reference_application
[X]  foundation.0024_adminapps_ingress_receipt
[X]  improvement.0001_initial
[X]  integration.0001_initial
[X]  integration.0002_add_document_chunks
[X]  leadership.0001_initial
[X]  leadership.0002_evidence_graph_management_review_approval_culture_aigovernance
[X]  operations.0001_initial
[X]  performance.0001_initial
[X]  planning.0001_initial
[X]  planning.0002_planning_governance_and_ai
[X]  planning.0003_rename_planning_pl_organiz_95d70d_idx_planning_pl_organiz_a1197e_idx_and_more
[X]  resources.0001_initial
[X]  sessions.0001_initial
[X]  sie.0001_initial
[X]  sie.0002_stakeholderprofile_is_critical
[X]  sie.0003_stakeholderprofile_organization_id
[X]  sie.0004_alter_stakeholderprofile_stakeholder_type
[X]  spm.0001_initial
[X]  spm.0002_processmap_organization_id
[X]  spm.0003_process_carbon_intensity_category_and_more
