WARNING 2026-09-28 19:47:56,240 log request_id=c95cdddf-72f0-4cd3-b993-50ef76f66305 Unauthorized: /health
[28/Sep/2026 19:47:56] "GET /health HTTP/1.1" 401 58
WARNING 2026-09-28 19:47:56,453 log request_id=1a7b987b-7aa5-48f7-bb7b-4881069fca3a Unauthorized: /health
[28/Sep/2026 19:47:56] "GET /health HTTP/1.1" 401 58
WARNING 2026-09-28 19:47:56,665 log request_id=181f67a9-a32a-4f3e-bf1a-5c5f1f1b9819 Unauthorized: /health
[28/Sep/2026 19:47:56] "GET /health HTTP/1.1" 401 58
WARNING 2026-09-28 19:47:56,871 log request_id=cb7dd899-6cf3-44a3-98fa-ef11504d4dc2 Unauthorized: /health
[28/Sep/2026 19:47:56] "GET /health HTTP/1.1" 401 58
WARNING 2026-09-28 19:47:57,077 log request_id=b9a64da0-f456-4051-9741-34c7ca1ac4e0 Unauthorized: /health
[28/Sep/2026 19:47:57] "GET /health HTTP/1.1" 401 58
WARNING 2026-09-28 19:47:57,438 log request_id=f1511cc7-d932-40bf-9c43-4087b8ec74dc Unauthorized: /health
[28/Sep/2026 19:47:57] "GET /health HTTP/1.1" 401 58
WARNING 2026-09-28 19:47:57,661 log request_id=5b5ab639-c4e5-4d6b-af3f-84e2da15e093 Unauthorized: /health
[28/Sep/2026 19:47:57] "GET /health HTTP/1.1" 401 58
WARNING 2026-09-28 19:47:57,873 log request_id=40324b0f-bbcb-43a6-9749-b5a8f21ea2b9 Unauthorized: /health
[28/Sep/2026 19:47:57] "GET /health HTTP/1.1" 401 58
WARNING 2026-09-28 19:47:58,082 log request_id=da6515e0-9013-4ad6-af7d-59a4cf860f68 Unauthorized: /health
[28/Sep/2026 19:47:58] "GET /health HTTP/1.1" 401 58
WARNING 2026-09-28 19:47:58,291 log request_id=71fc2f47-8109-415e-b3a3-f07657a4fdee Unauthorized: /health
[28/Sep/2026 19:47:58] "GET /health HTTP/1.1" 401 58
WARNING 2026-09-28 19:47:58,535 log request_id=c0fcd672-c260-425b-9727-6e495dc9e212 Unauthorized: /health
[28/Sep/2026 19:47:58] "GET /health HTTP/1.1" 401 58
WARNING 2026-09-28 19:47:58,746 log request_id=dfbd2162-e759-4598-b2d7-462c0976ed37 Unauthorized: /health
[28/Sep/2026 19:47:58] "GET /health HTTP/1.1" 401 58
WARNING 2026-09-28 19:47:58,955 log request_id=a67ef9ad-90f0-4135-9f60-91e51336de5e Unauthorized: /health
[28/Sep/2026 19:47:58] "GET /health HTTP/1.1" 401 58
WARNING 2026-09-28 19:47:59,164 log request_id=1cfad7cc-fb8a-46b9-9a85-2cdb772ae9f6 Unauthorized: /health
[28/Sep/2026 19:47:59] "GET /health HTTP/1.1" 401 58
WARNING 2026-09-28 19:47:59,374 log request_id=209e008f-0699-4fb0-816d-3b5c15b5af4a Unauthorized: /health
[28/Sep/2026 19:47:59] "GET /health HTTP/1.1" 401 58
WARNING 2026-09-28 19:47:59,582 log request_id=2f783f5b-5995-4468-a09b-b9907e20d9e5 Unauthorized: /health
[28/Sep/2026 19:47:59] "GET /health HTTP/1.1" 401 58
WARNING 2026-09-28 19:47:59,793 log request_id=567ce02e-c400-4a3a-98d0-94920026e741 Unauthorized: /health
[28/Sep/2026 19:47:59] "GET /health HTTP/1.1" 401 58
WARNING 2026-09-28 19:48:00,003 log request_id=0320acf4-019a-4209-81e8-8f9cec787dad Unauthorized: /health
[28/Sep/2026 19:48:00] "GET /health HTTP/1.1" 401 58
WARNING 2026-09-28 19:48:00,220 log request_id=a6b00821-ac0b-45a6-87b7-1327e5881827 Unauthorized: /health
[28/Sep/2026 19:48:00] "GET /health HTTP/1.1" 401 58
WARNING 2026-09-28 19:48:00,431 log request_id=83ac8677-1b95-4016-834b-0eec3e9a0a34 Unauthorized: /health
[28/Sep/2026 19:48:00] "GET /health HTTP/1.1" 401 58
WARNING 2026-09-28 19:48:00,646 log request_id=5ba6eb26-6d7f-4e0c-b232-4f83c8ed07f7 Unauthorized: /health
[28/Sep/2026 19:48:00] "GET /health HTTP/1.1" 401 58
WARNING 2026-09-28 19:48:00,856 log request_id=edace00d-6627-4919-bfac-e1f4a067ef2f Unauthorized: /health
[28/Sep/2026 19:48:00] "GET /health HTTP/1.1" 401 58
WARNING 2026-09-28 19:48:01,072 log request_id=d3544dac-4a12-4a6a-a6a7-6c556b901f7c Unauthorized: /health
[28/Sep/2026 19:48:01] "GET /health HTTP/1.1" 401 58
WARNING 2026-09-28 19:48:01,286 log request_id=9e2fea0d-c67b-4575-8427-e6f1abb83e55 Unauthorized: /health
[28/Sep/2026 19:48:01] "GET /health HTTP/1.1" 401 58
WARNING 2026-09-28 19:48:01,499 log request_id=bf20a554-6186-437e-943e-a7d06f4b9221 Unauthorized: /health
[28/Sep/2026 19:48:01] "GET /health HTTP/1.1" 401 58
WARNING 2026-09-28 19:48:01,709 log request_id=0c48fbc2-d841-4d46-a0cb-d3aadc611058 Unauthorized: /health
[28/Sep/2026 19:48:01] "GET /health HTTP/1.1" 401 58
WARNING 2026-09-28 19:48:01,923 log request_id=8d49836d-4a80-41c9-9de1-95a25bf9295d Unauthorized: /health
[28/Sep/2026 19:48:01] "GET /health HTTP/1.1" 401 58
WARNING 2026-09-28 19:48:02,137 log request_id=cc0c2a64-1148-492f-8456-7913af2f9e03 Unauthorized: /health
[28/Sep/2026 19:48:02] "GET /health HTTP/1.1" 401 58
WARNING 2026-09-28 19:48:02,346 log request_id=0f9c6d8f-a8b7-41b9-b333-08d8dc5c2c50 Unauthorized: /health
[28/Sep/2026 19:48:02] "GET /health HTTP/1.1" 401 58
WARNING 2026-09-28 19:48:02,561 log request_id=cbb57103-3130-477b-9455-0c1399963952 Unauthorized: /health
[28/Sep/2026 19:48:02] "GET /health HTTP/1.1" 401 58
WARNING 2026-09-28 19:48:02,769 log request_id=4b7bd1ac-7540-4f01-97b3-66e307fc9a6a Unauthorized: /health
[28/Sep/2026 19:48:02] "GET /health HTTP/1.1" 401 58
WARNING 2026-09-28 19:48:03,026 log request_id=8f2f252d-0da5-4a25-8366-a8b13afedfdd Unauthorized: /health
[28/Sep/2026 19:48:03] "GET /health HTTP/1.1" 401 58
WARNING 2026-09-28 19:48:03,231 log request_id=90141b08-c39b-4cd3-869b-f1627ffcdfd3 Unauthorized: /health
[28/Sep/2026 19:48:03] "GET /health HTTP/1.1" 401 58
WARNING 2026-09-28 19:48:03,534 log request_id=de147195-8003-403a-8ead-87045634ac7f Unauthorized: /health
[28/Sep/2026 19:48:03] "GET /health HTTP/1.1" 401 58
WARNING 2026-09-28 19:48:03,777 log request_id=505bfe58-b153-4a22-99f2-de5f04987786 Unauthorized: /health
[28/Sep/2026 19:48:03] "GET /health HTTP/1.1" 401 58
WARNING 2026-09-28 19:48:03,989 log request_id=ca90bf5f-0000-4dfc-b19f-3d96a6ad807e Unauthorized: /health
[28/Sep/2026 19:48:03] "GET /health HTTP/1.1" 401 58
WARNING 2026-09-28 19:48:04,198 log request_id=b3c03ce6-2c2b-482f-87bc-28dffeb14aca Unauthorized: /health
[28/Sep/2026 19:48:04] "GET /health HTTP/1.1" 401 58
WARNING 2026-09-28 19:48:04,410 log request_id=0ad70be7-ed78-48c2-9254-ad43d45f7e9f Unauthorized: /health
[28/Sep/2026 19:48:04] "GET /health HTTP/1.1" 401 58
WARNING 2026-09-28 19:48:04,636 log request_id=d2913474-6349-4550-ba32-e9493de30a81 Unauthorized: /health
[28/Sep/2026 19:48:04] "GET /health HTTP/1.1" 401 58
WARNING 2026-09-28 19:48:04,847 log request_id=f030ae43-5ba7-497e-9b6e-7298222df0b6 Unauthorized: /health
[28/Sep/2026 19:48:04] "GET /health HTTP/1.1" 401 58
WARNING 2026-09-28 19:48:05,055 log request_id=fc162eb1-7638-4786-9c05-525092772db9 Unauthorized: /health
[28/Sep/2026 19:48:05] "GET /health HTTP/1.1" 401 58
WARNING 2026-09-28 19:48:05,264 log request_id=50a4e433-9a2d-4a19-9c48-bc87106fc1b4 Unauthorized: /health
[28/Sep/2026 19:48:05] "GET /health HTTP/1.1" 401 58
WARNING 2026-09-28 19:48:05,471 log request_id=49273c3f-27b1-4e3e-ac39-530985c3b034 Unauthorized: /health
[28/Sep/2026 19:48:05] "GET /health HTTP/1.1" 401 58
WARNING 2026-09-28 19:48:05,683 log request_id=865c4dbb-6e32-469a-bc7e-9ad9b99e7894 Unauthorized: /health
[28/Sep/2026 19:48:05] "GET /health HTTP/1.1" 401 58
WARNING 2026-09-28 19:48:05,890 log request_id=151e9a01-1818-454f-9a2f-218e4b2865cf Unauthorized: /health
[28/Sep/2026 19:48:05] "GET /health HTTP/1.1" 401 58
WARNING 2026-09-28 19:48:06,103 log request_id=f2fba396-9d82-492f-afeb-d0ebf4489ec3 Unauthorized: /health
[28/Sep/2026 19:48:06] "GET /health HTTP/1.1" 401 58
WARNING 2026-09-28 19:48:06,312 log request_id=8b1c94d0-2686-45d6-9184-4ad2b37c1646 Unauthorized: /health
[28/Sep/2026 19:48:06] "GET /health HTTP/1.1" 401 58
WARNING 2026-09-28 19:48:06,521 log request_id=654ab626-39b0-4e5c-8fd4-82344d8d068d Unauthorized: /health
[28/Sep/2026 19:48:06] "GET /health HTTP/1.1" 401 58
WARNING 2026-09-28 19:48:06,729 log request_id=799d2504-4794-4df8-bbf7-6132639d7c1b Unauthorized: /health
[28/Sep/2026 19:48:06] "GET /health HTTP/1.1" 401 58
WARNING 2026-09-28 19:48:06,937 log request_id=1bbe912c-4669-430e-98ba-b7d1935054f9 Unauthorized: /health
[28/Sep/2026 19:48:06] "GET /health HTTP/1.1" 401 58
WARNING 2026-09-28 19:48:07,147 log request_id=f2c849a8-00d4-45cd-acff-1126b956df44 Unauthorized: /health
[28/Sep/2026 19:48:07] "GET /health HTTP/1.1" 401 58
WARNING 2026-09-28 19:48:07,358 log request_id=7acbc292-0ac4-4893-ba8a-cec403c6cae9 Unauthorized: /health
[28/Sep/2026 19:48:07] "GET /health HTTP/1.1" 401 58
WARNING 2026-09-28 19:48:07,583 log request_id=d231b161-4688-41ff-ad6a-9a5fbcde12f7 Unauthorized: /health
[28/Sep/2026 19:48:07] "GET /health HTTP/1.1" 401 58
WARNING 2026-09-28 19:48:07,803 log request_id=1f924568-933f-4d87-87f4-08b5432f9078 Unauthorized: /health
[28/Sep/2026 19:48:07] "GET /health HTTP/1.1" 401 58
WARNING 2026-09-28 19:48:08,021 log request_id=d47efcec-6559-460d-b03e-c84120b53b7c Unauthorized: /health
[28/Sep/2026 19:48:08] "GET /health HTTP/1.1" 401 58
WARNING 2026-09-28 19:48:08,231 log request_id=ed1ddc7a-b951-4444-8e9b-d6e7c8dd9528 Unauthorized: /health
[28/Sep/2026 19:48:08] "GET /health HTTP/1.1" 401 58
WARNING 2026-09-28 19:48:08,440 log request_id=45d94b12-6bb3-44e9-9b07-19aca167185a Unauthorized: /health
[28/Sep/2026 19:48:08] "GET /health HTTP/1.1" 401 58
WARNING 2026-09-28 19:48:08,653 log request_id=0dfca8e2-717a-4753-85ef-d218dc4913fa Unauthorized: /health
[28/Sep/2026 19:48:08] "GET /health HTTP/1.1" 401 58
WARNING 2026-09-28 19:48:08,863 log request_id=0a8e2f6e-95fd-4dee-a33f-435379ecd0db Unauthorized: /health
[28/Sep/2026 19:48:08] "GET /health HTTP/1.1" 401 58
WARNING 2026-09-28 19:48:09,080 log request_id=5a19d4ec-5c44-456f-b977-c799c9f3bf98 Unauthorized: /health
[28/Sep/2026 19:48:09] "GET /health HTTP/1.1" 401 58
WARNING 2026-09-28 19:48:09,288 log request_id=d18562ae-b348-4a94-a187-5ec2f17f9303 Unauthorized: /health
[28/Sep/2026 19:48:09] "GET /health HTTP/1.1" 401 58
WARNING 2026-09-28 19:48:09,497 log request_id=9b5093b8-78ce-46b8-a6a8-da4bea0c6117 Unauthorized: /health
[28/Sep/2026 19:48:09] "GET /health HTTP/1.1" 401 58
WARNING 2026-09-28 19:48:09,702 log request_id=aa1cdcd4-c063-47cb-93eb-2c8b1ed3b1d3 Unauthorized: /health
[28/Sep/2026 19:48:09] "GET /health HTTP/1.1" 401 58
WARNING 2026-09-28 19:48:10,152 log request_id=a6b0b9b9-fcd7-4c61-9fce-ba44f61c2144 Unauthorized: /health
[28/Sep/2026 19:48:10] "GET /health HTTP/1.1" 401 58
WARNING 2026-09-28 19:48:10,361 log request_id=9ec6a2ea-fc23-40b3-b93d-0a9ab4c6d66f Unauthorized: /health
[28/Sep/2026 19:48:10] "GET /health HTTP/1.1" 401 58
WARNING 2026-09-28 19:48:10,585 log request_id=68811ad8-c4e3-47e5-b16d-08aa2e9567d7 Unauthorized: /health
[28/Sep/2026 19:48:10] "GET /health HTTP/1.1" 401 58
WARNING 2026-09-28 19:48:10,805 log request_id=e965b3ca-37a6-4c08-8752-a8216db7d114 Unauthorized: /health
[28/Sep/2026 19:48:10] "GET /health HTTP/1.1" 401 58
WARNING 2026-09-28 19:48:11,014 log request_id=d5187588-7f07-4fe5-9c0a-ed00a12e033d Unauthorized: /health
[28/Sep/2026 19:48:11] "GET /health HTTP/1.1" 401 58
WARNING 2026-09-28 19:48:11,223 log request_id=4fd7e1f8-5dea-4cb7-8d2a-54ae66dbd73d Unauthorized: /health
[28/Sep/2026 19:48:11] "GET /health HTTP/1.1" 401 58
WARNING 2026-09-28 19:48:11,431 log request_id=b12250b1-3fc1-4e35-8fc7-ac75b4b4f02c Unauthorized: /health
[28/Sep/2026 19:48:11] "GET /health HTTP/1.1" 401 58
WARNING 2026-09-28 19:48:11,639 log request_id=ca8e7e9f-6eb8-446a-b588-0702ba0dc604 Unauthorized: /health
[28/Sep/2026 19:48:11] "GET /health HTTP/1.1" 401 58
WARNING 2026-09-28 19:48:11,845 log request_id=cd26079c-8fcd-43fc-a3b8-67a9b3f19af8 Unauthorized: /health
[28/Sep/2026 19:48:11] "GET /health HTTP/1.1" 401 58
WARNING 2026-09-28 19:48:12,053 log request_id=3b8fac01-cf44-41ed-8ed1-cece98cf682f Unauthorized: /health
[28/Sep/2026 19:48:12] "GET /health HTTP/1.1" 401 58
WARNING 2026-09-28 19:48:12,261 log request_id=2628c664-16f6-4f03-a61d-c5dbc68f3da4 Unauthorized: /health
[28/Sep/2026 19:48:12] "GET /health HTTP/1.1" 401 58
WARNING 2026-09-28 19:48:12,470 log request_id=a2323098-5158-4c32-b731-660fd4cf225f Unauthorized: /health
[28/Sep/2026 19:48:12] "GET /health HTTP/1.1" 401 58
WARNING 2026-09-28 19:48:12,679 log request_id=69dca940-5558-4867-9be3-64a74140a626 Unauthorized: /health
[28/Sep/2026 19:48:12] "GET /health HTTP/1.1" 401 58
WARNING 2026-09-28 19:48:12,927 log request_id=5c0ddd51-3a79-4b02-af1b-e7ed915bd1c6 Unauthorized: /health
[28/Sep/2026 19:48:12] "GET /health HTTP/1.1" 401 58
WARNING 2026-09-28 19:48:13,136 log request_id=bd2ffc90-af66-48a8-a890-7d723cf96a00 Unauthorized: /health
[28/Sep/2026 19:48:13] "GET /health HTTP/1.1" 401 58
WARNING 2026-09-28 19:48:13,345 log request_id=d5a55cc1-a16b-437a-ad1d-f6a3584866b3 Unauthorized: /health
[28/Sep/2026 19:48:13] "GET /health HTTP/1.1" 401 58
WARNING 2026-09-28 19:48:13,554 log request_id=446f7758-704d-4edc-94f5-a993f5129969 Unauthorized: /health
[28/Sep/2026 19:48:13] "GET /health HTTP/1.1" 401 58
WARNING 2026-09-28 19:48:13,765 log request_id=651cfd07-3a8d-4fcd-9148-e874f277e52e Unauthorized: /health
[28/Sep/2026 19:48:13] "GET /health HTTP/1.1" 401 58
WARNING 2026-09-28 19:48:13,973 log request_id=ce0e40d3-278a-4133-aa53-67231e7b13f5 Unauthorized: /health
[28/Sep/2026 19:48:13] "GET /health HTTP/1.1" 401 58
WARNING 2026-09-28 19:48:14,182 log request_id=c57790b4-aa84-46cd-88eb-72a16b84ba33 Unauthorized: /health
[28/Sep/2026 19:48:14] "GET /health HTTP/1.1" 401 58
WARNING 2026-09-28 19:48:14,391 log request_id=7070b2bc-6176-4f75-9aaa-96b1ec62928c Unauthorized: /health
[28/Sep/2026 19:48:14] "GET /health HTTP/1.1" 401 58
WARNING 2026-09-28 19:48:14,599 log request_id=dd3642fe-4046-442a-ae6a-ba640d7c17d1 Unauthorized: /health
[28/Sep/2026 19:48:14] "GET /health HTTP/1.1" 401 58
WARNING 2026-09-28 19:48:14,808 log request_id=76f2df5c-2d3f-4e3d-83fd-daa7a0bda89d Unauthorized: /health
[28/Sep/2026 19:48:14] "GET /health HTTP/1.1" 401 58
WARNING 2026-09-28 19:48:15,018 log request_id=06500c45-a43a-42a4-9a99-85d1d5bfeba9 Unauthorized: /health
[28/Sep/2026 19:48:15] "GET /health HTTP/1.1" 401 58
WARNING 2026-09-28 19:48:15,229 log request_id=4cacd407-9c60-44a8-94ad-20cea696a8f4 Unauthorized: /health
[28/Sep/2026 19:48:15] "GET /health HTTP/1.1" 401 58
WARNING 2026-09-28 19:48:15,439 log request_id=30e72969-407f-4cdc-a80f-a6dbbffc6749 Unauthorized: /health
[28/Sep/2026 19:48:15] "GET /health HTTP/1.1" 401 58
WARNING 2026-09-28 19:48:15,654 log request_id=15217de9-e573-425d-8d30-57b3c773e8e6 Unauthorized: /health
[28/Sep/2026 19:48:15] "GET /health HTTP/1.1" 401 58
WARNING 2026-09-28 19:48:15,912 log request_id=02045b98-0267-4894-9648-00cd7235be32 Unauthorized: /health
[28/Sep/2026 19:48:15] "GET /health HTTP/1.1" 401 58
WARNING 2026-09-28 19:48:16,154 log request_id=94162bc4-d936-4ded-94c1-846f5854f4ce Unauthorized: /health
[28/Sep/2026 19:48:16] "GET /health HTTP/1.1" 401 58
WARNING 2026-09-28 19:48:16,519 log request_id=38a3d025-d1ab-4e77-b498-f7e2486ea636 Unauthorized: /health
[28/Sep/2026 19:48:16] "GET /health HTTP/1.1" 401 58
WARNING 2026-09-28 19:48:16,766 log request_id=3dd372ac-b7a2-4875-a3c1-0d98458fa815 Unauthorized: /health
[28/Sep/2026 19:48:16] "GET /health HTTP/1.1" 401 58
WARNING 2026-09-28 19:48:16,975 log request_id=77dda189-b978-4502-940f-45e47d047825 Unauthorized: /health
[28/Sep/2026 19:48:16] "GET /health HTTP/1.1" 401 58
WARNING 2026-09-28 19:48:17,184 log request_id=37054f8b-7455-4691-b1e8-ccf6b05aa046 Unauthorized: /health
[28/Sep/2026 19:48:17] "GET /health HTTP/1.1" 401 58
WARNING 2026-09-28 19:48:17,401 log request_id=9bba5391-9dd9-4ebd-82f7-39c454f7fe20 Unauthorized: /health
[28/Sep/2026 19:48:17] "GET /health HTTP/1.1" 401 58
WARNING 2026-09-28 19:48:17,608 log request_id=0217bb1c-59e6-474b-90b9-fbc251384562 Unauthorized: /health
[28/Sep/2026 19:48:17] "GET /health HTTP/1.1" 401 58
WARNING 2026-09-28 19:48:17,817 log request_id=d8612086-f016-4791-b67d-84889cbd6ba5 Unauthorized: /health
[28/Sep/2026 19:48:17] "GET /health HTTP/1.1" 401 58
WARNING 2026-09-28 19:48:18,026 log request_id=d85caff9-24f5-44a5-8767-052bf0fecf3f Unauthorized: /health
[28/Sep/2026 19:48:18] "GET /health HTTP/1.1" 401 58
WARNING 2026-09-28 19:48:18,236 log request_id=8df2944d-837f-4e3a-b83f-e02b83418103 Unauthorized: /health
[28/Sep/2026 19:48:18] "GET /health HTTP/1.1" 401 58
WARNING 2026-09-28 19:48:18,444 log request_id=5b5b07de-7854-48db-9e59-c3294da9a399 Unauthorized: /health
[28/Sep/2026 19:48:18] "GET /health HTTP/1.1" 401 58
WARNING 2026-09-28 19:48:18,655 log request_id=ea91fe91-3bb4-42d6-99df-9d558e01184b Unauthorized: /health
[28/Sep/2026 19:48:18] "GET /health HTTP/1.1" 401 58
WARNING 2026-09-28 19:48:18,879 log request_id=66d14b0e-c0d1-431e-9f2b-630c9cfa0091 Unauthorized: /health
[28/Sep/2026 19:48:18] "GET /health HTTP/1.1" 401 58
WARNING 2026-09-28 19:48:19,087 log request_id=8732aa7e-d76c-4fb6-8745-736212dbed93 Unauthorized: /health
[28/Sep/2026 19:48:19] "GET /health HTTP/1.1" 401 58
WARNING 2026-09-28 19:48:19,305 log request_id=34ed56de-5717-4291-9a3e-1413bb692f0b Unauthorized: /health
[28/Sep/2026 19:48:19] "GET /health HTTP/1.1" 401 58
WARNING 2026-09-28 19:48:19,524 log request_id=7c1ca8d4-02f5-4499-a5e8-67b3ca1420de Unauthorized: /health
[28/Sep/2026 19:48:19] "GET /health HTTP/1.1" 401 58
WARNING 2026-09-28 19:48:19,733 log request_id=9a2283df-5076-4a02-ad45-22e1cda35cc5 Unauthorized: /health
[28/Sep/2026 19:48:19] "GET /health HTTP/1.1" 401 58
WARNING 2026-09-28 19:48:19,946 log request_id=38129d40-ece2-4fac-a02f-dfd17389663b Unauthorized: /health
[28/Sep/2026 19:48:19] "GET /health HTTP/1.1" 401 58
WARNING 2026-09-28 19:48:20,158 log request_id=90d0bd53-0f02-4550-bb3d-caaed6dda953 Unauthorized: /health
[28/Sep/2026 19:48:20] "GET /health HTTP/1.1" 401 58
WARNING 2026-09-28 19:48:20,367 log request_id=98d945c3-138a-48cd-912e-05a53282b05d Unauthorized: /health
[28/Sep/2026 19:48:20] "GET /health HTTP/1.1" 401 58
WARNING 2026-09-28 19:48:20,576 log request_id=f5c80263-ad3a-4a40-b236-8ed1a38531f1 Unauthorized: /health
[28/Sep/2026 19:48:20] "GET /health HTTP/1.1" 401 58
WARNING 2026-09-28 19:48:20,784 log request_id=ec4cbd5a-84da-4037-b473-6b1406665da7 Unauthorized: /health
[28/Sep/2026 19:48:20] "GET /health HTTP/1.1" 401 58
WARNING 2026-09-28 19:48:20,992 log request_id=53ee9c21-8d6f-40ef-9913-2acba3aca9e4 Unauthorized: /health
[28/Sep/2026 19:48:20] "GET /health HTTP/1.1" 401 58
WARNING 2026-09-28 19:48:21,202 log request_id=21695d60-c9c5-49f3-b91b-521c46ee6613 Unauthorized: /health
[28/Sep/2026 19:48:21] "GET /health HTTP/1.1" 401 58
WARNING 2026-09-28 19:48:21,412 log request_id=d1d76b1e-0f95-48ba-91a1-796444c0b136 Unauthorized: /health
[28/Sep/2026 19:48:21] "GET /health HTTP/1.1" 401 58
WARNING 2026-09-28 19:48:21,619 log request_id=3ea20b45-1a5f-44ca-9cf9-8d3016a7ff8b Unauthorized: /health
[28/Sep/2026 19:48:21] "GET /health HTTP/1.1" 401 58
WARNING 2026-09-28 19:48:21,829 log request_id=5cdfc021-7ed6-46a7-b594-8f1ea17c64aa Unauthorized: /health
[28/Sep/2026 19:48:21] "GET /health HTTP/1.1" 401 58
WARNING 2026-09-28 19:48:22,037 log request_id=82e1e469-60a9-4640-bc00-2554765a1341 Unauthorized: /health
[28/Sep/2026 19:48:22] "GET /health HTTP/1.1" 401 58
WARNING 2026-09-28 19:48:22,245 log request_id=d4d3f542-c394-47c1-adef-bc44cd58e0f9 Unauthorized: /health
[28/Sep/2026 19:48:22] "GET /health HTTP/1.1" 401 58
WARNING 2026-09-28 19:48:22,825 log request_id=290097bc-ed1f-471c-bb75-2880b151ad3a Unauthorized: /health
[28/Sep/2026 19:48:22] "GET /health HTTP/1.1" 401 58
WARNING 2026-09-28 19:48:23,097 log request_id=1967062a-5117-4076-8aa2-5e60716ca145 Unauthorized: /health
[28/Sep/2026 19:48:23] "GET /health HTTP/1.1" 401 58
WARNING 2026-09-28 19:48:23,318 log request_id=8b172587-2ba6-4f6b-8c88-659bb3e6cdef Unauthorized: /health
[28/Sep/2026 19:48:23] "GET /health HTTP/1.1" 401 58
WARNING 2026-09-28 19:48:23,530 log request_id=6904984f-7532-4a7f-b7d3-40381e6a0b59 Unauthorized: /health
[28/Sep/2026 19:48:23] "GET /health HTTP/1.1" 401 58
WARNING 2026-09-28 19:48:23,737 log request_id=e6cedb30-47cd-4260-9d1d-f8c5cea1bde1 Unauthorized: /health
[28/Sep/2026 19:48:23] "GET /health HTTP/1.1" 401 58
WARNING 2026-09-28 19:48:23,951 log request_id=554f41f4-faef-4fa8-9c6e-8c10b9ebf7db Unauthorized: /health
[28/Sep/2026 19:48:23] "GET /health HTTP/1.1" 401 58
WARNING 2026-09-28 19:48:24,168 log request_id=aa1fb69c-bbbb-4d92-9c00-19589b3d8578 Unauthorized: /health
[28/Sep/2026 19:48:24] "GET /health HTTP/1.1" 401 58
WARNING 2026-09-28 19:48:24,381 log request_id=3d549706-a4c5-42a6-a52d-1f434d17caf6 Unauthorized: /health
[28/Sep/2026 19:48:24] "GET /health HTTP/1.1" 401 58
WARNING 2026-09-28 19:48:24,595 log request_id=619a5ab2-937d-4bbd-8df1-837963a5c1f7 Unauthorized: /health
[28/Sep/2026 19:48:24] "GET /health HTTP/1.1" 401 58
WARNING 2026-09-28 19:48:24,804 log request_id=38810bce-00be-4608-9879-98b482000843 Unauthorized: /health
[28/Sep/2026 19:48:24] "GET /health HTTP/1.1" 401 58
WARNING 2026-09-28 19:48:25,013 log request_id=b7896435-9449-47e2-97d9-8afd5f09237d Unauthorized: /health
[28/Sep/2026 19:48:25] "GET /health HTTP/1.1" 401 58
WARNING 2026-09-28 19:48:25,221 log request_id=f5406ca3-7033-4126-84b8-bac41b9e9899 Unauthorized: /health
[28/Sep/2026 19:48:25] "GET /health HTTP/1.1" 401 58
WARNING 2026-09-28 19:48:25,431 log request_id=b11a56bb-c871-47fe-9e28-df09388d6ad9 Unauthorized: /health
[28/Sep/2026 19:48:25] "GET /health HTTP/1.1" 401 58
WARNING 2026-09-28 19:48:25,642 log request_id=23a816bc-304e-4e6d-b81e-83c5f7a5a62b Unauthorized: /health
[28/Sep/2026 19:48:25] "GET /health HTTP/1.1" 401 58
WARNING 2026-09-28 19:48:25,849 log request_id=184b0372-fdc2-4501-8ee5-195dedca8adc Unauthorized: /health
[28/Sep/2026 19:48:25] "GET /health HTTP/1.1" 401 58
WARNING 2026-09-28 19:48:26,067 log request_id=5e087ea3-0397-4782-94a5-f45951b75ad8 Unauthorized: /health
[28/Sep/2026 19:48:26] "GET /health HTTP/1.1" 401 58
WARNING 2026-09-28 19:48:26,295 log request_id=05a05dbc-1fcd-47c4-a3d6-f9187fd47900 Unauthorized: /health
[28/Sep/2026 19:48:26] "GET /health HTTP/1.1" 401 58
WARNING 2026-09-28 19:48:26,502 log request_id=9ba1acf6-1421-44f6-947f-0aedcecb4cd7 Unauthorized: /health
[28/Sep/2026 19:48:26] "GET /health HTTP/1.1" 401 58
WARNING 2026-09-28 19:48:26,713 log request_id=243330e0-3721-45a7-be0d-686edf5f43dc Unauthorized: /health
[28/Sep/2026 19:48:26] "GET /health HTTP/1.1" 401 58
WARNING 2026-09-28 19:48:26,924 log request_id=a8067608-9efa-4a15-bacd-5289626e0dc9 Unauthorized: /health
[28/Sep/2026 19:48:26] "GET /health HTTP/1.1" 401 58
WARNING 2026-09-28 19:48:27,132 log request_id=6c91ccdd-e01b-4ae1-926b-e62c4eeacbed Unauthorized: /health
[28/Sep/2026 19:48:27] "GET /health HTTP/1.1" 401 58
WARNING 2026-09-28 19:48:27,344 log request_id=a1add191-bdb4-46e8-b1cd-f97aa44f1d17 Unauthorized: /health
[28/Sep/2026 19:48:27] "GET /health HTTP/1.1" 401 58
WARNING 2026-09-28 19:48:27,553 log request_id=9de30357-173e-484f-8a4d-6b7f237d3fd1 Unauthorized: /health
[28/Sep/2026 19:48:27] "GET /health HTTP/1.1" 401 58
WARNING 2026-09-28 19:48:27,765 log request_id=94ec15d2-01ec-4af1-8b1a-fb1a93b237e3 Unauthorized: /health
[28/Sep/2026 19:48:27] "GET /health HTTP/1.1" 401 58
WARNING 2026-09-28 19:48:27,975 log request_id=ee724200-b643-4442-aa67-780aef573db4 Unauthorized: /health
[28/Sep/2026 19:48:27] "GET /health HTTP/1.1" 401 58
WARNING 2026-09-28 19:48:28,185 log request_id=710d6182-5e75-401d-ab47-ff604adfcd21 Unauthorized: /health
[28/Sep/2026 19:48:28] "GET /health HTTP/1.1" 401 58
WARNING 2026-09-28 19:48:28,398 log request_id=86438796-4430-424a-a57a-707ede1cf7fe Unauthorized: /health
[28/Sep/2026 19:48:28] "GET /health HTTP/1.1" 401 58
WARNING 2026-09-28 19:48:28,610 log request_id=d7b4670f-8016-4faa-a2e5-4ac083313851 Unauthorized: /health
[28/Sep/2026 19:48:28] "GET /health HTTP/1.1" 401 58
WARNING 2026-09-28 19:48:28,890 log request_id=bf84142a-dc48-4ed1-bfa4-456b78b01332 Unauthorized: /health
[28/Sep/2026 19:48:28] "GET /health HTTP/1.1" 401 58
WARNING 2026-09-28 19:48:29,119 log request_id=f82bede0-95ec-4dc4-8d0c-12966197863c Unauthorized: /health
[28/Sep/2026 19:48:29] "GET /health HTTP/1.1" 401 58
WARNING 2026-09-28 19:48:29,494 log request_id=9ad788ce-7956-455c-926d-aa5ac8f4233f Unauthorized: /health
[28/Sep/2026 19:48:29] "GET /health HTTP/1.1" 401 58
WARNING 2026-09-28 19:48:29,815 log request_id=a45fe671-2b94-43b1-b39d-e914d38c4f07 Unauthorized: /health
[28/Sep/2026 19:48:29] "GET /health HTTP/1.1" 401 58
WARNING 2026-09-28 19:48:30,022 log request_id=e4336ece-05d1-4325-9004-47ec89ac9b98 Unauthorized: /health
[28/Sep/2026 19:48:30] "GET /health HTTP/1.1" 401 58
WARNING 2026-09-28 19:48:30,232 log request_id=e59e9a46-0127-4a17-a965-f33efa40e383 Unauthorized: /health
[28/Sep/2026 19:48:30] "GET /health HTTP/1.1" 401 58
WARNING 2026-09-28 19:48:30,443 log request_id=0ca3c0ab-f299-420f-b2bc-cbdd12ab7359 Unauthorized: /health
[28/Sep/2026 19:48:30] "GET /health HTTP/1.1" 401 58
WARNING 2026-09-28 19:48:30,650 log request_id=a7991540-52fb-4b5e-90df-d5e19d9899e9 Unauthorized: /health
[28/Sep/2026 19:48:30] "GET /health HTTP/1.1" 401 58
WARNING 2026-09-28 19:48:30,864 log request_id=88128775-5264-4181-b58c-e11b22a763b7 Unauthorized: /health
[28/Sep/2026 19:48:30] "GET /health HTTP/1.1" 401 58
WARNING 2026-09-28 19:48:31,075 log request_id=41fc5e89-24e7-4af0-b18f-8b55925d99e2 Unauthorized: /health
[28/Sep/2026 19:48:31] "GET /health HTTP/1.1" 401 58
WARNING 2026-09-28 19:48:31,285 log request_id=4521d347-c264-47b2-9c1a-6d1d14ac4232 Unauthorized: /health
[28/Sep/2026 19:48:31] "GET /health HTTP/1.1" 401 58
WARNING 2026-09-28 19:48:31,492 log request_id=ff6b4b49-8f53-444e-b201-2b1863cda861 Unauthorized: /health
[28/Sep/2026 19:48:31] "GET /health HTTP/1.1" 401 58
WARNING 2026-09-28 19:48:31,701 log request_id=72e46818-b0a0-40b1-b2c1-01481564527c Unauthorized: /health
[28/Sep/2026 19:48:31] "GET /health HTTP/1.1" 401 58
WARNING 2026-09-28 19:48:31,909 log request_id=6c999c3c-a20e-4ace-be8c-2e949c10435c Unauthorized: /health
[28/Sep/2026 19:48:31] "GET /health HTTP/1.1" 401 58
WARNING 2026-09-28 19:48:32,118 log request_id=50537753-714e-4573-8ca8-043662f12157 Unauthorized: /health
[28/Sep/2026 19:48:32] "GET /health HTTP/1.1" 401 58
WARNING 2026-09-28 19:48:32,327 log request_id=adf965f9-315f-494e-ae5a-c7cd1b4f8c0a Unauthorized: /health
[28/Sep/2026 19:48:32] "GET /health HTTP/1.1" 401 58
WARNING 2026-09-28 19:48:32,537 log request_id=65fb5eab-4c13-4247-b8e3-b440331de22e Unauthorized: /health
[28/Sep/2026 19:48:32] "GET /health HTTP/1.1" 401 58
WARNING 2026-09-28 19:48:32,745 log request_id=57d256b6-af01-45f6-a0ae-c6e11fe907b1 Unauthorized: /health
[28/Sep/2026 19:48:32] "GET /health HTTP/1.1" 401 58
WARNING 2026-09-28 19:48:32,952 log request_id=0ba05618-31d7-46ae-a833-f1d5d6ff939a Unauthorized: /health
[28/Sep/2026 19:48:32] "GET /health HTTP/1.1" 401 58
WARNING 2026-09-28 19:48:33,161 log request_id=b951f5c9-46ab-4f89-bbd4-c227117d6918 Unauthorized: /health
[28/Sep/2026 19:48:33] "GET /health HTTP/1.1" 401 58
WARNING 2026-09-28 19:48:33,371 log request_id=738d70c4-b863-44ee-9a34-e6ad94f3fb30 Unauthorized: /health
[28/Sep/2026 19:48:33] "GET /health HTTP/1.1" 401 58
WARNING 2026-09-28 19:48:33,582 log request_id=a6d8e0ba-e669-475f-991c-4141bde74db0 Unauthorized: /health
[28/Sep/2026 19:48:33] "GET /health HTTP/1.1" 401 58
WARNING 2026-09-28 19:48:33,794 log request_id=7cebcad5-cb66-4252-bfb4-826f75b07215 Unauthorized: /health
[28/Sep/2026 19:48:33] "GET /health HTTP/1.1" 401 58
WARNING 2026-09-28 19:48:34,005 log request_id=70a428c3-5422-4776-ada3-980b60a965e7 Unauthorized: /health
[28/Sep/2026 19:48:34] "GET /health HTTP/1.1" 401 58
WARNING 2026-09-28 19:48:34,214 log request_id=6bb398e6-8252-450f-810c-ce534de172dc Unauthorized: /health
[28/Sep/2026 19:48:34] "GET /health HTTP/1.1" 401 58
WARNING 2026-09-28 19:48:34,422 log request_id=86be515f-99e0-4b6a-9c0f-4340fc4fd98c Unauthorized: /health
[28/Sep/2026 19:48:34] "GET /health HTTP/1.1" 401 58
WARNING 2026-09-28 19:48:34,634 log request_id=c8c33833-d622-4ac6-b511-0608c7ccbb86 Unauthorized: /health
[28/Sep/2026 19:48:34] "GET /health HTTP/1.1" 401 58
WARNING 2026-09-28 19:48:34,849 log request_id=5972fae5-140f-48ab-a0c3-96d4346d5571 Unauthorized: /health
[28/Sep/2026 19:48:34] "GET /health HTTP/1.1" 401 58
WARNING 2026-09-28 19:48:35,062 log request_id=18f990c2-0b51-4ae0-b379-8b21a8e3862a Unauthorized: /health
[28/Sep/2026 19:48:35] "GET /health HTTP/1.1" 401 58
WARNING 2026-09-28 19:48:35,273 log request_id=69278763-bd75-414c-ab24-cb6ee23230d7 Unauthorized: /health
[28/Sep/2026 19:48:35] "GET /health HTTP/1.1" 401 58
WARNING 2026-09-28 19:48:35,482 log request_id=ff9e2377-9e3c-4a22-8eaf-a3e8ee03b53e Unauthorized: /health
[28/Sep/2026 19:48:35] "GET /health HTTP/1.1" 401 58
WARNING 2026-09-28 19:48:35,698 log request_id=366b811f-85f7-49ee-bb49-b1ce1ed39ffb Unauthorized: /health
[28/Sep/2026 19:48:35] "GET /health HTTP/1.1" 401 58
WARNING 2026-09-28 19:48:36,072 log request_id=0af2aaf9-ddad-4c9c-b490-824f6c09b3e2 Unauthorized: /health
[28/Sep/2026 19:48:36] "GET /health HTTP/1.1" 401 58
WARNING 2026-09-28 19:48:36,280 log request_id=650eecc2-de0e-4aed-b63e-be2f53909fa7 Unauthorized: /health
[28/Sep/2026 19:48:36] "GET /health HTTP/1.1" 401 58
WARNING 2026-09-28 19:48:36,507 log request_id=65ffaf88-8ec6-4487-8e49-10575e70b045 Unauthorized: /health
[28/Sep/2026 19:48:36] "GET /health HTTP/1.1" 401 58
WARNING 2026-09-28 19:48:36,718 log request_id=d9537707-5b68-45f7-a04d-8aff6abbfadb Unauthorized: /health
[28/Sep/2026 19:48:36] "GET /health HTTP/1.1" 401 58
WARNING 2026-09-28 19:48:36,926 log request_id=f7074e5b-bb06-4991-88a9-807beccbf2cd Unauthorized: /health
[28/Sep/2026 19:48:36] "GET /health HTTP/1.1" 401 58
WARNING 2026-09-28 19:48:37,133 log request_id=05dbb589-0742-4485-a5bf-860d2ebebedb Unauthorized: /health
[28/Sep/2026 19:48:37] "GET /health HTTP/1.1" 401 58
WARNING 2026-09-28 19:48:37,344 log request_id=730d859b-ab5d-450d-b9de-0c63bf92b314 Unauthorized: /health
[28/Sep/2026 19:48:37] "GET /health HTTP/1.1" 401 58
WARNING 2026-09-28 19:48:37,552 log request_id=fd3892b1-7061-42c6-83ce-ea457204895b Unauthorized: /health
[28/Sep/2026 19:48:37] "GET /health HTTP/1.1" 401 58
WARNING 2026-09-28 19:48:37,758 log request_id=d23987e9-9d26-4db6-aeea-6d17437e427b Unauthorized: /health
[28/Sep/2026 19:48:37] "GET /health HTTP/1.1" 401 58
WARNING 2026-09-28 19:48:37,968 log request_id=19649c33-fd6b-48c4-8c9e-7dc910bb1d9f Unauthorized: /health
[28/Sep/2026 19:48:37] "GET /health HTTP/1.1" 401 58
WARNING 2026-09-28 19:48:38,177 log request_id=fe946a0c-5167-49f3-a1c6-df27146dd066 Unauthorized: /health
[28/Sep/2026 19:48:38] "GET /health HTTP/1.1" 401 58
WARNING 2026-09-28 19:48:38,387 log request_id=a65e6b5e-ed60-492d-b85a-0791ad6de757 Unauthorized: /health
[28/Sep/2026 19:48:38] "GET /health HTTP/1.1" 401 58
WARNING 2026-09-28 19:48:38,600 log request_id=56354281-0223-48a1-8562-50c819eb3bc3 Unauthorized: /health
[28/Sep/2026 19:48:38] "GET /health HTTP/1.1" 401 58
WARNING 2026-09-28 19:48:38,816 log request_id=9733b5e9-51cf-44f9-a63d-a0993ebd6010 Unauthorized: /health
[28/Sep/2026 19:48:38] "GET /health HTTP/1.1" 401 58
WARNING 2026-09-28 19:48:39,032 log request_id=f1a8f0c6-ca02-4d2d-9b63-7d56bf26fb87 Unauthorized: /health
[28/Sep/2026 19:48:39] "GET /health HTTP/1.1" 401 58
WARNING 2026-09-28 19:48:39,242 log request_id=966ba762-54ba-4ed7-abfe-f50d5be65171 Unauthorized: /health
[28/Sep/2026 19:48:39] "GET /health HTTP/1.1" 401 58
WARNING 2026-09-28 19:48:39,462 log request_id=23bbfe5b-56f0-4b93-abdb-ebb459f507eb Unauthorized: /health
[28/Sep/2026 19:48:39] "GET /health HTTP/1.1" 401 58
WARNING 2026-09-28 19:48:39,677 log request_id=e2b7098c-948c-48d1-92cf-c6002c0ee86c Unauthorized: /health
[28/Sep/2026 19:48:39] "GET /health HTTP/1.1" 401 58
WARNING 2026-09-28 19:48:39,892 log request_id=d3e31f09-aed5-4187-85c0-3be43036ad36 Unauthorized: /health
[28/Sep/2026 19:48:39] "GET /health HTTP/1.1" 401 58
WARNING 2026-09-28 19:48:40,103 log request_id=f665e464-9f20-43df-ac27-e1ee703ea32f Unauthorized: /health
[28/Sep/2026 19:48:40] "GET /health HTTP/1.1" 401 58
WARNING 2026-09-28 19:48:40,323 log request_id=f2e51ab7-fa92-4e47-9452-0832ec49b4f8 Unauthorized: /health
[28/Sep/2026 19:48:40] "GET /health HTTP/1.1" 401 58
WARNING 2026-09-28 19:48:40,534 log request_id=3ad49af2-3508-40a9-b221-db04d65b7a10 Unauthorized: /health
[28/Sep/2026 19:48:40] "GET /health HTTP/1.1" 401 58
WARNING 2026-09-28 19:48:40,743 log request_id=aee923b6-134e-4e04-9a18-6cac5a928de7 Unauthorized: /health
[28/Sep/2026 19:48:40] "GET /health HTTP/1.1" 401 58
WARNING 2026-09-28 19:48:40,952 log request_id=04ace3aa-7503-4c02-816d-70699aeeb7ac Unauthorized: /health
[28/Sep/2026 19:48:40] "GET /health HTTP/1.1" 401 58
WARNING 2026-09-28 19:48:41,168 log request_id=11fab901-bfc2-44ce-9e1e-71ae5a7b326f Unauthorized: /health
[28/Sep/2026 19:48:41] "GET /health HTTP/1.1" 401 58
WARNING 2026-09-28 19:48:41,378 log request_id=d3e91a9a-7ee3-4de9-beea-3e9b6c4a266a Unauthorized: /health
[28/Sep/2026 19:48:41] "GET /health HTTP/1.1" 401 58
WARNING 2026-09-28 19:48:41,586 log request_id=ddb34ea6-d2ff-49e1-95cc-36f8cc47743d Unauthorized: /health
[28/Sep/2026 19:48:41] "GET /health HTTP/1.1" 401 58
WARNING 2026-09-28 19:48:41,795 log request_id=879e04ee-098d-4ef8-a23b-f35c29fe5976 Unauthorized: /health
[28/Sep/2026 19:48:41] "GET /health HTTP/1.1" 401 58
WARNING 2026-09-28 19:48:42,005 log request_id=f56fddec-99c7-4bf5-865b-433f894407cb Unauthorized: /health
[28/Sep/2026 19:48:42] "GET /health HTTP/1.1" 401 58
WARNING 2026-09-28 19:48:42,396 log request_id=663298c6-2ab9-4375-9f06-759462a74c1a Unauthorized: /health
[28/Sep/2026 19:48:42] "GET /health HTTP/1.1" 401 58
WARNING 2026-09-28 19:48:42,769 log request_id=6d10e39f-ffa5-48f1-90f8-f048396357e9 Unauthorized: /health
[28/Sep/2026 19:48:42] "GET /health HTTP/1.1" 401 58
WARNING 2026-09-28 19:48:42,978 log request_id=c0c58851-8754-4b05-a58e-d99cec6446a4 Unauthorized: /health
[28/Sep/2026 19:48:42] "GET /health HTTP/1.1" 401 58
WARNING 2026-09-28 19:48:43,191 log request_id=2332fff1-5f91-4a6c-987e-54a1f0b3a099 Unauthorized: /health
[28/Sep/2026 19:48:43] "GET /health HTTP/1.1" 401 58
WARNING 2026-09-28 19:48:43,399 log request_id=c48b276d-fd7f-4bce-9387-c483c7b49211 Unauthorized: /health
[28/Sep/2026 19:48:43] "GET /health HTTP/1.1" 401 58
WARNING 2026-09-28 19:48:43,606 log request_id=f368cccc-5eda-4e15-a501-1089e276a924 Unauthorized: /health
[28/Sep/2026 19:48:43] "GET /health HTTP/1.1" 401 58
WARNING 2026-09-28 19:48:43,814 log request_id=b16f581a-b58f-4045-a78f-7435f9ba4064 Unauthorized: /health
[28/Sep/2026 19:48:43] "GET /health HTTP/1.1" 401 58
WARNING 2026-09-28 19:48:44,022 log request_id=43dc2a55-4ef5-4b00-ae19-671af83a73c3 Unauthorized: /health
[28/Sep/2026 19:48:44] "GET /health HTTP/1.1" 401 58
WARNING 2026-09-28 19:48:44,234 log request_id=069f65a6-c7e7-4bc7-8d41-e33117bee6cf Unauthorized: /health
[28/Sep/2026 19:48:44] "GET /health HTTP/1.1" 401 58
WARNING 2026-09-28 19:48:44,440 log request_id=acbd0b35-cfec-426a-8522-47b30fb7fe33 Unauthorized: /health
[28/Sep/2026 19:48:44] "GET /health HTTP/1.1" 401 58
WARNING 2026-09-28 19:48:44,648 log request_id=f9a2fb98-4d3e-4f0c-9f91-4731f804605e Unauthorized: /health
[28/Sep/2026 19:48:44] "GET /health HTTP/1.1" 401 58
WARNING 2026-09-28 19:48:44,858 log request_id=694dfefa-6e5c-4446-803c-85ea55fc32f7 Unauthorized: /health
[28/Sep/2026 19:48:44] "GET /health HTTP/1.1" 401 58
WARNING 2026-09-28 19:48:45,067 log request_id=9b3949ff-0f51-4325-9e5d-1e188c53a9b9 Unauthorized: /health
[28/Sep/2026 19:48:45] "GET /health HTTP/1.1" 401 58
WARNING 2026-09-28 19:48:45,277 log request_id=a5c1dd61-b533-40eb-8d54-cc4dcebb9adb Unauthorized: /health
[28/Sep/2026 19:48:45] "GET /health HTTP/1.1" 401 58
WARNING 2026-09-28 19:48:45,484 log request_id=af45fccb-2626-42b7-b2f0-5d94bf1f2a04 Unauthorized: /health
[28/Sep/2026 19:48:45] "GET /health HTTP/1.1" 401 58
WARNING 2026-09-28 19:48:45,691 log request_id=633d2c3e-e668-41c2-8e4f-caa716f8d510 Unauthorized: /health
[28/Sep/2026 19:48:45] "GET /health HTTP/1.1" 401 58
WARNING 2026-09-28 19:48:45,901 log request_id=3f1fcb40-1a48-4ad2-bf50-068590ad3bf9 Unauthorized: /health
[28/Sep/2026 19:48:45] "GET /health HTTP/1.1" 401 58
WARNING 2026-09-28 19:48:46,112 log request_id=dfc65ca2-2a5d-4e40-9e50-cf6137ad9b96 Unauthorized: /health
[28/Sep/2026 19:48:46] "GET /health HTTP/1.1" 401 58
WARNING 2026-09-28 19:48:46,320 log request_id=499479d9-a4d8-43a2-9ccc-15a999652ec8 Unauthorized: /health
[28/Sep/2026 19:48:46] "GET /health HTTP/1.1" 401 58
WARNING 2026-09-28 19:48:46,526 log request_id=97601986-6791-437a-9463-8f71b35decb3 Unauthorized: /health
[28/Sep/2026 19:48:46] "GET /health HTTP/1.1" 401 58
WARNING 2026-09-28 19:48:46,738 log request_id=ba835dca-7c66-4a99-b2b9-e074f00756e7 Unauthorized: /health
[28/Sep/2026 19:48:46] "GET /health HTTP/1.1" 401 58
WARNING 2026-09-28 19:48:46,944 log request_id=3d333c03-6fc4-4138-a6a5-c84d3273277a Unauthorized: /health
[28/Sep/2026 19:48:46] "GET /health HTTP/1.1" 401 58
WARNING 2026-09-28 19:48:47,154 log request_id=1de1ca97-a261-4eb9-8f0b-6fb0175ce847 Unauthorized: /health
[28/Sep/2026 19:48:47] "GET /health HTTP/1.1" 401 58
WARNING 2026-09-28 19:48:47,362 log request_id=3431120c-421a-4905-be02-c05711bea6f6 Unauthorized: /health
[28/Sep/2026 19:48:47] "GET /health HTTP/1.1" 401 58
WARNING 2026-09-28 19:48:47,575 log request_id=3f46a2bd-3ed9-4d87-bedd-7f12316235f4 Unauthorized: /health
[28/Sep/2026 19:48:47] "GET /health HTTP/1.1" 401 58
WARNING 2026-09-28 19:48:47,787 log request_id=ccfac5f1-8291-4a6c-92cc-02b41f41a5a4 Unauthorized: /health
[28/Sep/2026 19:48:47] "GET /health HTTP/1.1" 401 58
WARNING 2026-09-28 19:48:48,017 log request_id=767189cb-4336-4d8b-8e37-fcf193d640d0 Unauthorized: /health
[28/Sep/2026 19:48:48] "GET /health HTTP/1.1" 401 58
WARNING 2026-09-28 19:48:48,225 log request_id=d9aec14b-eea9-4fe5-a273-b7f73b352702 Unauthorized: /health
[28/Sep/2026 19:48:48] "GET /health HTTP/1.1" 401 58
WARNING 2026-09-28 19:48:48,450 log request_id=ad7af93d-0552-48ce-b968-20cb5cf2d18d Unauthorized: /health
[28/Sep/2026 19:48:48] "GET /health HTTP/1.1" 401 58
WARNING 2026-09-28 19:48:48,659 log request_id=cdc331e1-44b8-4133-a9cc-adb56dfd307d Unauthorized: /health
[28/Sep/2026 19:48:48] "GET /health HTTP/1.1" 401 58
WARNING 2026-09-28 19:48:49,057 log request_id=c3b264bd-d6a1-4dfe-8735-f4d11e474f24 Unauthorized: /health
[28/Sep/2026 19:48:49] "GET /health HTTP/1.1" 401 58
WARNING 2026-09-28 19:48:49,272 log request_id=2dc00ad1-a9ce-4e46-9494-b9ae5adc78bd Unauthorized: /health
[28/Sep/2026 19:48:49] "GET /health HTTP/1.1" 401 58
WARNING 2026-09-28 19:48:49,490 log request_id=a9f3fc99-a9ac-41ac-96d2-52e575fa3f9a Unauthorized: /health
[28/Sep/2026 19:48:49] "GET /health HTTP/1.1" 401 58
WARNING 2026-09-28 19:48:49,700 log request_id=7a884bd0-b69a-459a-9355-5717d9570427 Unauthorized: /health
[28/Sep/2026 19:48:49] "GET /health HTTP/1.1" 401 58
WARNING 2026-09-28 19:48:49,911 log request_id=03d76464-6610-47dd-922d-99d3ef99d8f3 Unauthorized: /health
[28/Sep/2026 19:48:49] "GET /health HTTP/1.1" 401 58
WARNING 2026-09-28 19:48:50,118 log request_id=54e6209b-bf95-480b-9714-bbdbcdfb5d6e Unauthorized: /health
[28/Sep/2026 19:48:50] "GET /health HTTP/1.1" 401 58
WARNING 2026-09-28 19:48:50,329 log request_id=b8022a7f-6700-4474-ae58-c60b623fbc7a Unauthorized: /health
[28/Sep/2026 19:48:50] "GET /health HTTP/1.1" 401 58
WARNING 2026-09-28 19:48:50,537 log request_id=462a8737-e575-4f44-8596-de13e56a53b1 Unauthorized: /health
[28/Sep/2026 19:48:50] "GET /health HTTP/1.1" 401 58
WARNING 2026-09-28 19:48:50,753 log request_id=ab35440e-dc09-4178-adb0-82702f90daba Unauthorized: /health
[28/Sep/2026 19:48:50] "GET /health HTTP/1.1" 401 58
WARNING 2026-09-28 19:48:50,969 log request_id=85e0ed67-ac4c-43f0-94d4-31670de2a248 Unauthorized: /health
[28/Sep/2026 19:48:50] "GET /health HTTP/1.1" 401 58
WARNING 2026-09-28 19:48:51,177 log request_id=55ac70c2-e152-4a61-9806-ee9679b5d63b Unauthorized: /health
[28/Sep/2026 19:48:51] "GET /health HTTP/1.1" 401 58
WARNING 2026-09-28 19:48:51,386 log request_id=28e37a5f-3590-43d4-a4b1-33039f2cd535 Unauthorized: /health
[28/Sep/2026 19:48:51] "GET /health HTTP/1.1" 401 58
WARNING 2026-09-28 19:48:51,601 log request_id=97323c28-6a7b-4158-8b33-1da464cc89db Unauthorized: /health
[28/Sep/2026 19:48:51] "GET /health HTTP/1.1" 401 58
WARNING 2026-09-28 19:48:51,808 log request_id=33441505-534c-4b77-b020-ffb5326d9006 Unauthorized: /health
[28/Sep/2026 19:48:51] "GET /health HTTP/1.1" 401 58
WARNING 2026-09-28 19:48:52,015 log request_id=dc059db3-6ff6-4405-a048-49b2a7052e71 Unauthorized: /health
[28/Sep/2026 19:48:52] "GET /health HTTP/1.1" 401 58
WARNING 2026-09-28 19:48:52,224 log request_id=1b923d3e-ac6a-4aa2-b990-a1add4797461 Unauthorized: /health
[28/Sep/2026 19:48:52] "GET /health HTTP/1.1" 401 58
WARNING 2026-09-28 19:48:52,433 log request_id=d956b679-a013-49f7-818f-403eccdb3799 Unauthorized: /health
[28/Sep/2026 19:48:52] "GET /health HTTP/1.1" 401 58
WARNING 2026-09-28 19:48:52,641 log request_id=7680ccf3-dd11-4c36-b45a-dd4b7dac3c6a Unauthorized: /health
[28/Sep/2026 19:48:52] "GET /health HTTP/1.1" 401 58
WARNING 2026-09-28 19:48:52,849 log request_id=b27e459f-9ba9-419e-95d7-f63809cfd49b Unauthorized: /health
[28/Sep/2026 19:48:52] "GET /health HTTP/1.1" 401 58
WARNING 2026-09-28 19:48:53,059 log request_id=1ba9951b-30e0-415b-a004-d532a60b7193 Unauthorized: /health
[28/Sep/2026 19:48:53] "GET /health HTTP/1.1" 401 58
WARNING 2026-09-28 19:48:53,269 log request_id=a1e79ddb-a08a-40a6-b434-51e2f97184c8 Unauthorized: /health
[28/Sep/2026 19:48:53] "GET /health HTTP/1.1" 401 58
WARNING 2026-09-28 19:48:53,478 log request_id=0f54178a-75e5-45a3-ab57-322504149ee3 Unauthorized: /health
[28/Sep/2026 19:48:53] "GET /health HTTP/1.1" 401 58
WARNING 2026-09-28 19:48:53,700 log request_id=361f3cd2-9c6c-4844-a9e4-cce36003e82c Unauthorized: /health
[28/Sep/2026 19:48:53] "GET /health HTTP/1.1" 401 58
WARNING 2026-09-28 19:48:53,911 log request_id=2c3bd26b-3182-4cc3-b04c-d47aa9bcdd92 Unauthorized: /health
[28/Sep/2026 19:48:53] "GET /health HTTP/1.1" 401 58
WARNING 2026-09-28 19:48:54,119 log request_id=2acc1ea5-5580-4534-8d10-365c42550241 Unauthorized: /health
[28/Sep/2026 19:48:54] "GET /health HTTP/1.1" 401 58
WARNING 2026-09-28 19:48:54,327 log request_id=b89ef99b-da1a-4ffc-8e09-bad4369b19d2 Unauthorized: /health
[28/Sep/2026 19:48:54] "GET /health HTTP/1.1" 401 58
WARNING 2026-09-28 19:48:54,537 log request_id=0a355666-41d0-45d0-ab27-1bf73d717407 Unauthorized: /health
[28/Sep/2026 19:48:54] "GET /health HTTP/1.1" 401 58
WARNING 2026-09-28 19:48:54,744 log request_id=1311a2fe-31eb-47d7-8eb0-ec525e353362 Unauthorized: /health
[28/Sep/2026 19:48:54] "GET /health HTTP/1.1" 401 58
WARNING 2026-09-28 19:48:54,951 log request_id=1eb020cd-86ac-4f86-b418-f0aa2262ba74 Unauthorized: /health
[28/Sep/2026 19:48:54] "GET /health HTTP/1.1" 401 58
WARNING 2026-09-28 19:48:55,188 log request_id=ad2e5769-d5b1-4151-88b9-d44779a163d0 Unauthorized: /health
[28/Sep/2026 19:48:55] "GET /health HTTP/1.1" 401 58
WARNING 2026-09-28 19:48:55,552 log request_id=3aa3b3f9-ae81-4b9d-9420-bdb6cc663e4e Unauthorized: /health
[28/Sep/2026 19:48:55] "GET /health HTTP/1.1" 401 58
WARNING 2026-09-28 19:48:55,766 log request_id=65d3c666-5810-4386-9627-5e112436768e Unauthorized: /health
[28/Sep/2026 19:48:55] "GET /health HTTP/1.1" 401 58
WARNING 2026-09-28 19:48:55,979 log request_id=4f5b6995-ca2d-44c5-98bb-92037214a4e6 Unauthorized: /health
[28/Sep/2026 19:48:55] "GET /health HTTP/1.1" 401 58
WARNING 2026-09-28 19:48:56,207 log request_id=30b0925d-cc5c-4547-8c40-8d1a02606e00 Unauthorized: /health
[28/Sep/2026 19:48:56] "GET /health HTTP/1.1" 401 58
WARNING 2026-09-28 19:48:56,413 log request_id=8720d998-952f-4eaa-81cf-f14fb677eda3 Unauthorized: /health
[28/Sep/2026 19:48:56] "GET /health HTTP/1.1" 401 58
WARNING 2026-09-28 19:48:56,621 log request_id=6400c04a-f4df-4a0a-8581-86ffa0d62673 Unauthorized: /health
[28/Sep/2026 19:48:56] "GET /health HTTP/1.1" 401 58
WARNING 2026-09-28 19:48:56,829 log request_id=7e0bdb80-2759-4370-b7ce-9dbf6b4a2a91 Unauthorized: /health
[28/Sep/2026 19:48:56] "GET /health HTTP/1.1" 401 58
WARNING 2026-09-28 19:48:57,036 log request_id=d199e90b-4cb0-4165-bc31-ad008d45dc98 Unauthorized: /health
[28/Sep/2026 19:48:57] "GET /health HTTP/1.1" 401 58
WARNING 2026-09-28 19:48:57,248 log request_id=078cf46c-d610-4496-8d62-19ee97a4518c Unauthorized: /health
[28/Sep/2026 19:48:57] "GET /health HTTP/1.1" 401 58
WARNING 2026-09-28 19:48:57,457 log request_id=7842beda-cc41-4afe-a399-243c03658d4f Unauthorized: /health
[28/Sep/2026 19:48:57] "GET /health HTTP/1.1" 401 58
WARNING 2026-09-28 19:48:57,666 log request_id=21a03a7f-5610-45e4-88c3-1a922700e67e Unauthorized: /health
[28/Sep/2026 19:48:57] "GET /health HTTP/1.1" 401 58
WARNING 2026-09-28 19:48:57,876 log request_id=149d4290-8841-424b-b77a-1ea29b3a9349 Unauthorized: /health
[28/Sep/2026 19:48:57] "GET /health HTTP/1.1" 401 58
WARNING 2026-09-28 19:48:58,084 log request_id=79412cf0-f9c2-462e-9bab-6e569a38c013 Unauthorized: /health
[28/Sep/2026 19:48:58] "GET /health HTTP/1.1" 401 58
WARNING 2026-09-28 19:48:58,297 log request_id=14424652-e968-48bc-9928-cd6bf7dd98c8 Unauthorized: /health
[28/Sep/2026 19:48:58] "GET /health HTTP/1.1" 401 58
WARNING 2026-09-28 19:48:58,510 log request_id=64d934a4-52aa-4362-95cf-691bc47b416e Unauthorized: /health
[28/Sep/2026 19:48:58] "GET /health HTTP/1.1" 401 58
WARNING 2026-09-28 19:48:58,717 log request_id=4f2567ef-0ec2-4bfa-a8a4-94c1199476c4 Unauthorized: /health
[28/Sep/2026 19:48:58] "GET /health HTTP/1.1" 401 58
WARNING 2026-09-28 19:48:58,925 log request_id=544f4bd3-ded2-446b-87af-96d4544189ff Unauthorized: /health
[28/Sep/2026 19:48:58] "GET /health HTTP/1.1" 401 58
WARNING 2026-09-28 19:48:59,134 log request_id=7f6eed27-d4e0-471f-8a9f-6e71bf209a22 Unauthorized: /health
[28/Sep/2026 19:48:59] "GET /health HTTP/1.1" 401 58
WARNING 2026-09-28 19:48:59,343 log request_id=df62ef30-7d9f-412f-8dd5-64f0a436f306 Unauthorized: /health
[28/Sep/2026 19:48:59] "GET /health HTTP/1.1" 401 58
WARNING 2026-09-28 19:48:59,553 log request_id=29b0351b-baaa-48e9-af1b-bd9c54cb2ca6 Unauthorized: /health
[28/Sep/2026 19:48:59] "GET /health HTTP/1.1" 401 58
WARNING 2026-09-28 19:48:59,765 log request_id=0d3bac5a-f482-4855-96d1-abc8d8487713 Unauthorized: /health
[28/Sep/2026 19:48:59] "GET /health HTTP/1.1" 401 58
WARNING 2026-09-28 19:48:59,971 log request_id=835ed74f-236e-4edc-9761-91c3580d3bdc Unauthorized: /health
[28/Sep/2026 19:48:59] "GET /health HTTP/1.1" 401 58
WARNING 2026-09-28 19:49:00,182 log request_id=213a02e3-1f78-440a-81e7-28a8080d742f Unauthorized: /health
[28/Sep/2026 19:49:00] "GET /health HTTP/1.1" 401 58
WARNING 2026-09-28 19:49:00,392 log request_id=b707e1d6-dd83-47d7-9106-baf774c395b1 Unauthorized: /health
[28/Sep/2026 19:49:00] "GET /health HTTP/1.1" 401 58
WARNING 2026-09-28 19:49:00,600 log request_id=c332ddb8-cb22-4d92-9c17-93618ba6870f Unauthorized: /health
[28/Sep/2026 19:49:00] "GET /health HTTP/1.1" 401 58
WARNING 2026-09-28 19:49:00,811 log request_id=6f92a9b4-7ac3-442c-88d8-67ff67caae2d Unauthorized: /health
[28/Sep/2026 19:49:00] "GET /health HTTP/1.1" 401 58
WARNING 2026-09-28 19:49:01,022 log request_id=a3255df3-f620-455e-a9ea-b8c83529f09d Unauthorized: /health
[28/Sep/2026 19:49:01] "GET /health HTTP/1.1" 401 58
WARNING 2026-09-28 19:49:01,377 log request_id=0092ba57-cae6-493f-b221-9d0b60da9e72 Unauthorized: /health
[28/Sep/2026 19:49:01] "GET /health HTTP/1.1" 401 58
WARNING 2026-09-28 19:49:01,980 log request_id=4a27cb5d-09f5-408e-993f-a141aa1ee77a Unauthorized: /health
[28/Sep/2026 19:49:01] "GET /health HTTP/1.1" 401 58
WARNING 2026-09-28 19:49:02,221 log request_id=ab191968-5249-4699-be14-74b9442b0eaf Unauthorized: /health
[28/Sep/2026 19:49:02] "GET /health HTTP/1.1" 401 58
WARNING 2026-09-28 19:49:02,436 log request_id=6e228a58-6526-41a7-8888-325fe4a2c9ff Unauthorized: /health
[28/Sep/2026 19:49:02] "GET /health HTTP/1.1" 401 58
WARNING 2026-09-28 19:49:02,665 log request_id=8764df8f-a5ea-42b5-a7f8-a589871e9a58 Unauthorized: /health
[28/Sep/2026 19:49:02] "GET /health HTTP/1.1" 401 58
WARNING 2026-09-28 19:49:02,873 log request_id=52c49699-9819-41cb-8f26-af0e8253ec0d Unauthorized: /health
[28/Sep/2026 19:49:02] "GET /health HTTP/1.1" 401 58
WARNING 2026-09-28 19:49:03,084 log request_id=67cbbaad-79d5-4f44-9d7e-fed8a1f7f758 Unauthorized: /health
[28/Sep/2026 19:49:03] "GET /health HTTP/1.1" 401 58
WARNING 2026-09-28 19:49:03,294 log request_id=d9c90938-19b4-4468-939b-e34c0969cd3a Unauthorized: /health
[28/Sep/2026 19:49:03] "GET /health HTTP/1.1" 401 58
WARNING 2026-09-28 19:49:03,507 log request_id=1ec8d012-0af7-416b-8817-7021c89292fa Unauthorized: /health
[28/Sep/2026 19:49:03] "GET /health HTTP/1.1" 401 58
WARNING 2026-09-28 19:49:03,728 log request_id=6ca85b1f-3ed1-48e8-88c6-02e826ff4ee3 Unauthorized: /health
[28/Sep/2026 19:49:03] "GET /health HTTP/1.1" 401 58
WARNING 2026-09-28 19:49:03,936 log request_id=707f9f12-7926-4c8c-867b-6948e9a99cae Unauthorized: /health
[28/Sep/2026 19:49:03] "GET /health HTTP/1.1" 401 58
WARNING 2026-09-28 19:49:04,147 log request_id=1b7c2024-226b-49b7-8227-bda90df33262 Unauthorized: /health
[28/Sep/2026 19:49:04] "GET /health HTTP/1.1" 401 58
WARNING 2026-09-28 19:49:04,357 log request_id=35e21d64-b193-41a4-bd5a-90cdf4cedca3 Unauthorized: /health
[28/Sep/2026 19:49:04] "GET /health HTTP/1.1" 401 58
WARNING 2026-09-28 19:49:04,575 log request_id=dc5d170f-e0e4-4129-b17a-95d12f0f0fa6 Unauthorized: /health
[28/Sep/2026 19:49:04] "GET /health HTTP/1.1" 401 58
WARNING 2026-09-28 19:49:04,784 log request_id=acfe24eb-6fa3-49ef-8c7b-bd7001ced26e Unauthorized: /health
[28/Sep/2026 19:49:04] "GET /health HTTP/1.1" 401 58
WARNING 2026-09-28 19:49:04,994 log request_id=cf738f63-5947-460c-850f-b890a539b14e Unauthorized: /health
[28/Sep/2026 19:49:04] "GET /health HTTP/1.1" 401 58
WARNING 2026-09-28 19:49:05,202 log request_id=0feeba00-d3af-4d61-9fdc-cfae8ebbb5bd Unauthorized: /health
[28/Sep/2026 19:49:05] "GET /health HTTP/1.1" 401 58
WARNING 2026-09-28 19:49:05,416 log request_id=51e3bc1e-1fb0-41d8-90d7-75ec466256e1 Unauthorized: /health
[28/Sep/2026 19:49:05] "GET /health HTTP/1.1" 401 58
WARNING 2026-09-28 19:49:05,626 log request_id=ada208d4-8826-4e83-90c5-cfd9f9cbd72f Unauthorized: /health
[28/Sep/2026 19:49:05] "GET /health HTTP/1.1" 401 58
WARNING 2026-09-28 19:49:05,837 log request_id=a3885e6b-2abf-4b35-9de1-7b44b8c10d72 Unauthorized: /health
[28/Sep/2026 19:49:05] "GET /health HTTP/1.1" 401 58
WARNING 2026-09-28 19:49:06,056 log request_id=b41b45af-fd6e-4d98-b348-76b5a283855d Unauthorized: /health
[28/Sep/2026 19:49:06] "GET /health HTTP/1.1" 401 58
WARNING 2026-09-28 19:49:06,274 log request_id=f87f4c6f-a072-4a90-8604-fd9d0bb8322b Unauthorized: /health
[28/Sep/2026 19:49:06] "GET /health HTTP/1.1" 401 58
WARNING 2026-09-28 19:49:06,493 log request_id=e6faaa0a-8609-411f-894a-541133f963d6 Unauthorized: /health
[28/Sep/2026 19:49:06] "GET /health HTTP/1.1" 401 58
WARNING 2026-09-28 19:49:06,701 log request_id=7ba2cb4a-7803-4cfd-9b18-b908e4c8d14e Unauthorized: /health
[28/Sep/2026 19:49:06] "GET /health HTTP/1.1" 401 58
WARNING 2026-09-28 19:49:06,924 log request_id=74b1dc06-37d4-4cfd-bcdc-07356db813af Unauthorized: /health
[28/Sep/2026 19:49:06] "GET /health HTTP/1.1" 401 58
WARNING 2026-09-28 19:49:07,140 log request_id=c1508883-e237-4b02-8bba-79b8ab4c2016 Unauthorized: /health
[28/Sep/2026 19:49:07] "GET /health HTTP/1.1" 401 58
WARNING 2026-09-28 19:49:07,349 log request_id=2a365b8a-751f-4484-97b9-2c0bf54bc7e8 Unauthorized: /health
[28/Sep/2026 19:49:07] "GET /health HTTP/1.1" 401 58
WARNING 2026-09-28 19:49:07,568 log request_id=985b5667-ca96-4e60-87ea-3ea5ee85d25a Unauthorized: /health
[28/Sep/2026 19:49:07] "GET /health HTTP/1.1" 401 58
WARNING 2026-09-28 19:49:07,784 log request_id=2d30085f-d0a7-4586-92fa-e973e86e3955 Unauthorized: /health
[28/Sep/2026 19:49:07] "GET /health HTTP/1.1" 401 58
WARNING 2026-09-28 19:49:08,138 log request_id=991f7748-6673-49a8-a7bb-ea04156025fa Unauthorized: /health
[28/Sep/2026 19:49:08] "GET /health HTTP/1.1" 401 58
WARNING 2026-09-28 19:49:08,532 log request_id=e85be30a-8459-415c-99ed-af9e293ba13a Unauthorized: /health
[28/Sep/2026 19:49:08] "GET /health HTTP/1.1" 401 58
WARNING 2026-09-28 19:49:08,757 log request_id=efcc4785-613a-4d70-8587-f2b3d5645d0c Unauthorized: /health
[28/Sep/2026 19:49:08] "GET /health HTTP/1.1" 401 58
WARNING 2026-09-28 19:49:09,037 log request_id=8981fc08-bf9c-4c1c-881b-fecf18f21d5c Unauthorized: /health
[28/Sep/2026 19:49:09] "GET /health HTTP/1.1" 401 58
WARNING 2026-09-28 19:49:09,249 log request_id=baef7556-ab77-4cfa-b0cd-5a8496edd2f6 Unauthorized: /health
[28/Sep/2026 19:49:09] "GET /health HTTP/1.1" 401 58
WARNING 2026-09-28 19:49:09,457 log request_id=e97792a5-ba51-49e4-9b21-0545c483e878 Unauthorized: /health
[28/Sep/2026 19:49:09] "GET /health HTTP/1.1" 401 58
WARNING 2026-09-28 19:49:09,673 log request_id=f88cd43c-0c19-4552-beb2-1c11fed569c3 Unauthorized: /health
[28/Sep/2026 19:49:09] "GET /health HTTP/1.1" 401 58
WARNING 2026-09-28 19:49:09,892 log request_id=32096556-2ba8-417c-bdc4-fc42455286aa Unauthorized: /health
[28/Sep/2026 19:49:09] "GET /health HTTP/1.1" 401 58
WARNING 2026-09-28 19:49:10,102 log request_id=625dbace-d1b6-47e1-9187-975f567adad6 Unauthorized: /health
[28/Sep/2026 19:49:10] "GET /health HTTP/1.1" 401 58
WARNING 2026-09-28 19:49:10,315 log request_id=a8ece21a-5fb2-460c-97ab-e93da6fe6cfe Unauthorized: /health
[28/Sep/2026 19:49:10] "GET /health HTTP/1.1" 401 58
WARNING 2026-09-28 19:49:10,570 log request_id=8dd8737c-3d1d-4fb5-8ce0-e328723f5c71 Unauthorized: /health
[28/Sep/2026 19:49:10] "GET /health HTTP/1.1" 401 58
WARNING 2026-09-28 19:49:10,783 log request_id=27fd684d-4d12-4baa-8084-b893da076aff Unauthorized: /health
[28/Sep/2026 19:49:10] "GET /health HTTP/1.1" 401 58
WARNING 2026-09-28 19:49:10,990 log request_id=43e22fee-80eb-445a-a726-7dd09527c3d6 Unauthorized: /health
[28/Sep/2026 19:49:10] "GET /health HTTP/1.1" 401 58
WARNING 2026-09-28 19:49:11,198 log request_id=d70635ab-07bc-4980-b5a8-f500e59fdc59 Unauthorized: /health
[28/Sep/2026 19:49:11] "GET /health HTTP/1.1" 401 58
WARNING 2026-09-28 19:49:11,406 log request_id=559da34c-14e8-48b4-956a-972ed5dd885b Unauthorized: /health
[28/Sep/2026 19:49:11] "GET /health HTTP/1.1" 401 58
WARNING 2026-09-28 19:49:11,614 log request_id=fb2dd26f-847c-41cc-9cfc-737cf82fb238 Unauthorized: /health
[28/Sep/2026 19:49:11] "GET /health HTTP/1.1" 401 58
WARNING 2026-09-28 19:49:11,821 log request_id=44a4cc9d-79aa-4f92-9082-8c1275da93cb Unauthorized: /health
[28/Sep/2026 19:49:11] "GET /health HTTP/1.1" 401 58
WARNING 2026-09-28 19:49:12,028 log request_id=bcde0b70-60fd-4f2b-8a63-d2a5e004f7d3 Unauthorized: /health
[28/Sep/2026 19:49:12] "GET /health HTTP/1.1" 401 58
WARNING 2026-09-28 19:49:12,244 log request_id=610cfcdb-b15d-454c-a9d8-1c0d991f07b4 Unauthorized: /health
[28/Sep/2026 19:49:12] "GET /health HTTP/1.1" 401 58
WARNING 2026-09-28 19:49:12,454 log request_id=b19ccaa1-080b-4af1-a280-f7841e35372b Unauthorized: /health
[28/Sep/2026 19:49:12] "GET /health HTTP/1.1" 401 58
WARNING 2026-09-28 19:49:12,664 log request_id=cc7dc98f-d918-4de6-b19e-6598a457db57 Unauthorized: /health
[28/Sep/2026 19:49:12] "GET /health HTTP/1.1" 401 58
WARNING 2026-09-28 19:49:12,874 log request_id=5bd27855-3554-45a8-a05b-b4eeb5a6a90a Unauthorized: /health
[28/Sep/2026 19:49:12] "GET /health HTTP/1.1" 401 58
WARNING 2026-09-28 19:49:13,087 log request_id=c9dc9919-a380-44e2-afe9-26193c923832 Unauthorized: /health
[28/Sep/2026 19:49:13] "GET /health HTTP/1.1" 401 58
WARNING 2026-09-28 19:49:13,297 log request_id=ac50565f-41c9-45fc-bc04-376da1948961 Unauthorized: /health
[28/Sep/2026 19:49:13] "GET /health HTTP/1.1" 401 58
WARNING 2026-09-28 19:49:13,506 log request_id=90108de4-2edb-4e45-ae88-2fcb8fc15b8e Unauthorized: /health
[28/Sep/2026 19:49:13] "GET /health HTTP/1.1" 401 58
WARNING 2026-09-28 19:49:13,723 log request_id=6d62aa1a-53af-42ce-a48c-62b67d5ce180 Unauthorized: /health
[28/Sep/2026 19:49:13] "GET /health HTTP/1.1" 401 58
WARNING 2026-09-28 19:49:13,940 log request_id=f44082e2-bf99-4a87-a6f2-2c4d713c8487 Unauthorized: /health
[28/Sep/2026 19:49:13] "GET /health HTTP/1.1" 401 58
WARNING 2026-09-28 19:49:14,154 log request_id=a11170e1-ccd3-4fbd-b9b1-dd4e468ac564 Unauthorized: /health
[28/Sep/2026 19:49:14] "GET /health HTTP/1.1" 401 58
WARNING 2026-09-28 19:49:14,372 log request_id=402e0a5d-e80c-45c4-80ce-c3cd5de318eb Unauthorized: /health
[28/Sep/2026 19:49:14] "GET /health HTTP/1.1" 401 58
WARNING 2026-09-28 19:49:14,624 log request_id=e2517bd9-3f27-4781-8841-c65ccdec2e32 Unauthorized: /health
[28/Sep/2026 19:49:14] "GET /health HTTP/1.1" 401 58
WARNING 2026-09-28 19:49:14,845 log request_id=153f0b4b-fd42-49d3-b0c5-00f4dd24f827 Unauthorized: /health
[28/Sep/2026 19:49:14] "GET /health HTTP/1.1" 401 58
WARNING 2026-09-28 19:49:15,247 log request_id=22f9a23a-f9a1-4ead-a9f6-cb66dc07a300 Unauthorized: /health
[28/Sep/2026 19:49:15] "GET /health HTTP/1.1" 401 58
WARNING 2026-09-28 19:49:15,488 log request_id=0430afde-497e-471f-9371-93119c42c310 Unauthorized: /health
[28/Sep/2026 19:49:15] "GET /health HTTP/1.1" 401 58
WARNING 2026-09-28 19:49:15,782 log request_id=ccceb4d9-f2b2-4161-9c02-f031c6072951 Unauthorized: /health
[28/Sep/2026 19:49:15] "GET /health HTTP/1.1" 401 58
WARNING 2026-09-28 19:49:16,028 log request_id=f00cbe74-77e8-4f03-91c6-a8005594e39b Unauthorized: /health
[28/Sep/2026 19:49:16] "GET /health HTTP/1.1" 401 58
WARNING 2026-09-28 19:49:16,237 log request_id=d89defa4-4dc7-48d7-87d3-39e15a5ddca0 Unauthorized: /health
[28/Sep/2026 19:49:16] "GET /health HTTP/1.1" 401 58
WARNING 2026-09-28 19:49:16,447 log request_id=0bffc22f-d9f1-4665-9cb8-69112985206a Unauthorized: /health
[28/Sep/2026 19:49:16] "GET /health HTTP/1.1" 401 58
WARNING 2026-09-28 19:49:16,657 log request_id=0fc8586c-e446-4680-9000-0fb032b55ae2 Unauthorized: /health
[28/Sep/2026 19:49:16] "GET /health HTTP/1.1" 401 58
WARNING 2026-09-28 19:49:16,866 log request_id=42fb7090-9a91-472e-91bb-e9f4871331b4 Unauthorized: /health
[28/Sep/2026 19:49:16] "GET /health HTTP/1.1" 401 58
WARNING 2026-09-28 19:49:17,073 log request_id=4a84f7e4-11f8-42cd-b33f-1d408041477b Unauthorized: /health
[28/Sep/2026 19:49:17] "GET /health HTTP/1.1" 401 58
WARNING 2026-09-28 19:49:17,286 log request_id=cfdbd3a5-cd82-4d79-a609-cb4fa9238a91 Unauthorized: /health
[28/Sep/2026 19:49:17] "GET /health HTTP/1.1" 401 58
WARNING 2026-09-28 19:49:17,500 log request_id=23510fee-280c-468c-af21-955475cc1bdf Unauthorized: /health
[28/Sep/2026 19:49:17] "GET /health HTTP/1.1" 401 58
WARNING 2026-09-28 19:49:17,723 log request_id=a836a47b-bcea-4fe3-a365-b1f6fff5b1be Unauthorized: /health
[28/Sep/2026 19:49:17] "GET /health HTTP/1.1" 401 58
WARNING 2026-09-28 19:49:17,932 log request_id=9a4a5f39-597f-4f0a-b67b-47343caf893f Unauthorized: /health
[28/Sep/2026 19:49:17] "GET /health HTTP/1.1" 401 58
WARNING 2026-09-28 19:49:18,159 log request_id=bf43443a-334c-41e0-8970-320a67c7abeb Unauthorized: /health
[28/Sep/2026 19:49:18] "GET /health HTTP/1.1" 401 58
WARNING 2026-09-28 19:49:18,367 log request_id=723ccef3-c358-4e01-9dcf-050b6e987e66 Unauthorized: /health
[28/Sep/2026 19:49:18] "GET /health HTTP/1.1" 401 58
WARNING 2026-09-28 19:49:18,576 log request_id=e8c1cc4c-3bfc-44f9-a623-1131740989c0 Unauthorized: /health
[28/Sep/2026 19:49:18] "GET /health HTTP/1.1" 401 58
WARNING 2026-09-28 19:49:18,791 log request_id=6ab39e4a-6d4d-49bf-a0bf-e2b13dead6ba Unauthorized: /health
[28/Sep/2026 19:49:18] "GET /health HTTP/1.1" 401 58
WARNING 2026-09-28 19:49:19,001 log request_id=2a7596be-f35c-4b83-9dca-68872d599f37 Unauthorized: /health
[28/Sep/2026 19:49:19] "GET /health HTTP/1.1" 401 58
WARNING 2026-09-28 19:49:19,209 log request_id=67aedf43-ff63-4a7f-9c38-52c284abd532 Unauthorized: /health
[28/Sep/2026 19:49:19] "GET /health HTTP/1.1" 401 58
WARNING 2026-09-28 19:49:19,418 log request_id=33a31fe8-041d-45c3-917c-cf79e2343938 Unauthorized: /health
[28/Sep/2026 19:49:19] "GET /health HTTP/1.1" 401 58
WARNING 2026-09-28 19:49:19,628 log request_id=2c48fc34-1b23-469e-9ea4-e90e68456b7f Unauthorized: /health
[28/Sep/2026 19:49:19] "GET /health HTTP/1.1" 401 58
WARNING 2026-09-28 19:49:19,836 log request_id=c24cd5ad-fc30-40d8-a016-f2b4b1c2119e Unauthorized: /health
[28/Sep/2026 19:49:19] "GET /health HTTP/1.1" 401 58
WARNING 2026-09-28 19:49:20,047 log request_id=4fe4ae14-ea18-4fdf-b9f5-176e8e90d4f9 Unauthorized: /health
[28/Sep/2026 19:49:20] "GET /health HTTP/1.1" 401 58
WARNING 2026-09-28 19:49:20,255 log request_id=f305f044-4e65-4097-b721-e4a76494c98f Unauthorized: /health
[28/Sep/2026 19:49:20] "GET /health HTTP/1.1" 401 58
WARNING 2026-09-28 19:49:20,463 log request_id=dbefc707-02f7-4bb3-b792-1d8db82dd0f5 Unauthorized: /health
[28/Sep/2026 19:49:20] "GET /health HTTP/1.1" 401 58
WARNING 2026-09-28 19:49:20,678 log request_id=759bae54-7d92-49c2-aa77-9c66b17c21a5 Unauthorized: /health
[28/Sep/2026 19:49:20] "GET /health HTTP/1.1" 401 58
WARNING 2026-09-28 19:49:20,888 log request_id=ecb3486e-3a97-48f6-8472-0dee3f65558a Unauthorized: /health
[28/Sep/2026 19:49:20] "GET /health HTTP/1.1" 401 58
WARNING 2026-09-28 19:49:21,103 log request_id=23299800-ae3f-4ef5-a6b7-18759984adb3 Unauthorized: /health
[28/Sep/2026 19:49:21] "GET /health HTTP/1.1" 401 58
WARNING 2026-09-28 19:49:21,377 log request_id=c922a3e2-a35e-4603-84d3-0be38a0d8971 Unauthorized: /health
[28/Sep/2026 19:49:21] "GET /health HTTP/1.1" 401 58
WARNING 2026-09-28 19:49:21,694 log request_id=bf2df6eb-01e0-4d27-bd06-3d8e5df23d64 Unauthorized: /health
[28/Sep/2026 19:49:21] "GET /health HTTP/1.1" 401 58
WARNING 2026-09-28 19:49:22,085 log request_id=03d08632-f4fa-4d82-91ba-9df8a5d8fa8c Unauthorized: /health
[28/Sep/2026 19:49:22] "GET /health HTTP/1.1" 401 58
WARNING 2026-09-28 19:49:22,292 log request_id=0aa13780-7d47-4ffe-8b58-9953f07156d6 Unauthorized: /health
[28/Sep/2026 19:49:22] "GET /health HTTP/1.1" 401 58
WARNING 2026-09-28 19:49:22,655 log request_id=cfb6b00a-3336-4f14-9bac-4149420e07c0 Unauthorized: /health
[28/Sep/2026 19:49:22] "GET /health HTTP/1.1" 401 58
