WARNING 2026-09-28 19:38:02,727 request_id=6e589e31-7ba8-4386-a4d0-b8cf9a17b925 Unauthorized: /api/integration/health/
WARNING 2026-09-28 19:38:02,732 request_id=6e589e31-7ba8-4386-a4d0-b8cf9a17b925 "GET /api/integration/health/ HTTP/1.1" 401 57
WARNING 2026-09-28 19:38:02,938 request_id=7c7f9d44-748f-46c0-bb9a-e9a06508565b Unauthorized: /api/integration/health/
WARNING 2026-09-28 19:38:02,939 request_id=7c7f9d44-748f-46c0-bb9a-e9a06508565b "GET /api/integration/health/ HTTP/1.1" 401 57
WARNING 2026-09-28 19:38:03,142 request_id=17fafae8-0fc9-4081-861c-29ee3a0e3449 Unauthorized: /api/integration/health/
WARNING 2026-09-28 19:38:03,143 request_id=17fafae8-0fc9-4081-861c-29ee3a0e3449 "GET /api/integration/health/ HTTP/1.1" 401 57
WARNING 2026-09-28 19:38:03,347 request_id=80de2fb9-72c5-4ad3-8013-cd41e0dd0707 Unauthorized: /api/integration/health/
WARNING 2026-09-28 19:38:03,349 request_id=80de2fb9-72c5-4ad3-8013-cd41e0dd0707 "GET /api/integration/health/ HTTP/1.1" 401 57
WARNING 2026-09-28 19:38:03,553 request_id=c7274721-271f-47d7-a80a-e3a37458a996 Unauthorized: /api/integration/health/
WARNING 2026-09-28 19:38:03,554 request_id=c7274721-271f-47d7-a80a-e3a37458a996 "GET /api/integration/health/ HTTP/1.1" 401 57
WARNING 2026-09-28 19:38:03,796 request_id=96ca9c88-84c5-4885-8f93-babc6c41c1e5 Unauthorized: /api/integration/health/
WARNING 2026-09-28 19:38:03,805 request_id=96ca9c88-84c5-4885-8f93-babc6c41c1e5 "GET /api/integration/health/ HTTP/1.1" 401 57
WARNING 2026-09-28 19:38:04,068 request_id=38a798a5-ac1b-46ac-a959-c1fd3ef18233 Unauthorized: /api/integration/health/
WARNING 2026-09-28 19:38:04,074 request_id=38a798a5-ac1b-46ac-a959-c1fd3ef18233 "GET /api/integration/health/ HTTP/1.1" 401 57
WARNING 2026-09-28 19:38:04,278 request_id=dee712da-05f1-47f5-a296-174c3e13f27a Unauthorized: /api/integration/health/
WARNING 2026-09-28 19:38:04,279 request_id=dee712da-05f1-47f5-a296-174c3e13f27a "GET /api/integration/health/ HTTP/1.1" 401 57
WARNING 2026-09-28 19:38:04,503 request_id=b38f4a93-62df-4f80-aa2e-c847808fd737 Unauthorized: /api/integration/health/
WARNING 2026-09-28 19:38:04,504 request_id=b38f4a93-62df-4f80-aa2e-c847808fd737 "GET /api/integration/health/ HTTP/1.1" 401 57
WARNING 2026-09-28 19:38:04,753 request_id=17514c6f-5a91-402e-9b61-c7c59252b1ad Unauthorized: /api/integration/health/
WARNING 2026-09-28 19:38:04,755 request_id=17514c6f-5a91-402e-9b61-c7c59252b1ad "GET /api/integration/health/ HTTP/1.1" 401 57
WARNING 2026-09-28 19:38:04,960 request_id=bfd7f92f-8787-45e3-8302-63b3a760eebc Unauthorized: /api/integration/health/
WARNING 2026-09-28 19:38:04,962 request_id=bfd7f92f-8787-45e3-8302-63b3a760eebc "GET /api/integration/health/ HTTP/1.1" 401 57
WARNING 2026-09-28 19:38:05,170 request_id=faac2f79-c400-4a47-91ed-3bb36568a166 Unauthorized: /api/integration/health/
WARNING 2026-09-28 19:38:05,172 request_id=faac2f79-c400-4a47-91ed-3bb36568a166 "GET /api/integration/health/ HTTP/1.1" 401 57
WARNING 2026-09-28 19:38:05,389 request_id=b33947a4-ac24-4845-ae3f-2437c7bf8863 Unauthorized: /api/integration/health/
WARNING 2026-09-28 19:38:05,394 request_id=b33947a4-ac24-4845-ae3f-2437c7bf8863 "GET /api/integration/health/ HTTP/1.1" 401 57
WARNING 2026-09-28 19:38:05,599 request_id=051bf804-31d2-44a4-b4ed-bedd5e247819 Unauthorized: /api/integration/health/
WARNING 2026-09-28 19:38:05,602 request_id=051bf804-31d2-44a4-b4ed-bedd5e247819 "GET /api/integration/health/ HTTP/1.1" 401 57
WARNING 2026-09-28 19:38:05,811 request_id=fbc3b7c7-027d-481a-a34b-80d8ba2a04b5 Unauthorized: /api/integration/health/
WARNING 2026-09-28 19:38:05,814 request_id=fbc3b7c7-027d-481a-a34b-80d8ba2a04b5 "GET /api/integration/health/ HTTP/1.1" 401 57
WARNING 2026-09-28 19:38:06,025 request_id=2aafde44-a1ad-4369-ab3f-9269af539708 Unauthorized: /api/integration/health/
WARNING 2026-09-28 19:38:06,028 request_id=2aafde44-a1ad-4369-ab3f-9269af539708 "GET /api/integration/health/ HTTP/1.1" 401 57
WARNING 2026-09-28 19:38:06,234 request_id=94b1c8b0-bd23-4829-9db0-817bb3f91122 Unauthorized: /api/integration/health/
WARNING 2026-09-28 19:38:06,236 request_id=94b1c8b0-bd23-4829-9db0-817bb3f91122 "GET /api/integration/health/ HTTP/1.1" 401 57
WARNING 2026-09-28 19:38:06,443 request_id=618d8486-2716-4ede-a70e-b2b865a29881 Unauthorized: /api/integration/health/
WARNING 2026-09-28 19:38:06,445 request_id=618d8486-2716-4ede-a70e-b2b865a29881 "GET /api/integration/health/ HTTP/1.1" 401 57
WARNING 2026-09-28 19:38:06,651 request_id=54975bea-7aff-4a84-ba45-0d544118daa3 Unauthorized: /api/integration/health/
WARNING 2026-09-28 19:38:06,653 request_id=54975bea-7aff-4a84-ba45-0d544118daa3 "GET /api/integration/health/ HTTP/1.1" 401 57
WARNING 2026-09-28 19:38:06,860 request_id=3dab139f-a5a6-4bc0-abab-6e847eca5677 Unauthorized: /api/integration/health/
WARNING 2026-09-28 19:38:06,861 request_id=3dab139f-a5a6-4bc0-abab-6e847eca5677 "GET /api/integration/health/ HTTP/1.1" 401 57
WARNING 2026-09-28 19:38:07,069 request_id=f737ee91-08ea-42e0-887b-995cf0e2a85d Unauthorized: /api/integration/health/
WARNING 2026-09-28 19:38:07,073 request_id=f737ee91-08ea-42e0-887b-995cf0e2a85d "GET /api/integration/health/ HTTP/1.1" 401 57
WARNING 2026-09-28 19:38:07,280 request_id=f2391019-b195-4f0b-889b-1fde469a2b1a Unauthorized: /api/integration/health/
WARNING 2026-09-28 19:38:07,281 request_id=f2391019-b195-4f0b-889b-1fde469a2b1a "GET /api/integration/health/ HTTP/1.1" 401 57
WARNING 2026-09-28 19:38:07,496 request_id=451ac50b-940d-498f-a63b-8a624292ff4a Unauthorized: /api/integration/health/
WARNING 2026-09-28 19:38:07,498 request_id=451ac50b-940d-498f-a63b-8a624292ff4a "GET /api/integration/health/ HTTP/1.1" 401 57
WARNING 2026-09-28 19:38:07,706 request_id=a4dc1616-bf4f-4f80-94a8-db9e387afa80 Unauthorized: /api/integration/health/
WARNING 2026-09-28 19:38:07,709 request_id=a4dc1616-bf4f-4f80-94a8-db9e387afa80 "GET /api/integration/health/ HTTP/1.1" 401 57
WARNING 2026-09-28 19:38:07,925 request_id=6397cf6b-6d92-4aa6-88cd-da579d47ad42 Unauthorized: /api/integration/health/
WARNING 2026-09-28 19:38:07,928 request_id=6397cf6b-6d92-4aa6-88cd-da579d47ad42 "GET /api/integration/health/ HTTP/1.1" 401 57
WARNING 2026-09-28 19:38:08,136 request_id=9e2e6223-5651-4e57-9bfc-b33e75ad5d23 Unauthorized: /api/integration/health/
WARNING 2026-09-28 19:38:08,139 request_id=9e2e6223-5651-4e57-9bfc-b33e75ad5d23 "GET /api/integration/health/ HTTP/1.1" 401 57
WARNING 2026-09-28 19:38:08,346 request_id=0fa3a7cf-8f28-460c-88d6-1d647e71dab0 Unauthorized: /api/integration/health/
WARNING 2026-09-28 19:38:08,348 request_id=0fa3a7cf-8f28-460c-88d6-1d647e71dab0 "GET /api/integration/health/ HTTP/1.1" 401 57
WARNING 2026-09-28 19:38:08,554 request_id=db696808-c8d3-4c6d-b185-b4feb93a5c2e Unauthorized: /api/integration/health/
WARNING 2026-09-28 19:38:08,556 request_id=db696808-c8d3-4c6d-b185-b4feb93a5c2e "GET /api/integration/health/ HTTP/1.1" 401 57
WARNING 2026-09-28 19:38:08,763 request_id=0e732314-19f6-4cff-8af6-877500c66a4e Unauthorized: /api/integration/health/
WARNING 2026-09-28 19:38:08,764 request_id=0e732314-19f6-4cff-8af6-877500c66a4e "GET /api/integration/health/ HTTP/1.1" 401 57
WARNING 2026-09-28 19:38:08,974 request_id=6c3800cd-4b60-42ed-b26a-aabc33626b9b Unauthorized: /api/integration/health/
WARNING 2026-09-28 19:38:08,976 request_id=6c3800cd-4b60-42ed-b26a-aabc33626b9b "GET /api/integration/health/ HTTP/1.1" 401 57
WARNING 2026-09-28 19:38:09,187 request_id=6b50492e-ebbc-4805-a015-6f15a7060eb8 Unauthorized: /api/integration/health/
WARNING 2026-09-28 19:38:09,189 request_id=6b50492e-ebbc-4805-a015-6f15a7060eb8 "GET /api/integration/health/ HTTP/1.1" 401 57
WARNING 2026-09-28 19:38:09,395 request_id=569a3511-75f9-4834-92c2-b25e29cb247e Unauthorized: /api/integration/health/
WARNING 2026-09-28 19:38:09,396 request_id=569a3511-75f9-4834-92c2-b25e29cb247e "GET /api/integration/health/ HTTP/1.1" 401 57
WARNING 2026-09-28 19:38:09,602 request_id=86c46848-cadc-4a06-988f-76e5b5ae88fd Unauthorized: /api/integration/health/
WARNING 2026-09-28 19:38:09,605 request_id=86c46848-cadc-4a06-988f-76e5b5ae88fd "GET /api/integration/health/ HTTP/1.1" 401 57
WARNING 2026-09-28 19:38:09,812 request_id=eb8d109f-f0af-4ad1-8205-ddd5241b4e07 Unauthorized: /api/integration/health/
WARNING 2026-09-28 19:38:09,815 request_id=eb8d109f-f0af-4ad1-8205-ddd5241b4e07 "GET /api/integration/health/ HTTP/1.1" 401 57
WARNING 2026-09-28 19:38:10,124 request_id=39335b20-5601-4f4d-a240-a84fe1ca3429 Unauthorized: /api/integration/health/
WARNING 2026-09-28 19:38:10,134 request_id=39335b20-5601-4f4d-a240-a84fe1ca3429 "GET /api/integration/health/ HTTP/1.1" 401 57
WARNING 2026-09-28 19:38:10,554 request_id=2ecb35ac-f516-48ef-88a5-20e87d30946b Unauthorized: /api/integration/health/
WARNING 2026-09-28 19:38:10,558 request_id=2ecb35ac-f516-48ef-88a5-20e87d30946b "GET /api/integration/health/ HTTP/1.1" 401 57
WARNING 2026-09-28 19:38:10,823 request_id=0bbc54c2-589e-4aca-8af7-939098cb109b Unauthorized: /api/integration/health/
WARNING 2026-09-28 19:38:10,831 request_id=0bbc54c2-589e-4aca-8af7-939098cb109b "GET /api/integration/health/ HTTP/1.1" 401 57
WARNING 2026-09-28 19:38:11,036 request_id=f4d1d876-4f29-4227-9cbd-7243d769802d Unauthorized: /api/integration/health/
WARNING 2026-09-28 19:38:11,038 request_id=f4d1d876-4f29-4227-9cbd-7243d769802d "GET /api/integration/health/ HTTP/1.1" 401 57
WARNING 2026-09-28 19:38:11,243 request_id=a0827f00-32f9-498d-beea-9965f454d66d Unauthorized: /api/integration/health/
WARNING 2026-09-28 19:38:11,245 request_id=a0827f00-32f9-498d-beea-9965f454d66d "GET /api/integration/health/ HTTP/1.1" 401 57
WARNING 2026-09-28 19:38:11,451 request_id=21138fef-86a6-4f93-82e0-8d9678c2ea1c Unauthorized: /api/integration/health/
WARNING 2026-09-28 19:38:11,452 request_id=21138fef-86a6-4f93-82e0-8d9678c2ea1c "GET /api/integration/health/ HTTP/1.1" 401 57
WARNING 2026-09-28 19:38:11,658 request_id=bbc1dc97-0530-4724-adc3-9b155f2e2551 Unauthorized: /api/integration/health/
WARNING 2026-09-28 19:38:11,659 request_id=bbc1dc97-0530-4724-adc3-9b155f2e2551 "GET /api/integration/health/ HTTP/1.1" 401 57
WARNING 2026-09-28 19:38:11,864 request_id=21a4b8d6-5576-473f-a77c-20ea65fc60e5 Unauthorized: /api/integration/health/
WARNING 2026-09-28 19:38:11,866 request_id=21a4b8d6-5576-473f-a77c-20ea65fc60e5 "GET /api/integration/health/ HTTP/1.1" 401 57
WARNING 2026-09-28 19:38:12,076 request_id=011b8162-6fff-453b-aeec-0e4b9b82bc9a Unauthorized: /api/integration/health/
WARNING 2026-09-28 19:38:12,078 request_id=011b8162-6fff-453b-aeec-0e4b9b82bc9a "GET /api/integration/health/ HTTP/1.1" 401 57
WARNING 2026-09-28 19:38:12,288 request_id=a2acea3a-730c-4234-8ffe-5a5c5cabfd4f Unauthorized: /api/integration/health/
WARNING 2026-09-28 19:38:12,289 request_id=a2acea3a-730c-4234-8ffe-5a5c5cabfd4f "GET /api/integration/health/ HTTP/1.1" 401 57
WARNING 2026-09-28 19:38:12,498 request_id=a0316f5e-70bf-458d-842c-738125254531 Unauthorized: /api/integration/health/
WARNING 2026-09-28 19:38:12,500 request_id=a0316f5e-70bf-458d-842c-738125254531 "GET /api/integration/health/ HTTP/1.1" 401 57
WARNING 2026-09-28 19:38:12,707 request_id=f03f209c-0020-4714-b8f4-99740f85f42f Unauthorized: /api/integration/health/
WARNING 2026-09-28 19:38:12,708 request_id=f03f209c-0020-4714-b8f4-99740f85f42f "GET /api/integration/health/ HTTP/1.1" 401 57
WARNING 2026-09-28 19:38:12,916 request_id=b82f3857-953a-4265-8093-4589e536a0a5 Unauthorized: /api/integration/health/
WARNING 2026-09-28 19:38:12,918 request_id=b82f3857-953a-4265-8093-4589e536a0a5 "GET /api/integration/health/ HTTP/1.1" 401 57
WARNING 2026-09-28 19:38:13,125 request_id=1a22a54c-a345-4087-b518-71eb7a6758e0 Unauthorized: /api/integration/health/
WARNING 2026-09-28 19:38:13,127 request_id=1a22a54c-a345-4087-b518-71eb7a6758e0 "GET /api/integration/health/ HTTP/1.1" 401 57
WARNING 2026-09-28 19:38:13,331 request_id=df2fb447-dea7-41d6-805c-ffb9d53673d1 Unauthorized: /api/integration/health/
WARNING 2026-09-28 19:38:13,333 request_id=df2fb447-dea7-41d6-805c-ffb9d53673d1 "GET /api/integration/health/ HTTP/1.1" 401 57
WARNING 2026-09-28 19:38:13,539 request_id=0eb637e2-ce02-4461-b60a-91cca3f413fe Unauthorized: /api/integration/health/
WARNING 2026-09-28 19:38:13,542 request_id=0eb637e2-ce02-4461-b60a-91cca3f413fe "GET /api/integration/health/ HTTP/1.1" 401 57
WARNING 2026-09-28 19:38:13,751 request_id=b708a26c-68f3-49a3-95da-af49359da922 Unauthorized: /api/integration/health/
WARNING 2026-09-28 19:38:13,755 request_id=b708a26c-68f3-49a3-95da-af49359da922 "GET /api/integration/health/ HTTP/1.1" 401 57
WARNING 2026-09-28 19:38:13,973 request_id=9be8d7ca-95ac-4fd8-8af0-648012d7a44a Unauthorized: /api/integration/health/
WARNING 2026-09-28 19:38:13,974 request_id=9be8d7ca-95ac-4fd8-8af0-648012d7a44a "GET /api/integration/health/ HTTP/1.1" 401 57
WARNING 2026-09-28 19:38:14,181 request_id=23e3a7c7-1e4d-41b1-ad65-1bbf1ac78c37 Unauthorized: /api/integration/health/
WARNING 2026-09-28 19:38:14,182 request_id=23e3a7c7-1e4d-41b1-ad65-1bbf1ac78c37 "GET /api/integration/health/ HTTP/1.1" 401 57
WARNING 2026-09-28 19:38:14,391 request_id=2377fecc-4a69-45f6-985a-fa75bdaaa3f5 Unauthorized: /api/integration/health/
WARNING 2026-09-28 19:38:14,393 request_id=2377fecc-4a69-45f6-985a-fa75bdaaa3f5 "GET /api/integration/health/ HTTP/1.1" 401 57
WARNING 2026-09-28 19:38:14,603 request_id=653e182d-ee17-493f-b261-69bb916355fe Unauthorized: /api/integration/health/
WARNING 2026-09-28 19:38:14,605 request_id=653e182d-ee17-493f-b261-69bb916355fe "GET /api/integration/health/ HTTP/1.1" 401 57
WARNING 2026-09-28 19:38:14,811 request_id=57846911-2f1a-41fd-baf1-d53d1748214e Unauthorized: /api/integration/health/
WARNING 2026-09-28 19:38:14,813 request_id=57846911-2f1a-41fd-baf1-d53d1748214e "GET /api/integration/health/ HTTP/1.1" 401 57
WARNING 2026-09-28 19:38:15,025 request_id=886ed4f6-4802-4cc1-8042-95b53688a350 Unauthorized: /api/integration/health/
WARNING 2026-09-28 19:38:15,027 request_id=886ed4f6-4802-4cc1-8042-95b53688a350 "GET /api/integration/health/ HTTP/1.1" 401 57
WARNING 2026-09-28 19:38:15,237 request_id=52bdb906-3c66-4534-8544-84bd13eab60c Unauthorized: /api/integration/health/
WARNING 2026-09-28 19:38:15,239 request_id=52bdb906-3c66-4534-8544-84bd13eab60c "GET /api/integration/health/ HTTP/1.1" 401 57
WARNING 2026-09-28 19:38:15,450 request_id=3fec087a-2e12-4bbb-aa7c-ec60e40912e3 Unauthorized: /api/integration/health/
WARNING 2026-09-28 19:38:15,451 request_id=3fec087a-2e12-4bbb-aa7c-ec60e40912e3 "GET /api/integration/health/ HTTP/1.1" 401 57
WARNING 2026-09-28 19:38:15,657 request_id=23a042e4-4ef7-4dd0-bf3b-781b76a28196 Unauthorized: /api/integration/health/
WARNING 2026-09-28 19:38:15,659 request_id=23a042e4-4ef7-4dd0-bf3b-781b76a28196 "GET /api/integration/health/ HTTP/1.1" 401 57
WARNING 2026-09-28 19:38:15,867 request_id=e1ffc90d-6e20-4385-bd42-dd63f0de524a Unauthorized: /api/integration/health/
WARNING 2026-09-28 19:38:15,868 request_id=e1ffc90d-6e20-4385-bd42-dd63f0de524a "GET /api/integration/health/ HTTP/1.1" 401 57
WARNING 2026-09-28 19:38:16,082 request_id=e0bbbde6-7701-45af-a76b-284068afc901 Unauthorized: /api/integration/health/
WARNING 2026-09-28 19:38:16,083 request_id=e0bbbde6-7701-45af-a76b-284068afc901 "GET /api/integration/health/ HTTP/1.1" 401 57
WARNING 2026-09-28 19:38:16,390 request_id=f727c618-48e9-4916-8407-9967cc15c7f4 Unauthorized: /api/integration/health/
WARNING 2026-09-28 19:38:16,394 request_id=f727c618-48e9-4916-8407-9967cc15c7f4 "GET /api/integration/health/ HTTP/1.1" 401 57
WARNING 2026-09-28 19:38:16,631 request_id=63a7b4a1-dff1-4351-81d3-9ba6dbf03b88 Unauthorized: /api/integration/health/
WARNING 2026-09-28 19:38:16,636 request_id=63a7b4a1-dff1-4351-81d3-9ba6dbf03b88 "GET /api/integration/health/ HTTP/1.1" 401 57
WARNING 2026-09-28 19:38:17,004 request_id=eaeca888-6b89-42d5-ada4-d6246a9d9bfb Unauthorized: /api/integration/health/
WARNING 2026-09-28 19:38:17,023 request_id=eaeca888-6b89-42d5-ada4-d6246a9d9bfb "GET /api/integration/health/ HTTP/1.1" 401 57
WARNING 2026-09-28 19:38:17,229 request_id=953b5cff-5471-4e2f-9501-f72143d2e3c3 Unauthorized: /api/integration/health/
WARNING 2026-09-28 19:38:17,241 request_id=953b5cff-5471-4e2f-9501-f72143d2e3c3 "GET /api/integration/health/ HTTP/1.1" 401 57
WARNING 2026-09-28 19:38:17,441 request_id=7e108fab-9798-41b3-8632-44468555e2ad Unauthorized: /api/integration/health/
WARNING 2026-09-28 19:38:17,443 request_id=7e108fab-9798-41b3-8632-44468555e2ad "GET /api/integration/health/ HTTP/1.1" 401 57
WARNING 2026-09-28 19:38:17,659 request_id=81dbd699-362b-4b14-a2ae-956e4eb2e7a1 Unauthorized: /api/integration/health/
WARNING 2026-09-28 19:38:17,660 request_id=81dbd699-362b-4b14-a2ae-956e4eb2e7a1 "GET /api/integration/health/ HTTP/1.1" 401 57
WARNING 2026-09-28 19:38:17,865 request_id=e84ba043-3a05-4afd-b285-54b532e81377 Unauthorized: /api/integration/health/
WARNING 2026-09-28 19:38:17,867 request_id=e84ba043-3a05-4afd-b285-54b532e81377 "GET /api/integration/health/ HTTP/1.1" 401 57
WARNING 2026-09-28 19:38:18,073 request_id=925f15bd-62cc-461f-8a46-eedb61494434 Unauthorized: /api/integration/health/
WARNING 2026-09-28 19:38:18,075 request_id=925f15bd-62cc-461f-8a46-eedb61494434 "GET /api/integration/health/ HTTP/1.1" 401 57
WARNING 2026-09-28 19:38:18,282 request_id=f6b36fd0-a0d6-4de9-8646-000a5ad52f64 Unauthorized: /api/integration/health/
WARNING 2026-09-28 19:38:18,284 request_id=f6b36fd0-a0d6-4de9-8646-000a5ad52f64 "GET /api/integration/health/ HTTP/1.1" 401 57
WARNING 2026-09-28 19:38:18,490 request_id=c63f665c-677e-48f8-8f86-260365ac696c Unauthorized: /api/integration/health/
WARNING 2026-09-28 19:38:18,491 request_id=c63f665c-677e-48f8-8f86-260365ac696c "GET /api/integration/health/ HTTP/1.1" 401 57
WARNING 2026-09-28 19:38:18,702 request_id=4846043b-af8c-4d6f-9918-ed13587683a0 Unauthorized: /api/integration/health/
WARNING 2026-09-28 19:38:18,703 request_id=4846043b-af8c-4d6f-9918-ed13587683a0 "GET /api/integration/health/ HTTP/1.1" 401 57
WARNING 2026-09-28 19:38:18,909 request_id=33942f76-81c9-4a74-b585-398a03d24731 Unauthorized: /api/integration/health/
WARNING 2026-09-28 19:38:18,911 request_id=33942f76-81c9-4a74-b585-398a03d24731 "GET /api/integration/health/ HTTP/1.1" 401 57
WARNING 2026-09-28 19:38:19,137 request_id=396bc939-b19b-4585-9cd8-eeaee4af8acf Unauthorized: /api/integration/health/
WARNING 2026-09-28 19:38:19,137 request_id=396bc939-b19b-4585-9cd8-eeaee4af8acf "GET /api/integration/health/ HTTP/1.1" 401 57
WARNING 2026-09-28 19:38:19,345 request_id=e7b64675-35ea-45e5-a596-6b219619bc19 Unauthorized: /api/integration/health/
WARNING 2026-09-28 19:38:19,347 request_id=e7b64675-35ea-45e5-a596-6b219619bc19 "GET /api/integration/health/ HTTP/1.1" 401 57
WARNING 2026-09-28 19:38:19,553 request_id=600e4edb-3d9f-4ca9-ab8c-24b02f165091 Unauthorized: /api/integration/health/
WARNING 2026-09-28 19:38:19,554 request_id=600e4edb-3d9f-4ca9-ab8c-24b02f165091 "GET /api/integration/health/ HTTP/1.1" 401 57
WARNING 2026-09-28 19:38:19,760 request_id=079f2dde-ee0b-4391-8717-a8997f0d3c0f Unauthorized: /api/integration/health/
WARNING 2026-09-28 19:38:19,761 request_id=079f2dde-ee0b-4391-8717-a8997f0d3c0f "GET /api/integration/health/ HTTP/1.1" 401 57
WARNING 2026-09-28 19:38:19,966 request_id=6faabc7e-2036-48c2-9fa2-41de2e30055d Unauthorized: /api/integration/health/
WARNING 2026-09-28 19:38:19,969 request_id=6faabc7e-2036-48c2-9fa2-41de2e30055d "GET /api/integration/health/ HTTP/1.1" 401 57
WARNING 2026-09-28 19:38:20,176 request_id=20ed5f90-bb94-4ff5-8b30-8a10f064574c Unauthorized: /api/integration/health/
WARNING 2026-09-28 19:38:20,177 request_id=20ed5f90-bb94-4ff5-8b30-8a10f064574c "GET /api/integration/health/ HTTP/1.1" 401 57
WARNING 2026-09-28 19:38:20,385 request_id=c1e94302-aa70-4387-b73c-4adff44090e6 Unauthorized: /api/integration/health/
WARNING 2026-09-28 19:38:20,387 request_id=c1e94302-aa70-4387-b73c-4adff44090e6 "GET /api/integration/health/ HTTP/1.1" 401 57
WARNING 2026-09-28 19:38:20,596 request_id=7225819a-4b60-43a1-9db9-e9790db60b3b Unauthorized: /api/integration/health/
WARNING 2026-09-28 19:38:20,597 request_id=7225819a-4b60-43a1-9db9-e9790db60b3b "GET /api/integration/health/ HTTP/1.1" 401 57
WARNING 2026-09-28 19:38:20,803 request_id=b53fbf95-429d-45fd-be4a-645741428be3 Unauthorized: /api/integration/health/
WARNING 2026-09-28 19:38:20,804 request_id=b53fbf95-429d-45fd-be4a-645741428be3 "GET /api/integration/health/ HTTP/1.1" 401 57
WARNING 2026-09-28 19:38:21,010 request_id=241ed4d1-d4d1-4288-99b0-9f36c74823ae Unauthorized: /api/integration/health/
WARNING 2026-09-28 19:38:21,011 request_id=241ed4d1-d4d1-4288-99b0-9f36c74823ae "GET /api/integration/health/ HTTP/1.1" 401 57
WARNING 2026-09-28 19:38:21,217 request_id=270b0884-f1bb-4bf9-b969-cead4df491b3 Unauthorized: /api/integration/health/
WARNING 2026-09-28 19:38:21,218 request_id=270b0884-f1bb-4bf9-b969-cead4df491b3 "GET /api/integration/health/ HTTP/1.1" 401 57
WARNING 2026-09-28 19:38:21,422 request_id=c3c7220f-ec62-444b-91bd-621370bde079 Unauthorized: /api/integration/health/
WARNING 2026-09-28 19:38:21,424 request_id=c3c7220f-ec62-444b-91bd-621370bde079 "GET /api/integration/health/ HTTP/1.1" 401 57
WARNING 2026-09-28 19:38:21,639 request_id=9163bdec-d72a-462f-8c44-b9e616fe78d0 Unauthorized: /api/integration/health/
WARNING 2026-09-28 19:38:21,640 request_id=9163bdec-d72a-462f-8c44-b9e616fe78d0 "GET /api/integration/health/ HTTP/1.1" 401 57
WARNING 2026-09-28 19:38:21,847 request_id=8ed2cd2d-fe6c-4a65-9c4d-cef047e114b3 Unauthorized: /api/integration/health/
WARNING 2026-09-28 19:38:21,851 request_id=8ed2cd2d-fe6c-4a65-9c4d-cef047e114b3 "GET /api/integration/health/ HTTP/1.1" 401 57
WARNING 2026-09-28 19:38:22,071 request_id=ddacac25-0a1d-4fb5-b341-41933a0f1b67 Unauthorized: /api/integration/health/
WARNING 2026-09-28 19:38:22,077 request_id=ddacac25-0a1d-4fb5-b341-41933a0f1b67 "GET /api/integration/health/ HTTP/1.1" 401 57
WARNING 2026-09-28 19:38:22,280 request_id=601d1f8f-3dd1-44cb-b8c5-9f4f36466972 Unauthorized: /api/integration/health/
WARNING 2026-09-28 19:38:22,281 request_id=601d1f8f-3dd1-44cb-b8c5-9f4f36466972 "GET /api/integration/health/ HTTP/1.1" 401 57
WARNING 2026-09-28 19:38:22,484 request_id=441b4573-711f-404e-953b-6ec1cc61df7b Unauthorized: /api/integration/health/
WARNING 2026-09-28 19:38:22,485 request_id=441b4573-711f-404e-953b-6ec1cc61df7b "GET /api/integration/health/ HTTP/1.1" 401 57
WARNING 2026-09-28 19:38:22,691 request_id=0534e8c1-68cf-4c4e-883a-a7f52d149665 Unauthorized: /api/integration/health/
WARNING 2026-09-28 19:38:22,692 request_id=0534e8c1-68cf-4c4e-883a-a7f52d149665 "GET /api/integration/health/ HTTP/1.1" 401 57
WARNING 2026-09-28 19:38:23,100 request_id=d0a61ebe-8096-426d-8fa6-b0ee1891199d Unauthorized: /api/integration/health/
WARNING 2026-09-28 19:38:23,106 request_id=d0a61ebe-8096-426d-8fa6-b0ee1891199d "GET /api/integration/health/ HTTP/1.1" 401 57
WARNING 2026-09-28 19:38:23,390 request_id=05d9c936-00f1-4e01-b90f-d15e0b6745e6 Unauthorized: /api/integration/health/
WARNING 2026-09-28 19:38:23,394 request_id=05d9c936-00f1-4e01-b90f-d15e0b6745e6 "GET /api/integration/health/ HTTP/1.1" 401 57
WARNING 2026-09-28 19:38:23,628 request_id=e8ddd528-9721-4a0f-8684-58d4f2d6fb40 Unauthorized: /api/integration/health/
WARNING 2026-09-28 19:38:23,635 request_id=e8ddd528-9721-4a0f-8684-58d4f2d6fb40 "GET /api/integration/health/ HTTP/1.1" 401 57
WARNING 2026-09-28 19:38:23,838 request_id=a081027d-0800-439f-a453-38a7ba2c8a51 Unauthorized: /api/integration/health/
WARNING 2026-09-28 19:38:23,839 request_id=a081027d-0800-439f-a453-38a7ba2c8a51 "GET /api/integration/health/ HTTP/1.1" 401 57
WARNING 2026-09-28 19:38:24,059 request_id=64050508-cf17-43ba-b3b5-c55fd0a77119 Unauthorized: /api/integration/health/
WARNING 2026-09-28 19:38:24,065 request_id=64050508-cf17-43ba-b3b5-c55fd0a77119 "GET /api/integration/health/ HTTP/1.1" 401 57
WARNING 2026-09-28 19:38:24,280 request_id=e5aad8b1-53d7-4117-928a-a3281f2da026 Unauthorized: /api/integration/health/
WARNING 2026-09-28 19:38:24,282 request_id=e5aad8b1-53d7-4117-928a-a3281f2da026 "GET /api/integration/health/ HTTP/1.1" 401 57
WARNING 2026-09-28 19:38:24,496 request_id=c95e16b4-bba9-4934-8e03-a3bc7454e25f Unauthorized: /api/integration/health/
WARNING 2026-09-28 19:38:24,498 request_id=c95e16b4-bba9-4934-8e03-a3bc7454e25f "GET /api/integration/health/ HTTP/1.1" 401 57
WARNING 2026-09-28 19:38:24,708 request_id=04b0a855-223b-4855-a2da-e126c757b06a Unauthorized: /api/integration/health/
WARNING 2026-09-28 19:38:24,710 request_id=04b0a855-223b-4855-a2da-e126c757b06a "GET /api/integration/health/ HTTP/1.1" 401 57
WARNING 2026-09-28 19:38:24,917 request_id=2707f34f-922f-4814-8fb2-4cef323676a6 Unauthorized: /api/integration/health/
WARNING 2026-09-28 19:38:24,918 request_id=2707f34f-922f-4814-8fb2-4cef323676a6 "GET /api/integration/health/ HTTP/1.1" 401 57
WARNING 2026-09-28 19:38:25,124 request_id=14ef1164-d2af-4394-b6b2-b34640c95d86 Unauthorized: /api/integration/health/
WARNING 2026-09-28 19:38:25,125 request_id=14ef1164-d2af-4394-b6b2-b34640c95d86 "GET /api/integration/health/ HTTP/1.1" 401 57
WARNING 2026-09-28 19:38:25,343 request_id=f02e5909-fb52-41c6-a753-f09a21547e1e Unauthorized: /api/integration/health/
WARNING 2026-09-28 19:38:25,347 request_id=f02e5909-fb52-41c6-a753-f09a21547e1e "GET /api/integration/health/ HTTP/1.1" 401 57
WARNING 2026-09-28 19:38:25,551 request_id=c6f6d989-bc9c-4bb2-a961-f75ac1b6b3e1 Unauthorized: /api/integration/health/
WARNING 2026-09-28 19:38:25,553 request_id=c6f6d989-bc9c-4bb2-a961-f75ac1b6b3e1 "GET /api/integration/health/ HTTP/1.1" 401 57
WARNING 2026-09-28 19:38:25,762 request_id=4eabee66-36c3-4f7c-bcdb-89c2be55d4b7 Unauthorized: /api/integration/health/
WARNING 2026-09-28 19:38:25,764 request_id=4eabee66-36c3-4f7c-bcdb-89c2be55d4b7 "GET /api/integration/health/ HTTP/1.1" 401 57
WARNING 2026-09-28 19:38:25,970 request_id=9b9e116f-ce61-43e5-a93a-4dd541852e10 Unauthorized: /api/integration/health/
WARNING 2026-09-28 19:38:25,972 request_id=9b9e116f-ce61-43e5-a93a-4dd541852e10 "GET /api/integration/health/ HTTP/1.1" 401 57
WARNING 2026-09-28 19:38:26,177 request_id=d0fa44b7-2d0d-486b-8e57-5b7195bdbae7 Unauthorized: /api/integration/health/
WARNING 2026-09-28 19:38:26,177 request_id=d0fa44b7-2d0d-486b-8e57-5b7195bdbae7 "GET /api/integration/health/ HTTP/1.1" 401 57
WARNING 2026-09-28 19:38:26,389 request_id=c6bab86b-a22e-4467-8a1b-f4697c797813 Unauthorized: /api/integration/health/
WARNING 2026-09-28 19:38:26,391 request_id=c6bab86b-a22e-4467-8a1b-f4697c797813 "GET /api/integration/health/ HTTP/1.1" 401 57
WARNING 2026-09-28 19:38:26,601 request_id=63cc2775-8e1f-43a7-ab30-362e0f5b4882 Unauthorized: /api/integration/health/
WARNING 2026-09-28 19:38:26,603 request_id=63cc2775-8e1f-43a7-ab30-362e0f5b4882 "GET /api/integration/health/ HTTP/1.1" 401 57
WARNING 2026-09-28 19:38:26,810 request_id=c6aed506-cdf3-4826-a392-15df5f6662ef Unauthorized: /api/integration/health/
WARNING 2026-09-28 19:38:26,812 request_id=c6aed506-cdf3-4826-a392-15df5f6662ef "GET /api/integration/health/ HTTP/1.1" 401 57
WARNING 2026-09-28 19:38:27,023 request_id=c90ffe9f-a27e-49c0-a784-154d751ec394 Unauthorized: /api/integration/health/
WARNING 2026-09-28 19:38:27,025 request_id=c90ffe9f-a27e-49c0-a784-154d751ec394 "GET /api/integration/health/ HTTP/1.1" 401 57
WARNING 2026-09-28 19:38:27,231 request_id=4b21056a-a6de-4b2e-aa85-0b3495975134 Unauthorized: /api/integration/health/
WARNING 2026-09-28 19:38:27,232 request_id=4b21056a-a6de-4b2e-aa85-0b3495975134 "GET /api/integration/health/ HTTP/1.1" 401 57
WARNING 2026-09-28 19:38:27,440 request_id=d87fc0ef-007a-4ed4-9464-4edc73b72c48 Unauthorized: /api/integration/health/
WARNING 2026-09-28 19:38:27,444 request_id=d87fc0ef-007a-4ed4-9464-4edc73b72c48 "GET /api/integration/health/ HTTP/1.1" 401 57
WARNING 2026-09-28 19:38:27,651 request_id=89d7c264-a449-4e36-a2d3-b561b4d3c996 Unauthorized: /api/integration/health/
WARNING 2026-09-28 19:38:27,653 request_id=89d7c264-a449-4e36-a2d3-b561b4d3c996 "GET /api/integration/health/ HTTP/1.1" 401 57
WARNING 2026-09-28 19:38:27,862 request_id=27697fcd-a2ff-48a0-a59b-7805169d1383 Unauthorized: /api/integration/health/
WARNING 2026-09-28 19:38:27,863 request_id=27697fcd-a2ff-48a0-a59b-7805169d1383 "GET /api/integration/health/ HTTP/1.1" 401 57
WARNING 2026-09-28 19:38:28,073 request_id=d812bb45-97d6-4057-bfbf-cc4d0567f5d7 Unauthorized: /api/integration/health/
WARNING 2026-09-28 19:38:28,075 request_id=d812bb45-97d6-4057-bfbf-cc4d0567f5d7 "GET /api/integration/health/ HTTP/1.1" 401 57
WARNING 2026-09-28 19:38:28,285 request_id=06ecfdb4-229a-4aa0-b27c-c2add0ac5a28 Unauthorized: /api/integration/health/
WARNING 2026-09-28 19:38:28,287 request_id=06ecfdb4-229a-4aa0-b27c-c2add0ac5a28 "GET /api/integration/health/ HTTP/1.1" 401 57
WARNING 2026-09-28 19:38:28,495 request_id=53011efc-27e0-4873-85d4-d36f96b06388 Unauthorized: /api/integration/health/
WARNING 2026-09-28 19:38:28,497 request_id=53011efc-27e0-4873-85d4-d36f96b06388 "GET /api/integration/health/ HTTP/1.1" 401 57
WARNING 2026-09-28 19:38:28,719 request_id=77db9546-5855-4aff-b2d6-54e5a8b95982 Unauthorized: /api/integration/health/
WARNING 2026-09-28 19:38:28,721 request_id=77db9546-5855-4aff-b2d6-54e5a8b95982 "GET /api/integration/health/ HTTP/1.1" 401 57
WARNING 2026-09-28 19:38:28,926 request_id=cc341c58-665b-4102-b9a2-8ded0490cfe3 Unauthorized: /api/integration/health/
WARNING 2026-09-28 19:38:28,927 request_id=cc341c58-665b-4102-b9a2-8ded0490cfe3 "GET /api/integration/health/ HTTP/1.1" 401 57
WARNING 2026-09-28 19:38:29,137 request_id=fd89cefb-5ecb-4ce3-8de4-c23b8ad688a9 Unauthorized: /api/integration/health/
WARNING 2026-09-28 19:38:29,138 request_id=fd89cefb-5ecb-4ce3-8de4-c23b8ad688a9 "GET /api/integration/health/ HTTP/1.1" 401 57
WARNING 2026-09-28 19:38:29,344 request_id=77af96b9-07e7-4859-b4f8-9f2cf74b1f9c Unauthorized: /api/integration/health/
WARNING 2026-09-28 19:38:29,347 request_id=77af96b9-07e7-4859-b4f8-9f2cf74b1f9c "GET /api/integration/health/ HTTP/1.1" 401 57
WARNING 2026-09-28 19:38:29,617 request_id=6fbced3e-f0ef-4cbe-968d-3ffcf1532f18 Unauthorized: /api/integration/health/
WARNING 2026-09-28 19:38:29,624 request_id=6fbced3e-f0ef-4cbe-968d-3ffcf1532f18 "GET /api/integration/health/ HTTP/1.1" 401 57
WARNING 2026-09-28 19:38:29,904 request_id=384e2977-44da-4f39-9632-1b0ea54a3fb8 Unauthorized: /api/integration/health/
WARNING 2026-09-28 19:38:29,905 request_id=384e2977-44da-4f39-9632-1b0ea54a3fb8 "GET /api/integration/health/ HTTP/1.1" 401 57
WARNING 2026-09-28 19:38:30,297 request_id=2b631fcf-eb2d-487b-af57-6e153d94e92c Unauthorized: /api/integration/health/
WARNING 2026-09-28 19:38:30,301 request_id=2b631fcf-eb2d-487b-af57-6e153d94e92c "GET /api/integration/health/ HTTP/1.1" 401 57
WARNING 2026-09-28 19:38:30,505 request_id=41b92d61-3a4f-4d77-825b-f5e59149bc39 Unauthorized: /api/integration/health/
WARNING 2026-09-28 19:38:30,506 request_id=41b92d61-3a4f-4d77-825b-f5e59149bc39 "GET /api/integration/health/ HTTP/1.1" 401 57
WARNING 2026-09-28 19:38:30,711 request_id=de60da68-8486-4dab-948c-ef9fe0ec8ce8 Unauthorized: /api/integration/health/
WARNING 2026-09-28 19:38:30,712 request_id=de60da68-8486-4dab-948c-ef9fe0ec8ce8 "GET /api/integration/health/ HTTP/1.1" 401 57
WARNING 2026-09-28 19:38:30,917 request_id=1496d0f6-1a1e-4a1f-863f-9940ea46fae3 Unauthorized: /api/integration/health/
WARNING 2026-09-28 19:38:30,918 request_id=1496d0f6-1a1e-4a1f-863f-9940ea46fae3 "GET /api/integration/health/ HTTP/1.1" 401 57
WARNING 2026-09-28 19:38:31,125 request_id=f2b63d6c-dd52-4bff-ab57-e13f6497c76b Unauthorized: /api/integration/health/
WARNING 2026-09-28 19:38:31,126 request_id=f2b63d6c-dd52-4bff-ab57-e13f6497c76b "GET /api/integration/health/ HTTP/1.1" 401 57
WARNING 2026-09-28 19:38:31,332 request_id=cfc0d4da-75e4-4c3b-ac61-11a7379aaed2 Unauthorized: /api/integration/health/
WARNING 2026-09-28 19:38:31,333 request_id=cfc0d4da-75e4-4c3b-ac61-11a7379aaed2 "GET /api/integration/health/ HTTP/1.1" 401 57
WARNING 2026-09-28 19:38:31,539 request_id=c2a83f90-cf77-4040-a3a0-9c7f3c1b7d7f Unauthorized: /api/integration/health/
WARNING 2026-09-28 19:38:31,540 request_id=c2a83f90-cf77-4040-a3a0-9c7f3c1b7d7f "GET /api/integration/health/ HTTP/1.1" 401 57
WARNING 2026-09-28 19:38:31,746 request_id=92c7f122-c146-4f46-a125-825a24be32c9 Unauthorized: /api/integration/health/
WARNING 2026-09-28 19:38:31,747 request_id=92c7f122-c146-4f46-a125-825a24be32c9 "GET /api/integration/health/ HTTP/1.1" 401 57
WARNING 2026-09-28 19:38:31,953 request_id=c506ae64-2224-4a53-94ab-150dd8f7619a Unauthorized: /api/integration/health/
WARNING 2026-09-28 19:38:31,954 request_id=c506ae64-2224-4a53-94ab-150dd8f7619a "GET /api/integration/health/ HTTP/1.1" 401 57
WARNING 2026-09-28 19:38:32,163 request_id=d902e48c-e682-4795-8e54-93a2e659e4d3 Unauthorized: /api/integration/health/
WARNING 2026-09-28 19:38:32,165 request_id=d902e48c-e682-4795-8e54-93a2e659e4d3 "GET /api/integration/health/ HTTP/1.1" 401 57
WARNING 2026-09-28 19:38:32,373 request_id=137bd044-0b2d-4524-a730-3bc283a2cb9b Unauthorized: /api/integration/health/
WARNING 2026-09-28 19:38:32,375 request_id=137bd044-0b2d-4524-a730-3bc283a2cb9b "GET /api/integration/health/ HTTP/1.1" 401 57
WARNING 2026-09-28 19:38:32,580 request_id=fe5ba6d8-56f1-40e6-86e4-71ad4a992dce Unauthorized: /api/integration/health/
WARNING 2026-09-28 19:38:32,582 request_id=fe5ba6d8-56f1-40e6-86e4-71ad4a992dce "GET /api/integration/health/ HTTP/1.1" 401 57
WARNING 2026-09-28 19:38:32,789 request_id=0885f341-84f5-4994-8a21-a90f67704718 Unauthorized: /api/integration/health/
WARNING 2026-09-28 19:38:32,790 request_id=0885f341-84f5-4994-8a21-a90f67704718 "GET /api/integration/health/ HTTP/1.1" 401 57
WARNING 2026-09-28 19:38:33,014 request_id=6259447b-5e14-43bc-bc55-0e9864e6bbb5 Unauthorized: /api/integration/health/
WARNING 2026-09-28 19:38:33,017 request_id=6259447b-5e14-43bc-bc55-0e9864e6bbb5 "GET /api/integration/health/ HTTP/1.1" 401 57
WARNING 2026-09-28 19:38:33,225 request_id=26031c5c-21bf-4051-bbd0-43996674b74c Unauthorized: /api/integration/health/
WARNING 2026-09-28 19:38:33,227 request_id=26031c5c-21bf-4051-bbd0-43996674b74c "GET /api/integration/health/ HTTP/1.1" 401 57
WARNING 2026-09-28 19:38:33,433 request_id=d1d7009e-5199-4667-969b-506ca1cfbf63 Unauthorized: /api/integration/health/
WARNING 2026-09-28 19:38:33,434 request_id=d1d7009e-5199-4667-969b-506ca1cfbf63 "GET /api/integration/health/ HTTP/1.1" 401 57
WARNING 2026-09-28 19:38:33,639 request_id=8b5233be-b415-46d6-8f2f-007b5ddf7a3f Unauthorized: /api/integration/health/
WARNING 2026-09-28 19:38:33,641 request_id=8b5233be-b415-46d6-8f2f-007b5ddf7a3f "GET /api/integration/health/ HTTP/1.1" 401 57
WARNING 2026-09-28 19:38:33,858 request_id=3fea1bed-b09b-483b-9f84-aa01f0b85a38 Unauthorized: /api/integration/health/
WARNING 2026-09-28 19:38:33,860 request_id=3fea1bed-b09b-483b-9f84-aa01f0b85a38 "GET /api/integration/health/ HTTP/1.1" 401 57
WARNING 2026-09-28 19:38:34,065 request_id=6c4e3c71-e81e-499d-ab3a-be4c200ba45f Unauthorized: /api/integration/health/
WARNING 2026-09-28 19:38:34,067 request_id=6c4e3c71-e81e-499d-ab3a-be4c200ba45f "GET /api/integration/health/ HTTP/1.1" 401 57
WARNING 2026-09-28 19:38:34,274 request_id=58c730f2-538a-42cd-8357-328720a60a05 Unauthorized: /api/integration/health/
WARNING 2026-09-28 19:38:34,275 request_id=58c730f2-538a-42cd-8357-328720a60a05 "GET /api/integration/health/ HTTP/1.1" 401 57
WARNING 2026-09-28 19:38:34,482 request_id=666edc89-6323-4d17-9d68-956c5d11ac95 Unauthorized: /api/integration/health/
WARNING 2026-09-28 19:38:34,483 request_id=666edc89-6323-4d17-9d68-956c5d11ac95 "GET /api/integration/health/ HTTP/1.1" 401 57
WARNING 2026-09-28 19:38:34,689 request_id=30402bb0-9d67-45b4-abaf-14498766944f Unauthorized: /api/integration/health/
WARNING 2026-09-28 19:38:34,691 request_id=30402bb0-9d67-45b4-abaf-14498766944f "GET /api/integration/health/ HTTP/1.1" 401 57
WARNING 2026-09-28 19:38:34,898 request_id=eed564fb-454c-47c3-8712-870287444972 Unauthorized: /api/integration/health/
WARNING 2026-09-28 19:38:34,900 request_id=eed564fb-454c-47c3-8712-870287444972 "GET /api/integration/health/ HTTP/1.1" 401 57
WARNING 2026-09-28 19:38:35,111 request_id=2ee59eb9-1f1b-40bd-9b90-9fdd73f4014e Unauthorized: /api/integration/health/
WARNING 2026-09-28 19:38:35,112 request_id=2ee59eb9-1f1b-40bd-9b90-9fdd73f4014e "GET /api/integration/health/ HTTP/1.1" 401 57
WARNING 2026-09-28 19:38:35,320 request_id=1af02eb7-89bc-4e53-b695-0ebec351334e Unauthorized: /api/integration/health/
WARNING 2026-09-28 19:38:35,322 request_id=1af02eb7-89bc-4e53-b695-0ebec351334e "GET /api/integration/health/ HTTP/1.1" 401 57
WARNING 2026-09-28 19:38:35,528 request_id=c2a83eb7-83c9-46b2-b3db-7627f3ace6bd Unauthorized: /api/integration/health/
WARNING 2026-09-28 19:38:35,530 request_id=c2a83eb7-83c9-46b2-b3db-7627f3ace6bd "GET /api/integration/health/ HTTP/1.1" 401 57
WARNING 2026-09-28 19:38:35,735 request_id=b439a569-4382-45ed-b828-7885d4a7f293 Unauthorized: /api/integration/health/
WARNING 2026-09-28 19:38:35,737 request_id=b439a569-4382-45ed-b828-7885d4a7f293 "GET /api/integration/health/ HTTP/1.1" 401 57
WARNING 2026-09-28 19:38:35,942 request_id=104fab5c-8e1e-4887-8cb9-2d0de20f7f8c Unauthorized: /api/integration/health/
WARNING 2026-09-28 19:38:35,943 request_id=104fab5c-8e1e-4887-8cb9-2d0de20f7f8c "GET /api/integration/health/ HTTP/1.1" 401 57
WARNING 2026-09-28 19:38:36,149 request_id=229cd719-4a4f-4f88-9f81-ef0b649f69c4 Unauthorized: /api/integration/health/
WARNING 2026-09-28 19:38:36,150 request_id=229cd719-4a4f-4f88-9f81-ef0b649f69c4 "GET /api/integration/health/ HTTP/1.1" 401 57
WARNING 2026-09-28 19:38:36,396 request_id=ab0b4b8e-11b1-46b1-b3f7-5221213fc20e Unauthorized: /api/integration/health/
WARNING 2026-09-28 19:38:36,397 request_id=ab0b4b8e-11b1-46b1-b3f7-5221213fc20e "GET /api/integration/health/ HTTP/1.1" 401 57
WARNING 2026-09-28 19:38:36,851 request_id=d53096be-bbb7-47bc-a9c3-340a5b7008ac Unauthorized: /api/integration/health/
WARNING 2026-09-28 19:38:36,862 request_id=d53096be-bbb7-47bc-a9c3-340a5b7008ac "GET /api/integration/health/ HTTP/1.1" 401 57
WARNING 2026-09-28 19:38:37,102 request_id=c856d376-2267-45ce-91a2-0e695146f539 Unauthorized: /api/integration/health/
WARNING 2026-09-28 19:38:37,109 request_id=c856d376-2267-45ce-91a2-0e695146f539 "GET /api/integration/health/ HTTP/1.1" 401 57
WARNING 2026-09-28 19:38:37,318 request_id=741f8649-869f-4fd4-872f-9923ddbdcdd9 Unauthorized: /api/integration/health/
WARNING 2026-09-28 19:38:37,320 request_id=741f8649-869f-4fd4-872f-9923ddbdcdd9 "GET /api/integration/health/ HTTP/1.1" 401 57
WARNING 2026-09-28 19:38:37,525 request_id=c3f97541-0283-4c54-941a-b6b3c733ffe0 Unauthorized: /api/integration/health/
WARNING 2026-09-28 19:38:37,527 request_id=c3f97541-0283-4c54-941a-b6b3c733ffe0 "GET /api/integration/health/ HTTP/1.1" 401 57
WARNING 2026-09-28 19:38:37,732 request_id=ea67b564-0fdd-4a69-a894-b4d5d93ba9f6 Unauthorized: /api/integration/health/
WARNING 2026-09-28 19:38:37,733 request_id=ea67b564-0fdd-4a69-a894-b4d5d93ba9f6 "GET /api/integration/health/ HTTP/1.1" 401 57
WARNING 2026-09-28 19:38:37,942 request_id=9ca8083a-bcbe-4753-99f3-2970884d85f5 Unauthorized: /api/integration/health/
WARNING 2026-09-28 19:38:37,944 request_id=9ca8083a-bcbe-4753-99f3-2970884d85f5 "GET /api/integration/health/ HTTP/1.1" 401 57
WARNING 2026-09-28 19:38:38,155 request_id=e9d57c62-b70b-4f1f-ace5-957a013a7a25 Unauthorized: /api/integration/health/
WARNING 2026-09-28 19:38:38,156 request_id=e9d57c62-b70b-4f1f-ace5-957a013a7a25 "GET /api/integration/health/ HTTP/1.1" 401 57
WARNING 2026-09-28 19:38:38,363 request_id=209d728c-e205-403e-bd55-1cb680c23224 Unauthorized: /api/integration/health/
WARNING 2026-09-28 19:38:38,367 request_id=209d728c-e205-403e-bd55-1cb680c23224 "GET /api/integration/health/ HTTP/1.1" 401 57
WARNING 2026-09-28 19:38:38,629 request_id=b46133af-d661-40f6-bbe4-a0931a1d45ae Unauthorized: /api/integration/health/
WARNING 2026-09-28 19:38:38,631 request_id=b46133af-d661-40f6-bbe4-a0931a1d45ae "GET /api/integration/health/ HTTP/1.1" 401 57
WARNING 2026-09-28 19:38:38,837 request_id=272b43d9-f9af-4197-b7b4-479b28702657 Unauthorized: /api/integration/health/
WARNING 2026-09-28 19:38:38,839 request_id=272b43d9-f9af-4197-b7b4-479b28702657 "GET /api/integration/health/ HTTP/1.1" 401 57
WARNING 2026-09-28 19:38:39,044 request_id=8d56891b-2d06-4562-a29f-324dd6138622 Unauthorized: /api/integration/health/
WARNING 2026-09-28 19:38:39,047 request_id=8d56891b-2d06-4562-a29f-324dd6138622 "GET /api/integration/health/ HTTP/1.1" 401 57
WARNING 2026-09-28 19:38:39,255 request_id=42f2ddee-c99d-4cda-82f6-053d067500dd Unauthorized: /api/integration/health/
WARNING 2026-09-28 19:38:39,257 request_id=42f2ddee-c99d-4cda-82f6-053d067500dd "GET /api/integration/health/ HTTP/1.1" 401 57
WARNING 2026-09-28 19:38:39,463 request_id=0bf35310-e766-456f-a31b-dd9b1b471718 Unauthorized: /api/integration/health/
WARNING 2026-09-28 19:38:39,465 request_id=0bf35310-e766-456f-a31b-dd9b1b471718 "GET /api/integration/health/ HTTP/1.1" 401 57
WARNING 2026-09-28 19:38:39,712 request_id=bafd417a-44a6-4021-a25f-3708bde920bb Unauthorized: /api/integration/health/
WARNING 2026-09-28 19:38:39,713 request_id=bafd417a-44a6-4021-a25f-3708bde920bb "GET /api/integration/health/ HTTP/1.1" 401 57
WARNING 2026-09-28 19:38:39,920 request_id=3c48bff6-114f-445b-92b9-81dcd7669604 Unauthorized: /api/integration/health/
WARNING 2026-09-28 19:38:39,922 request_id=3c48bff6-114f-445b-92b9-81dcd7669604 "GET /api/integration/health/ HTTP/1.1" 401 57
WARNING 2026-09-28 19:38:40,158 request_id=51a2497b-05bb-4830-bd78-d81f4dfee278 Unauthorized: /api/integration/health/
WARNING 2026-09-28 19:38:40,160 request_id=51a2497b-05bb-4830-bd78-d81f4dfee278 "GET /api/integration/health/ HTTP/1.1" 401 57
WARNING 2026-09-28 19:38:40,371 request_id=aeb2c59e-7197-4a10-8ec0-b5361a01170e Unauthorized: /api/integration/health/
WARNING 2026-09-28 19:38:40,373 request_id=aeb2c59e-7197-4a10-8ec0-b5361a01170e "GET /api/integration/health/ HTTP/1.1" 401 57
WARNING 2026-09-28 19:38:40,578 request_id=46aaae03-97f9-4ec4-b866-f679d5f725c2 Unauthorized: /api/integration/health/
WARNING 2026-09-28 19:38:40,580 request_id=46aaae03-97f9-4ec4-b866-f679d5f725c2 "GET /api/integration/health/ HTTP/1.1" 401 57
WARNING 2026-09-28 19:38:40,787 request_id=6a33f998-d9de-44e4-822e-91d1e099ace1 Unauthorized: /api/integration/health/
WARNING 2026-09-28 19:38:40,788 request_id=6a33f998-d9de-44e4-822e-91d1e099ace1 "GET /api/integration/health/ HTTP/1.1" 401 57
WARNING 2026-09-28 19:38:40,991 request_id=961a6e4f-99eb-4b61-a9fa-831ca758b530 Unauthorized: /api/integration/health/
WARNING 2026-09-28 19:38:40,992 request_id=961a6e4f-99eb-4b61-a9fa-831ca758b530 "GET /api/integration/health/ HTTP/1.1" 401 57
WARNING 2026-09-28 19:38:41,203 request_id=075bf1a6-08bc-4096-8f95-ee0a30bca33b Unauthorized: /api/integration/health/
WARNING 2026-09-28 19:38:41,205 request_id=075bf1a6-08bc-4096-8f95-ee0a30bca33b "GET /api/integration/health/ HTTP/1.1" 401 57
WARNING 2026-09-28 19:38:41,413 request_id=d42a01aa-b247-4cf2-b3c1-73e75174ae36 Unauthorized: /api/integration/health/
WARNING 2026-09-28 19:38:41,415 request_id=d42a01aa-b247-4cf2-b3c1-73e75174ae36 "GET /api/integration/health/ HTTP/1.1" 401 57
WARNING 2026-09-28 19:38:41,623 request_id=f65d39f3-ad82-4a5c-90d5-a14b9e0748df Unauthorized: /api/integration/health/
WARNING 2026-09-28 19:38:41,625 request_id=f65d39f3-ad82-4a5c-90d5-a14b9e0748df "GET /api/integration/health/ HTTP/1.1" 401 57
WARNING 2026-09-28 19:38:41,831 request_id=f8b0cfa0-93fb-446b-9128-7d29371a9422 Unauthorized: /api/integration/health/
WARNING 2026-09-28 19:38:41,832 request_id=f8b0cfa0-93fb-446b-9128-7d29371a9422 "GET /api/integration/health/ HTTP/1.1" 401 57
WARNING 2026-09-28 19:38:42,042 request_id=24a4847c-f62c-4780-a0bb-3857a546bede Unauthorized: /api/integration/health/
WARNING 2026-09-28 19:38:42,043 request_id=24a4847c-f62c-4780-a0bb-3857a546bede "GET /api/integration/health/ HTTP/1.1" 401 57
WARNING 2026-09-28 19:38:42,253 request_id=2114113a-3c97-4479-a0a7-c6b3ddfd3753 Unauthorized: /api/integration/health/
WARNING 2026-09-28 19:38:42,255 request_id=2114113a-3c97-4479-a0a7-c6b3ddfd3753 "GET /api/integration/health/ HTTP/1.1" 401 57
WARNING 2026-09-28 19:38:42,469 request_id=2f9ebed5-8871-48e9-b769-fc7363ae8b49 Unauthorized: /api/integration/health/
WARNING 2026-09-28 19:38:42,472 request_id=2f9ebed5-8871-48e9-b769-fc7363ae8b49 "GET /api/integration/health/ HTTP/1.1" 401 57
WARNING 2026-09-28 19:38:42,819 request_id=c5e6a139-cc63-46d4-9a1a-a8a7e3c9cdba Unauthorized: /api/integration/health/
WARNING 2026-09-28 19:38:42,827 request_id=c5e6a139-cc63-46d4-9a1a-a8a7e3c9cdba "GET /api/integration/health/ HTTP/1.1" 401 57
WARNING 2026-09-28 19:38:43,179 request_id=d020da67-5c01-43fe-9261-fad18aade035 Unauthorized: /api/integration/health/
WARNING 2026-09-28 19:38:43,184 request_id=d020da67-5c01-43fe-9261-fad18aade035 "GET /api/integration/health/ HTTP/1.1" 401 57
WARNING 2026-09-28 19:38:43,542 request_id=72004ffa-bf23-4c6c-af8e-2ad928e8e03a Unauthorized: /api/integration/health/
WARNING 2026-09-28 19:38:43,551 request_id=72004ffa-bf23-4c6c-af8e-2ad928e8e03a "GET /api/integration/health/ HTTP/1.1" 401 57
WARNING 2026-09-28 19:38:43,755 request_id=92ce9da3-de93-45e4-914f-bf49fb1d2e5c Unauthorized: /api/integration/health/
WARNING 2026-09-28 19:38:43,757 request_id=92ce9da3-de93-45e4-914f-bf49fb1d2e5c "GET /api/integration/health/ HTTP/1.1" 401 57
WARNING 2026-09-28 19:38:43,969 request_id=ebd1b2d8-2061-491a-8836-abe2fc9dcf5b Unauthorized: /api/integration/health/
WARNING 2026-09-28 19:38:43,970 request_id=ebd1b2d8-2061-491a-8836-abe2fc9dcf5b "GET /api/integration/health/ HTTP/1.1" 401 57
WARNING 2026-09-28 19:38:44,174 request_id=117901d3-88fb-4271-aa32-587843c84916 Unauthorized: /api/integration/health/
WARNING 2026-09-28 19:38:44,175 request_id=117901d3-88fb-4271-aa32-587843c84916 "GET /api/integration/health/ HTTP/1.1" 401 57
WARNING 2026-09-28 19:38:44,382 request_id=f71ecc0a-0783-45ef-b3e6-7fa86a94ae40 Unauthorized: /api/integration/health/
WARNING 2026-09-28 19:38:44,384 request_id=f71ecc0a-0783-45ef-b3e6-7fa86a94ae40 "GET /api/integration/health/ HTTP/1.1" 401 57
WARNING 2026-09-28 19:38:44,591 request_id=0f25a5b9-38d9-4bb6-8aa9-a6a4bf79fffa Unauthorized: /api/integration/health/
WARNING 2026-09-28 19:38:44,592 request_id=0f25a5b9-38d9-4bb6-8aa9-a6a4bf79fffa "GET /api/integration/health/ HTTP/1.1" 401 57
WARNING 2026-09-28 19:38:44,800 request_id=a3e4685f-888e-455b-8470-370243a19679 Unauthorized: /api/integration/health/
WARNING 2026-09-28 19:38:44,803 request_id=a3e4685f-888e-455b-8470-370243a19679 "GET /api/integration/health/ HTTP/1.1" 401 57
WARNING 2026-09-28 19:38:45,010 request_id=84a6fc05-8666-4e4c-a335-1a329a173715 Unauthorized: /api/integration/health/
WARNING 2026-09-28 19:38:45,012 request_id=84a6fc05-8666-4e4c-a335-1a329a173715 "GET /api/integration/health/ HTTP/1.1" 401 57
WARNING 2026-09-28 19:38:45,232 request_id=de9af1d9-1fd0-43ea-9bb1-98d9d7131678 Unauthorized: /api/integration/health/
WARNING 2026-09-28 19:38:45,235 request_id=de9af1d9-1fd0-43ea-9bb1-98d9d7131678 "GET /api/integration/health/ HTTP/1.1" 401 57
WARNING 2026-09-28 19:38:45,445 request_id=7e2c5818-67cb-47c3-9952-3e4ffcadd192 Unauthorized: /api/integration/health/
WARNING 2026-09-28 19:38:45,448 request_id=7e2c5818-67cb-47c3-9952-3e4ffcadd192 "GET /api/integration/health/ HTTP/1.1" 401 57
WARNING 2026-09-28 19:38:45,668 request_id=9550c2a1-f8a5-410c-9491-f3e437a52d7b Unauthorized: /api/integration/health/
WARNING 2026-09-28 19:38:45,670 request_id=9550c2a1-f8a5-410c-9491-f3e437a52d7b "GET /api/integration/health/ HTTP/1.1" 401 57
WARNING 2026-09-28 19:38:45,877 request_id=4828e92e-e793-4213-982f-2e6f6e4ebfd7 Unauthorized: /api/integration/health/
WARNING 2026-09-28 19:38:45,879 request_id=4828e92e-e793-4213-982f-2e6f6e4ebfd7 "GET /api/integration/health/ HTTP/1.1" 401 57
WARNING 2026-09-28 19:38:46,087 request_id=b9038cb1-dc65-4cdf-8e30-e96cadf1257a Unauthorized: /api/integration/health/
WARNING 2026-09-28 19:38:46,089 request_id=b9038cb1-dc65-4cdf-8e30-e96cadf1257a "GET /api/integration/health/ HTTP/1.1" 401 57
WARNING 2026-09-28 19:38:46,300 request_id=2fc5480f-db72-4285-8b17-01dd312ff505 Unauthorized: /api/integration/health/
WARNING 2026-09-28 19:38:46,302 request_id=2fc5480f-db72-4285-8b17-01dd312ff505 "GET /api/integration/health/ HTTP/1.1" 401 57
WARNING 2026-09-28 19:38:46,511 request_id=bcdc1843-4eae-4ec2-b1b8-942b2c40555c Unauthorized: /api/integration/health/
WARNING 2026-09-28 19:38:46,514 request_id=bcdc1843-4eae-4ec2-b1b8-942b2c40555c "GET /api/integration/health/ HTTP/1.1" 401 57
WARNING 2026-09-28 19:38:46,718 request_id=8dafe384-af82-45ae-8ae4-ad02f3adc8cf Unauthorized: /api/integration/health/
WARNING 2026-09-28 19:38:46,720 request_id=8dafe384-af82-45ae-8ae4-ad02f3adc8cf "GET /api/integration/health/ HTTP/1.1" 401 57
WARNING 2026-09-28 19:38:46,926 request_id=56c16d66-fd22-43bb-b882-02b44402c3eb Unauthorized: /api/integration/health/
WARNING 2026-09-28 19:38:46,928 request_id=56c16d66-fd22-43bb-b882-02b44402c3eb "GET /api/integration/health/ HTTP/1.1" 401 57
WARNING 2026-09-28 19:38:47,137 request_id=0cf92a3e-3205-4464-b497-a0090f19d2bc Unauthorized: /api/integration/health/
WARNING 2026-09-28 19:38:47,139 request_id=0cf92a3e-3205-4464-b497-a0090f19d2bc "GET /api/integration/health/ HTTP/1.1" 401 57
WARNING 2026-09-28 19:38:47,347 request_id=6001ceb6-4549-4c1c-b104-5f5f8968decc Unauthorized: /api/integration/health/
WARNING 2026-09-28 19:38:47,348 request_id=6001ceb6-4549-4c1c-b104-5f5f8968decc "GET /api/integration/health/ HTTP/1.1" 401 57
WARNING 2026-09-28 19:38:47,561 request_id=305b624c-b1d7-46d0-a2b6-0f90167d0a5e Unauthorized: /api/integration/health/
WARNING 2026-09-28 19:38:47,563 request_id=305b624c-b1d7-46d0-a2b6-0f90167d0a5e "GET /api/integration/health/ HTTP/1.1" 401 57
WARNING 2026-09-28 19:38:47,788 request_id=c6135d84-9bcd-468d-8ce6-d38da3dbd091 Unauthorized: /api/integration/health/
WARNING 2026-09-28 19:38:47,789 request_id=c6135d84-9bcd-468d-8ce6-d38da3dbd091 "GET /api/integration/health/ HTTP/1.1" 401 57
WARNING 2026-09-28 19:38:47,998 request_id=21b8a600-15d5-4625-9308-a809c74b84b3 Unauthorized: /api/integration/health/
WARNING 2026-09-28 19:38:48,001 request_id=21b8a600-15d5-4625-9308-a809c74b84b3 "GET /api/integration/health/ HTTP/1.1" 401 57
WARNING 2026-09-28 19:38:48,213 request_id=e230172b-2904-4e3d-b84f-15e02d1f4ad7 Unauthorized: /api/integration/health/
WARNING 2026-09-28 19:38:48,214 request_id=e230172b-2904-4e3d-b84f-15e02d1f4ad7 "GET /api/integration/health/ HTTP/1.1" 401 57
WARNING 2026-09-28 19:38:48,422 request_id=41714c44-b414-4c75-b77c-782a2e07f169 Unauthorized: /api/integration/health/
WARNING 2026-09-28 19:38:48,424 request_id=41714c44-b414-4c75-b77c-782a2e07f169 "GET /api/integration/health/ HTTP/1.1" 401 57
WARNING 2026-09-28 19:38:48,631 request_id=251b214d-89f2-4304-801d-870e6a64f20b Unauthorized: /api/integration/health/
WARNING 2026-09-28 19:38:48,635 request_id=251b214d-89f2-4304-801d-870e6a64f20b "GET /api/integration/health/ HTTP/1.1" 401 57
WARNING 2026-09-28 19:38:48,847 request_id=68efedc2-3d7c-4c7d-a62d-1427490e3af7 Unauthorized: /api/integration/health/
WARNING 2026-09-28 19:38:48,849 request_id=68efedc2-3d7c-4c7d-a62d-1427490e3af7 "GET /api/integration/health/ HTTP/1.1" 401 57
WARNING 2026-09-28 19:38:49,100 request_id=b3742727-05ed-424e-bd8e-140ba5b1c92a Unauthorized: /api/integration/health/
WARNING 2026-09-28 19:38:49,105 request_id=b3742727-05ed-424e-bd8e-140ba5b1c92a "GET /api/integration/health/ HTTP/1.1" 401 57
WARNING 2026-09-28 19:38:49,340 request_id=6aaae74b-2d29-484b-b4ac-53ff1ab1e9f1 Unauthorized: /api/integration/health/
WARNING 2026-09-28 19:38:49,341 request_id=6aaae74b-2d29-484b-b4ac-53ff1ab1e9f1 "GET /api/integration/health/ HTTP/1.1" 401 57
WARNING 2026-09-28 19:38:49,702 request_id=a82a19d2-7778-4346-a722-e351dfdf5a7e Unauthorized: /api/integration/health/
WARNING 2026-09-28 19:38:49,713 request_id=a82a19d2-7778-4346-a722-e351dfdf5a7e "GET /api/integration/health/ HTTP/1.1" 401 57
WARNING 2026-09-28 19:38:50,053 request_id=35967324-ded1-4437-ae3f-bced8e68af8c Unauthorized: /api/integration/health/
WARNING 2026-09-28 19:38:50,054 request_id=35967324-ded1-4437-ae3f-bced8e68af8c "GET /api/integration/health/ HTTP/1.1" 401 57
WARNING 2026-09-28 19:38:50,260 request_id=1c2315f6-2200-4378-a9c4-37e50f115b78 Unauthorized: /api/integration/health/
WARNING 2026-09-28 19:38:50,261 request_id=1c2315f6-2200-4378-a9c4-37e50f115b78 "GET /api/integration/health/ HTTP/1.1" 401 57
WARNING 2026-09-28 19:38:50,468 request_id=368abc62-1200-4f6f-b0a9-70677f1652a4 Unauthorized: /api/integration/health/
WARNING 2026-09-28 19:38:50,470 request_id=368abc62-1200-4f6f-b0a9-70677f1652a4 "GET /api/integration/health/ HTTP/1.1" 401 57
WARNING 2026-09-28 19:38:50,677 request_id=ef94e7e7-bed6-4589-b9b0-59a3690465f2 Unauthorized: /api/integration/health/
WARNING 2026-09-28 19:38:50,678 request_id=ef94e7e7-bed6-4589-b9b0-59a3690465f2 "GET /api/integration/health/ HTTP/1.1" 401 57
WARNING 2026-09-28 19:38:50,883 request_id=3283ac44-ca08-4d6a-ab30-a728323d3df9 Unauthorized: /api/integration/health/
WARNING 2026-09-28 19:38:50,884 request_id=3283ac44-ca08-4d6a-ab30-a728323d3df9 "GET /api/integration/health/ HTTP/1.1" 401 57
WARNING 2026-09-28 19:38:51,092 request_id=ab0df21c-9c83-4fc5-9d07-47190f3d6ea7 Unauthorized: /api/integration/health/
WARNING 2026-09-28 19:38:51,093 request_id=ab0df21c-9c83-4fc5-9d07-47190f3d6ea7 "GET /api/integration/health/ HTTP/1.1" 401 57
WARNING 2026-09-28 19:38:51,300 request_id=1f58062b-f37f-401e-b5f6-87a0758ff874 Unauthorized: /api/integration/health/
WARNING 2026-09-28 19:38:51,301 request_id=1f58062b-f37f-401e-b5f6-87a0758ff874 "GET /api/integration/health/ HTTP/1.1" 401 57
WARNING 2026-09-28 19:38:51,511 request_id=0e41a644-f46c-476f-9806-446989c30ce1 Unauthorized: /api/integration/health/
WARNING 2026-09-28 19:38:51,513 request_id=0e41a644-f46c-476f-9806-446989c30ce1 "GET /api/integration/health/ HTTP/1.1" 401 57
WARNING 2026-09-28 19:38:51,723 request_id=89299cd8-c09b-4687-a176-48347def99e1 Unauthorized: /api/integration/health/
WARNING 2026-09-28 19:38:51,726 request_id=89299cd8-c09b-4687-a176-48347def99e1 "GET /api/integration/health/ HTTP/1.1" 401 57
WARNING 2026-09-28 19:38:51,985 request_id=5a25c22d-580e-425c-8206-7b592bda2b45 Unauthorized: /api/integration/health/
WARNING 2026-09-28 19:38:51,987 request_id=5a25c22d-580e-425c-8206-7b592bda2b45 "GET /api/integration/health/ HTTP/1.1" 401 57
WARNING 2026-09-28 19:38:52,192 request_id=cd58d8f3-e814-4d30-8f41-c6f1f1eb0f3a Unauthorized: /api/integration/health/
WARNING 2026-09-28 19:38:52,194 request_id=cd58d8f3-e814-4d30-8f41-c6f1f1eb0f3a "GET /api/integration/health/ HTTP/1.1" 401 57
WARNING 2026-09-28 19:38:52,401 request_id=2745568b-ec3b-4ca3-8495-4e165222dd27 Unauthorized: /api/integration/health/
WARNING 2026-09-28 19:38:52,403 request_id=2745568b-ec3b-4ca3-8495-4e165222dd27 "GET /api/integration/health/ HTTP/1.1" 401 57
WARNING 2026-09-28 19:38:52,609 request_id=6fe05174-f334-4dd0-ad4c-8122efac59ae Unauthorized: /api/integration/health/
WARNING 2026-09-28 19:38:52,611 request_id=6fe05174-f334-4dd0-ad4c-8122efac59ae "GET /api/integration/health/ HTTP/1.1" 401 57
WARNING 2026-09-28 19:38:52,818 request_id=704fc504-26ef-4dcc-9717-b541d9588873 Unauthorized: /api/integration/health/
WARNING 2026-09-28 19:38:52,819 request_id=704fc504-26ef-4dcc-9717-b541d9588873 "GET /api/integration/health/ HTTP/1.1" 401 57
WARNING 2026-09-28 19:38:53,030 request_id=3e211feb-156c-45cb-af77-61b650a4ce9b Unauthorized: /api/integration/health/
WARNING 2026-09-28 19:38:53,033 request_id=3e211feb-156c-45cb-af77-61b650a4ce9b "GET /api/integration/health/ HTTP/1.1" 401 57
WARNING 2026-09-28 19:38:53,239 request_id=cbc9fd15-23ab-4fb0-9541-ff271f51e46d Unauthorized: /api/integration/health/
WARNING 2026-09-28 19:38:53,241 request_id=cbc9fd15-23ab-4fb0-9541-ff271f51e46d "GET /api/integration/health/ HTTP/1.1" 401 57
WARNING 2026-09-28 19:38:53,446 request_id=e58c64d9-91a6-49fb-96b2-2f8b35889dc2 Unauthorized: /api/integration/health/
WARNING 2026-09-28 19:38:53,448 request_id=e58c64d9-91a6-49fb-96b2-2f8b35889dc2 "GET /api/integration/health/ HTTP/1.1" 401 57
WARNING 2026-09-28 19:38:53,654 request_id=31e14301-1507-486c-a339-a652bb58f045 Unauthorized: /api/integration/health/
WARNING 2026-09-28 19:38:53,656 request_id=31e14301-1507-486c-a339-a652bb58f045 "GET /api/integration/health/ HTTP/1.1" 401 57
WARNING 2026-09-28 19:38:53,861 request_id=394ec473-0ed0-4714-8e0a-8647c891d25c Unauthorized: /api/integration/health/
WARNING 2026-09-28 19:38:53,861 request_id=394ec473-0ed0-4714-8e0a-8647c891d25c "GET /api/integration/health/ HTTP/1.1" 401 57
WARNING 2026-09-28 19:38:54,069 request_id=bed9304d-9c9c-4169-bbf6-cfd7d8800be9 Unauthorized: /api/integration/health/
WARNING 2026-09-28 19:38:54,071 request_id=bed9304d-9c9c-4169-bbf6-cfd7d8800be9 "GET /api/integration/health/ HTTP/1.1" 401 57
WARNING 2026-09-28 19:38:54,278 request_id=40eeca09-b390-4ed9-9e67-e9fadd390fe8 Unauthorized: /api/integration/health/
WARNING 2026-09-28 19:38:54,279 request_id=40eeca09-b390-4ed9-9e67-e9fadd390fe8 "GET /api/integration/health/ HTTP/1.1" 401 57
WARNING 2026-09-28 19:38:54,484 request_id=3b3e9dc5-0122-4d4c-a2d4-515a747c04f8 Unauthorized: /api/integration/health/
WARNING 2026-09-28 19:38:54,485 request_id=3b3e9dc5-0122-4d4c-a2d4-515a747c04f8 "GET /api/integration/health/ HTTP/1.1" 401 57
WARNING 2026-09-28 19:38:54,693 request_id=950a1625-0a24-43e6-9d74-727868451631 Unauthorized: /api/integration/health/
WARNING 2026-09-28 19:38:54,697 request_id=950a1625-0a24-43e6-9d74-727868451631 "GET /api/integration/health/ HTTP/1.1" 401 57
WARNING 2026-09-28 19:38:54,906 request_id=27b14d6f-ddb3-41ee-9224-ee8be8db6193 Unauthorized: /api/integration/health/
WARNING 2026-09-28 19:38:54,909 request_id=27b14d6f-ddb3-41ee-9224-ee8be8db6193 "GET /api/integration/health/ HTTP/1.1" 401 57
WARNING 2026-09-28 19:38:55,121 request_id=5ffb86f6-f90f-410e-9e45-7aca794b4a69 Unauthorized: /api/integration/health/
WARNING 2026-09-28 19:38:55,124 request_id=5ffb86f6-f90f-410e-9e45-7aca794b4a69 "GET /api/integration/health/ HTTP/1.1" 401 57
WARNING 2026-09-28 19:38:55,332 request_id=67547f8e-6541-4c1d-b10a-9b5184476969 Unauthorized: /api/integration/health/
WARNING 2026-09-28 19:38:55,335 request_id=67547f8e-6541-4c1d-b10a-9b5184476969 "GET /api/integration/health/ HTTP/1.1" 401 57
WARNING 2026-09-28 19:38:55,543 request_id=e8bec603-70dd-4c26-96cb-4c66f1e87ee4 Unauthorized: /api/integration/health/
WARNING 2026-09-28 19:38:55,545 request_id=e8bec603-70dd-4c26-96cb-4c66f1e87ee4 "GET /api/integration/health/ HTTP/1.1" 401 57
WARNING 2026-09-28 19:38:55,856 request_id=3defa9d9-f172-4ebf-93f0-c01502656142 Unauthorized: /api/integration/health/
WARNING 2026-09-28 19:38:55,858 request_id=3defa9d9-f172-4ebf-93f0-c01502656142 "GET /api/integration/health/ HTTP/1.1" 401 57
WARNING 2026-09-28 19:38:56,202 request_id=a53bead8-e8da-4301-961f-f7312dc254be Unauthorized: /api/integration/health/
WARNING 2026-09-28 19:38:56,203 request_id=a53bead8-e8da-4301-961f-f7312dc254be "GET /api/integration/health/ HTTP/1.1" 401 57
WARNING 2026-09-28 19:38:56,435 request_id=4361372d-af48-4f1b-bf3b-821ee3c459ba Unauthorized: /api/integration/health/
WARNING 2026-09-28 19:38:56,442 request_id=4361372d-af48-4f1b-bf3b-821ee3c459ba "GET /api/integration/health/ HTTP/1.1" 401 57
WARNING 2026-09-28 19:38:56,704 request_id=edd9e7e0-c468-4749-aba1-1179c9066129 Unauthorized: /api/integration/health/
WARNING 2026-09-28 19:38:56,706 request_id=edd9e7e0-c468-4749-aba1-1179c9066129 "GET /api/integration/health/ HTTP/1.1" 401 57
WARNING 2026-09-28 19:38:56,929 request_id=441627a8-dd55-4a12-bd98-4dced09dd7c3 Unauthorized: /api/integration/health/
WARNING 2026-09-28 19:38:56,930 request_id=441627a8-dd55-4a12-bd98-4dced09dd7c3 "GET /api/integration/health/ HTTP/1.1" 401 57
WARNING 2026-09-28 19:38:57,144 request_id=c6882726-4fba-4f07-8e81-871cd2e4e5e9 Unauthorized: /api/integration/health/
WARNING 2026-09-28 19:38:57,146 request_id=c6882726-4fba-4f07-8e81-871cd2e4e5e9 "GET /api/integration/health/ HTTP/1.1" 401 57
WARNING 2026-09-28 19:38:57,351 request_id=3bb1e056-a5c3-4d4c-8f31-96d7ef2a0150 Unauthorized: /api/integration/health/
WARNING 2026-09-28 19:38:57,354 request_id=3bb1e056-a5c3-4d4c-8f31-96d7ef2a0150 "GET /api/integration/health/ HTTP/1.1" 401 57
WARNING 2026-09-28 19:38:57,564 request_id=e16be5dd-0072-464b-a905-c3f3dc134dea Unauthorized: /api/integration/health/
WARNING 2026-09-28 19:38:57,566 request_id=e16be5dd-0072-464b-a905-c3f3dc134dea "GET /api/integration/health/ HTTP/1.1" 401 57
WARNING 2026-09-28 19:38:57,778 request_id=02234378-10e0-4e57-b33d-a2f01b55706b Unauthorized: /api/integration/health/
WARNING 2026-09-28 19:38:57,780 request_id=02234378-10e0-4e57-b33d-a2f01b55706b "GET /api/integration/health/ HTTP/1.1" 401 57
WARNING 2026-09-28 19:38:57,991 request_id=d927eb31-d8a6-479f-9daa-f9bf66c17025 Unauthorized: /api/integration/health/
WARNING 2026-09-28 19:38:57,993 request_id=d927eb31-d8a6-479f-9daa-f9bf66c17025 "GET /api/integration/health/ HTTP/1.1" 401 57
WARNING 2026-09-28 19:38:58,200 request_id=fb2dbaec-f1ce-4082-b975-109f13399aee Unauthorized: /api/integration/health/
WARNING 2026-09-28 19:38:58,202 request_id=fb2dbaec-f1ce-4082-b975-109f13399aee "GET /api/integration/health/ HTTP/1.1" 401 57
WARNING 2026-09-28 19:38:58,409 request_id=8a988df5-0ac0-45fc-a971-8fdd2ec7643f Unauthorized: /api/integration/health/
WARNING 2026-09-28 19:38:58,410 request_id=8a988df5-0ac0-45fc-a971-8fdd2ec7643f "GET /api/integration/health/ HTTP/1.1" 401 57
WARNING 2026-09-28 19:38:58,679 request_id=dd8c3906-e4a9-4334-9745-63fbe7fcc0c5 Unauthorized: /api/integration/health/
WARNING 2026-09-28 19:38:58,681 request_id=dd8c3906-e4a9-4334-9745-63fbe7fcc0c5 "GET /api/integration/health/ HTTP/1.1" 401 57
WARNING 2026-09-28 19:38:58,931 request_id=222d51d8-39d2-433d-b9e0-008d68511962 Unauthorized: /api/integration/health/
WARNING 2026-09-28 19:38:58,934 request_id=222d51d8-39d2-433d-b9e0-008d68511962 "GET /api/integration/health/ HTTP/1.1" 401 57
WARNING 2026-09-28 19:38:59,141 request_id=3e79f0fe-41cb-465d-9144-6ff4261975cc Unauthorized: /api/integration/health/
WARNING 2026-09-28 19:38:59,144 request_id=3e79f0fe-41cb-465d-9144-6ff4261975cc "GET /api/integration/health/ HTTP/1.1" 401 57
WARNING 2026-09-28 19:38:59,352 request_id=4b9a1bd0-2431-4722-a33b-da9060008771 Unauthorized: /api/integration/health/
WARNING 2026-09-28 19:38:59,354 request_id=4b9a1bd0-2431-4722-a33b-da9060008771 "GET /api/integration/health/ HTTP/1.1" 401 57
WARNING 2026-09-28 19:38:59,561 request_id=dbfb35a0-4768-47d7-a926-372ad6df729c Unauthorized: /api/integration/health/
WARNING 2026-09-28 19:38:59,563 request_id=dbfb35a0-4768-47d7-a926-372ad6df729c "GET /api/integration/health/ HTTP/1.1" 401 57
WARNING 2026-09-28 19:38:59,770 request_id=8eea8390-ae11-4b2d-b7fb-b7294c5e3feb Unauthorized: /api/integration/health/
WARNING 2026-09-28 19:38:59,772 request_id=8eea8390-ae11-4b2d-b7fb-b7294c5e3feb "GET /api/integration/health/ HTTP/1.1" 401 57
WARNING 2026-09-28 19:38:59,980 request_id=8b5b940e-a47d-4737-9cad-2135eb908cc6 Unauthorized: /api/integration/health/
WARNING 2026-09-28 19:38:59,981 request_id=8b5b940e-a47d-4737-9cad-2135eb908cc6 "GET /api/integration/health/ HTTP/1.1" 401 57
WARNING 2026-09-28 19:39:00,188 request_id=22079b8f-cba9-4d26-905f-61cb8b1bf6e8 Unauthorized: /api/integration/health/
WARNING 2026-09-28 19:39:00,190 request_id=22079b8f-cba9-4d26-905f-61cb8b1bf6e8 "GET /api/integration/health/ HTTP/1.1" 401 57
WARNING 2026-09-28 19:39:00,405 request_id=fc91d115-188c-4a6c-bf75-66eef24f83d8 Unauthorized: /api/integration/health/
WARNING 2026-09-28 19:39:00,407 request_id=fc91d115-188c-4a6c-bf75-66eef24f83d8 "GET /api/integration/health/ HTTP/1.1" 401 57
WARNING 2026-09-28 19:39:00,612 request_id=bd11513f-c7d7-4453-bd76-05b91d4381ac Unauthorized: /api/integration/health/
WARNING 2026-09-28 19:39:00,613 request_id=bd11513f-c7d7-4453-bd76-05b91d4381ac "GET /api/integration/health/ HTTP/1.1" 401 57
WARNING 2026-09-28 19:39:00,822 request_id=42ae5936-17e6-4eaf-ad06-8baf71852bc5 Unauthorized: /api/integration/health/
WARNING 2026-09-28 19:39:00,824 request_id=42ae5936-17e6-4eaf-ad06-8baf71852bc5 "GET /api/integration/health/ HTTP/1.1" 401 57
WARNING 2026-09-28 19:39:01,034 request_id=f80d32c1-3175-451b-812d-37af03b82044 Unauthorized: /api/integration/health/
WARNING 2026-09-28 19:39:01,037 request_id=f80d32c1-3175-451b-812d-37af03b82044 "GET /api/integration/health/ HTTP/1.1" 401 57
WARNING 2026-09-28 19:39:01,248 request_id=3cd6135b-4815-4da2-a67f-d664a406bcbe Unauthorized: /api/integration/health/
WARNING 2026-09-28 19:39:01,250 request_id=3cd6135b-4815-4da2-a67f-d664a406bcbe "GET /api/integration/health/ HTTP/1.1" 401 57
WARNING 2026-09-28 19:39:01,455 request_id=717f522f-734f-4132-810b-5cc23a2a9afa Unauthorized: /api/integration/health/
WARNING 2026-09-28 19:39:01,457 request_id=717f522f-734f-4132-810b-5cc23a2a9afa "GET /api/integration/health/ HTTP/1.1" 401 57
WARNING 2026-09-28 19:39:01,680 request_id=2103d984-2ff3-4a9c-ab25-0e5b83fdc04f Unauthorized: /api/integration/health/
WARNING 2026-09-28 19:39:01,682 request_id=2103d984-2ff3-4a9c-ab25-0e5b83fdc04f "GET /api/integration/health/ HTTP/1.1" 401 57
WARNING 2026-09-28 19:39:01,888 request_id=18195ea4-99af-4c13-9914-5f293506c56d Unauthorized: /api/integration/health/
WARNING 2026-09-28 19:39:01,890 request_id=18195ea4-99af-4c13-9914-5f293506c56d "GET /api/integration/health/ HTTP/1.1" 401 57
WARNING 2026-09-28 19:39:02,097 request_id=96a4727a-311f-4e10-b245-ddaf4824bcd6 Unauthorized: /api/integration/health/
WARNING 2026-09-28 19:39:02,099 request_id=96a4727a-311f-4e10-b245-ddaf4824bcd6 "GET /api/integration/health/ HTTP/1.1" 401 57
WARNING 2026-09-28 19:39:02,308 request_id=55c857f5-54f0-41e7-8b45-64a21d702472 Unauthorized: /api/integration/health/
WARNING 2026-09-28 19:39:02,310 request_id=55c857f5-54f0-41e7-8b45-64a21d702472 "GET /api/integration/health/ HTTP/1.1" 401 57
WARNING 2026-09-28 19:39:02,656 request_id=ba8a7f6f-13f6-4cce-a73c-35c642d2b804 Unauthorized: /api/integration/health/
WARNING 2026-09-28 19:39:02,686 request_id=ba8a7f6f-13f6-4cce-a73c-35c642d2b804 "GET /api/integration/health/ HTTP/1.1" 401 57
WARNING 2026-09-28 19:39:02,963 request_id=e241e681-5e47-4ec7-bcbd-06a8b5756f21 Unauthorized: /api/integration/health/
WARNING 2026-09-28 19:39:02,964 request_id=e241e681-5e47-4ec7-bcbd-06a8b5756f21 "GET /api/integration/health/ HTTP/1.1" 401 57
WARNING 2026-09-28 19:39:03,261 request_id=40d2a968-25cd-4e3a-b17d-570ec84e632f Unauthorized: /api/integration/health/
WARNING 2026-09-28 19:39:03,273 request_id=40d2a968-25cd-4e3a-b17d-570ec84e632f "GET /api/integration/health/ HTTP/1.1" 401 57
WARNING 2026-09-28 19:39:03,478 request_id=72ae283a-6b4b-45f5-9409-552c7dfa1c31 Unauthorized: /api/integration/health/
WARNING 2026-09-28 19:39:03,480 request_id=72ae283a-6b4b-45f5-9409-552c7dfa1c31 "GET /api/integration/health/ HTTP/1.1" 401 57
WARNING 2026-09-28 19:39:03,687 request_id=31d50952-05a5-4931-a778-a46619d8c006 Unauthorized: /api/integration/health/
WARNING 2026-09-28 19:39:03,689 request_id=31d50952-05a5-4931-a778-a46619d8c006 "GET /api/integration/health/ HTTP/1.1" 401 57
WARNING 2026-09-28 19:39:03,895 request_id=d32de6a7-be02-4435-89d0-76bb5edbadc4 Unauthorized: /api/integration/health/
WARNING 2026-09-28 19:39:03,896 request_id=d32de6a7-be02-4435-89d0-76bb5edbadc4 "GET /api/integration/health/ HTTP/1.1" 401 57
WARNING 2026-09-28 19:39:04,103 request_id=5d455172-e89a-40bc-aaab-fb38a86b50e4 Unauthorized: /api/integration/health/
WARNING 2026-09-28 19:39:04,105 request_id=5d455172-e89a-40bc-aaab-fb38a86b50e4 "GET /api/integration/health/ HTTP/1.1" 401 57
WARNING 2026-09-28 19:39:04,312 request_id=16609d2d-9ef2-4989-b5c5-f6e49b28b7a9 Unauthorized: /api/integration/health/
WARNING 2026-09-28 19:39:04,314 request_id=16609d2d-9ef2-4989-b5c5-f6e49b28b7a9 "GET /api/integration/health/ HTTP/1.1" 401 57
WARNING 2026-09-28 19:39:04,525 request_id=1c77bee8-5721-4dc0-818f-044f601d9bb9 Unauthorized: /api/integration/health/
WARNING 2026-09-28 19:39:04,527 request_id=1c77bee8-5721-4dc0-818f-044f601d9bb9 "GET /api/integration/health/ HTTP/1.1" 401 57
WARNING 2026-09-28 19:39:04,736 request_id=50e826be-5775-431e-b314-2461b0d3656f Unauthorized: /api/integration/health/
WARNING 2026-09-28 19:39:04,737 request_id=50e826be-5775-431e-b314-2461b0d3656f "GET /api/integration/health/ HTTP/1.1" 401 57
WARNING 2026-09-28 19:39:04,994 request_id=4c6761fc-2d60-472f-b7fc-d659f80eb682 Unauthorized: /api/integration/health/
WARNING 2026-09-28 19:39:05,000 request_id=4c6761fc-2d60-472f-b7fc-d659f80eb682 "GET /api/integration/health/ HTTP/1.1" 401 57
WARNING 2026-09-28 19:39:05,208 request_id=95fb2da6-92b5-436c-97af-068d71a09341 Unauthorized: /api/integration/health/
WARNING 2026-09-28 19:39:05,209 request_id=95fb2da6-92b5-436c-97af-068d71a09341 "GET /api/integration/health/ HTTP/1.1" 401 57
WARNING 2026-09-28 19:39:05,416 request_id=c51a315a-1e7a-48ea-b391-3abd964efa9b Unauthorized: /api/integration/health/
WARNING 2026-09-28 19:39:05,418 request_id=c51a315a-1e7a-48ea-b391-3abd964efa9b "GET /api/integration/health/ HTTP/1.1" 401 57
WARNING 2026-09-28 19:39:05,626 request_id=65414035-fac4-4f2a-9fd8-549205d89723 Unauthorized: /api/integration/health/
WARNING 2026-09-28 19:39:05,627 request_id=65414035-fac4-4f2a-9fd8-549205d89723 "GET /api/integration/health/ HTTP/1.1" 401 57
WARNING 2026-09-28 19:39:05,833 request_id=df5f1d25-ab23-4272-aee4-854896468630 Unauthorized: /api/integration/health/
WARNING 2026-09-28 19:39:05,835 request_id=df5f1d25-ab23-4272-aee4-854896468630 "GET /api/integration/health/ HTTP/1.1" 401 57
WARNING 2026-09-28 19:39:06,044 request_id=33556a90-ad43-42a9-8c3e-664a14209d32 Unauthorized: /api/integration/health/
WARNING 2026-09-28 19:39:06,046 request_id=33556a90-ad43-42a9-8c3e-664a14209d32 "GET /api/integration/health/ HTTP/1.1" 401 57
WARNING 2026-09-28 19:39:06,258 request_id=4f5fa65c-5576-4380-b2df-9f6c738ce5aa Unauthorized: /api/integration/health/
WARNING 2026-09-28 19:39:06,260 request_id=4f5fa65c-5576-4380-b2df-9f6c738ce5aa "GET /api/integration/health/ HTTP/1.1" 401 57
WARNING 2026-09-28 19:39:06,466 request_id=5069cb4e-4d29-43cd-98be-99b324ca31df Unauthorized: /api/integration/health/
WARNING 2026-09-28 19:39:06,468 request_id=5069cb4e-4d29-43cd-98be-99b324ca31df "GET /api/integration/health/ HTTP/1.1" 401 57
WARNING 2026-09-28 19:39:06,735 request_id=3f0177cb-8139-4d0d-a365-1e284258e6cb Unauthorized: /api/integration/health/
WARNING 2026-09-28 19:39:06,738 request_id=3f0177cb-8139-4d0d-a365-1e284258e6cb "GET /api/integration/health/ HTTP/1.1" 401 57
WARNING 2026-09-28 19:39:06,944 request_id=80eaace9-928b-42de-803e-b128665e4209 Unauthorized: /api/integration/health/
WARNING 2026-09-28 19:39:06,946 request_id=80eaace9-928b-42de-803e-b128665e4209 "GET /api/integration/health/ HTTP/1.1" 401 57
WARNING 2026-09-28 19:39:07,152 request_id=dbb8ad12-87c5-4934-ac98-514081fc951c Unauthorized: /api/integration/health/
WARNING 2026-09-28 19:39:07,154 request_id=dbb8ad12-87c5-4934-ac98-514081fc951c "GET /api/integration/health/ HTTP/1.1" 401 57
WARNING 2026-09-28 19:39:07,370 request_id=46a1a8f9-5317-4242-96b4-c8690c60408b Unauthorized: /api/integration/health/
WARNING 2026-09-28 19:39:07,372 request_id=46a1a8f9-5317-4242-96b4-c8690c60408b "GET /api/integration/health/ HTTP/1.1" 401 57
WARNING 2026-09-28 19:39:07,582 request_id=db0b09a7-0db3-4424-8a3d-6e4728bc3375 Unauthorized: /api/integration/health/
WARNING 2026-09-28 19:39:07,584 request_id=db0b09a7-0db3-4424-8a3d-6e4728bc3375 "GET /api/integration/health/ HTTP/1.1" 401 57
WARNING 2026-09-28 19:39:07,792 request_id=9f9e372b-2839-4b19-8d37-1f12ffb43a40 Unauthorized: /api/integration/health/
WARNING 2026-09-28 19:39:07,794 request_id=9f9e372b-2839-4b19-8d37-1f12ffb43a40 "GET /api/integration/health/ HTTP/1.1" 401 57
WARNING 2026-09-28 19:39:08,004 request_id=dafee783-493a-4cbc-b727-3410910a33d1 Unauthorized: /api/integration/health/
WARNING 2026-09-28 19:39:08,008 request_id=dafee783-493a-4cbc-b727-3410910a33d1 "GET /api/integration/health/ HTTP/1.1" 401 57
WARNING 2026-09-28 19:39:08,213 request_id=64cff566-4e34-44cf-aea8-4f7f08f31bd5 Unauthorized: /api/integration/health/
WARNING 2026-09-28 19:39:08,216 request_id=64cff566-4e34-44cf-aea8-4f7f08f31bd5 "GET /api/integration/health/ HTTP/1.1" 401 57
WARNING 2026-09-28 19:39:08,422 request_id=40265f21-9c96-4332-8372-08220d3d66a1 Unauthorized: /api/integration/health/
WARNING 2026-09-28 19:39:08,424 request_id=40265f21-9c96-4332-8372-08220d3d66a1 "GET /api/integration/health/ HTTP/1.1" 401 57
WARNING 2026-09-28 19:39:08,631 request_id=3bbf5392-8141-4c1f-abef-9582799311a8 Unauthorized: /api/integration/health/
WARNING 2026-09-28 19:39:08,632 request_id=3bbf5392-8141-4c1f-abef-9582799311a8 "GET /api/integration/health/ HTTP/1.1" 401 57
WARNING 2026-09-28 19:39:08,841 request_id=bcf0b614-248b-46c9-8a86-9eb1a0157536 Unauthorized: /api/integration/health/
WARNING 2026-09-28 19:39:08,842 request_id=bcf0b614-248b-46c9-8a86-9eb1a0157536 "GET /api/integration/health/ HTTP/1.1" 401 57
WARNING 2026-09-28 19:39:09,062 request_id=665961d8-d524-4fc9-bcbb-d02823821d90 Unauthorized: /api/integration/health/
WARNING 2026-09-28 19:39:09,063 request_id=665961d8-d524-4fc9-bcbb-d02823821d90 "GET /api/integration/health/ HTTP/1.1" 401 57
WARNING 2026-09-28 19:39:09,488 request_id=61c052c5-cd43-4cd4-b8c8-f1bff25a4789 Unauthorized: /api/integration/health/
WARNING 2026-09-28 19:39:09,489 request_id=61c052c5-cd43-4cd4-b8c8-f1bff25a4789 "GET /api/integration/health/ HTTP/1.1" 401 57
WARNING 2026-09-28 19:39:09,695 request_id=c61b905e-1239-4dd5-9374-ad465f4ae003 Unauthorized: /api/integration/health/
WARNING 2026-09-28 19:39:09,697 request_id=c61b905e-1239-4dd5-9374-ad465f4ae003 "GET /api/integration/health/ HTTP/1.1" 401 57
WARNING 2026-09-28 19:39:09,906 request_id=ad7b8817-7b09-466d-8dcb-ce188d78f64a Unauthorized: /api/integration/health/
WARNING 2026-09-28 19:39:09,909 request_id=ad7b8817-7b09-466d-8dcb-ce188d78f64a "GET /api/integration/health/ HTTP/1.1" 401 57
WARNING 2026-09-28 19:39:10,116 request_id=fb49c8ae-b95f-4a7c-a672-98608224c247 Unauthorized: /api/integration/health/
WARNING 2026-09-28 19:39:10,118 request_id=fb49c8ae-b95f-4a7c-a672-98608224c247 "GET /api/integration/health/ HTTP/1.1" 401 57
WARNING 2026-09-28 19:39:10,327 request_id=d919d2f7-cbf7-44c2-9a00-3fb1bf6a7d5d Unauthorized: /api/integration/health/
WARNING 2026-09-28 19:39:10,329 request_id=d919d2f7-cbf7-44c2-9a00-3fb1bf6a7d5d "GET /api/integration/health/ HTTP/1.1" 401 57
WARNING 2026-09-28 19:39:10,536 request_id=e087eb39-ddd0-4f13-a671-f8137d5d16b4 Unauthorized: /api/integration/health/
WARNING 2026-09-28 19:39:10,537 request_id=e087eb39-ddd0-4f13-a671-f8137d5d16b4 "GET /api/integration/health/ HTTP/1.1" 401 57
WARNING 2026-09-28 19:39:10,744 request_id=e9f60553-a27c-4fad-ae1a-203c00dd12f6 Unauthorized: /api/integration/health/
WARNING 2026-09-28 19:39:10,746 request_id=e9f60553-a27c-4fad-ae1a-203c00dd12f6 "GET /api/integration/health/ HTTP/1.1" 401 57
WARNING 2026-09-28 19:39:10,951 request_id=de05dfc5-cced-48ae-bc94-b91d06afd7af Unauthorized: /api/integration/health/
WARNING 2026-09-28 19:39:10,953 request_id=de05dfc5-cced-48ae-bc94-b91d06afd7af "GET /api/integration/health/ HTTP/1.1" 401 57
WARNING 2026-09-28 19:39:11,158 request_id=b818aec2-1700-4bb2-95ac-d4d03382b2e8 Unauthorized: /api/integration/health/
WARNING 2026-09-28 19:39:11,160 request_id=b818aec2-1700-4bb2-95ac-d4d03382b2e8 "GET /api/integration/health/ HTTP/1.1" 401 57
WARNING 2026-09-28 19:39:11,367 request_id=86ee35ae-efe7-4aba-9f44-d84e815ef96b Unauthorized: /api/integration/health/
WARNING 2026-09-28 19:39:11,369 request_id=86ee35ae-efe7-4aba-9f44-d84e815ef96b "GET /api/integration/health/ HTTP/1.1" 401 57
WARNING 2026-09-28 19:39:11,579 request_id=12a98024-3b5f-4d86-a7c3-545a432e9175 Unauthorized: /api/integration/health/
WARNING 2026-09-28 19:39:11,581 request_id=12a98024-3b5f-4d86-a7c3-545a432e9175 "GET /api/integration/health/ HTTP/1.1" 401 57
WARNING 2026-09-28 19:39:11,788 request_id=c8f7464c-6599-43e4-bc14-88724680c165 Unauthorized: /api/integration/health/
WARNING 2026-09-28 19:39:11,792 request_id=c8f7464c-6599-43e4-bc14-88724680c165 "GET /api/integration/health/ HTTP/1.1" 401 57
WARNING 2026-09-28 19:39:12,007 request_id=ebf1100d-d774-4eeb-890b-b68c29408c39 Unauthorized: /api/integration/health/
WARNING 2026-09-28 19:39:12,008 request_id=ebf1100d-d774-4eeb-890b-b68c29408c39 "GET /api/integration/health/ HTTP/1.1" 401 57
WARNING 2026-09-28 19:39:12,214 request_id=bf143c17-e353-47cb-9dea-1269fa9006c4 Unauthorized: /api/integration/health/
WARNING 2026-09-28 19:39:12,216 request_id=bf143c17-e353-47cb-9dea-1269fa9006c4 "GET /api/integration/health/ HTTP/1.1" 401 57
WARNING 2026-09-28 19:39:12,436 request_id=c78ce5ba-8140-4785-b3ab-dd2c5030f537 Unauthorized: /api/integration/health/
WARNING 2026-09-28 19:39:12,437 request_id=c78ce5ba-8140-4785-b3ab-dd2c5030f537 "GET /api/integration/health/ HTTP/1.1" 401 57
WARNING 2026-09-28 19:39:12,650 request_id=f0d30014-59cb-40ac-bf9b-4bb83faed179 Unauthorized: /api/integration/health/
WARNING 2026-09-28 19:39:12,653 request_id=f0d30014-59cb-40ac-bf9b-4bb83faed179 "GET /api/integration/health/ HTTP/1.1" 401 57
WARNING 2026-09-28 19:39:12,860 request_id=7404e873-1775-4b50-9323-460e2bdd9d80 Unauthorized: /api/integration/health/
WARNING 2026-09-28 19:39:12,862 request_id=7404e873-1775-4b50-9323-460e2bdd9d80 "GET /api/integration/health/ HTTP/1.1" 401 57
WARNING 2026-09-28 19:39:13,067 request_id=8db1b487-6981-4a3f-b9c6-345694e0c537 Unauthorized: /api/integration/health/
WARNING 2026-09-28 19:39:13,070 request_id=8db1b487-6981-4a3f-b9c6-345694e0c537 "GET /api/integration/health/ HTTP/1.1" 401 57
WARNING 2026-09-28 19:39:13,278 request_id=5dea18c3-44e9-428a-ae3c-c7da1102fbbd Unauthorized: /api/integration/health/
WARNING 2026-09-28 19:39:13,280 request_id=5dea18c3-44e9-428a-ae3c-c7da1102fbbd "GET /api/integration/health/ HTTP/1.1" 401 57
WARNING 2026-09-28 19:39:13,485 request_id=e1963e91-e24b-470e-b75b-ec18b7c0fb5a Unauthorized: /api/integration/health/
WARNING 2026-09-28 19:39:13,487 request_id=e1963e91-e24b-470e-b75b-ec18b7c0fb5a "GET /api/integration/health/ HTTP/1.1" 401 57
WARNING 2026-09-28 19:39:13,701 request_id=51e98a43-fc1f-4a14-9919-7693d45d7f66 Unauthorized: /api/integration/health/
WARNING 2026-09-28 19:39:13,702 request_id=51e98a43-fc1f-4a14-9919-7693d45d7f66 "GET /api/integration/health/ HTTP/1.1" 401 57
WARNING 2026-09-28 19:39:13,907 request_id=71dfa119-3f26-49a3-8cfa-629cd4005d45 Unauthorized: /api/integration/health/
WARNING 2026-09-28 19:39:13,909 request_id=71dfa119-3f26-49a3-8cfa-629cd4005d45 "GET /api/integration/health/ HTTP/1.1" 401 57
WARNING 2026-09-28 19:39:14,115 request_id=4b092bb4-a3b1-4fe2-b7fe-6cdd3db74aa3 Unauthorized: /api/integration/health/
WARNING 2026-09-28 19:39:14,118 request_id=4b092bb4-a3b1-4fe2-b7fe-6cdd3db74aa3 "GET /api/integration/health/ HTTP/1.1" 401 57
WARNING 2026-09-28 19:39:14,332 request_id=7a4839a0-b96c-4fac-9db6-fee07f55e3ef Unauthorized: /api/integration/health/
WARNING 2026-09-28 19:39:14,333 request_id=7a4839a0-b96c-4fac-9db6-fee07f55e3ef "GET /api/integration/health/ HTTP/1.1" 401 57
WARNING 2026-09-28 19:39:14,540 request_id=099f7fdd-76fc-4318-b504-1ddd89169582 Unauthorized: /api/integration/health/
WARNING 2026-09-28 19:39:14,543 request_id=099f7fdd-76fc-4318-b504-1ddd89169582 "GET /api/integration/health/ HTTP/1.1" 401 57
WARNING 2026-09-28 19:39:14,750 request_id=a4fe4370-131f-4b99-b53b-ec6e18aeddb8 Unauthorized: /api/integration/health/
WARNING 2026-09-28 19:39:14,751 request_id=a4fe4370-131f-4b99-b53b-ec6e18aeddb8 "GET /api/integration/health/ HTTP/1.1" 401 57
WARNING 2026-09-28 19:39:14,956 request_id=d5e2814a-acb5-4a99-aa58-e0d8d06be466 Unauthorized: /api/integration/health/
WARNING 2026-09-28 19:39:14,957 request_id=d5e2814a-acb5-4a99-aa58-e0d8d06be466 "GET /api/integration/health/ HTTP/1.1" 401 57
WARNING 2026-09-28 19:39:15,162 request_id=bbc64bae-db74-415e-a77e-6b4bfdd39f8d Unauthorized: /api/integration/health/
WARNING 2026-09-28 19:39:15,164 request_id=bbc64bae-db74-415e-a77e-6b4bfdd39f8d "GET /api/integration/health/ HTTP/1.1" 401 57
WARNING 2026-09-28 19:39:15,370 request_id=bcabb0d8-6a0c-483f-a9b0-a033a45ea839 Unauthorized: /api/integration/health/
WARNING 2026-09-28 19:39:15,372 request_id=bcabb0d8-6a0c-483f-a9b0-a033a45ea839 "GET /api/integration/health/ HTTP/1.1" 401 57
WARNING 2026-09-28 19:39:15,578 request_id=3835a60e-2d20-4841-a2d3-14be6f34c895 Unauthorized: /api/integration/health/
WARNING 2026-09-28 19:39:15,581 request_id=3835a60e-2d20-4841-a2d3-14be6f34c895 "GET /api/integration/health/ HTTP/1.1" 401 57
WARNING 2026-09-28 19:39:15,821 request_id=83ad43bd-6a2f-4824-b170-307b75a753af Unauthorized: /api/integration/health/
WARNING 2026-09-28 19:39:15,823 request_id=83ad43bd-6a2f-4824-b170-307b75a753af "GET /api/integration/health/ HTTP/1.1" 401 57
WARNING 2026-09-28 19:39:16,224 request_id=3191584c-bb50-4d02-832c-55d85eedbf25 Unauthorized: /api/integration/health/
WARNING 2026-09-28 19:39:16,233 request_id=3191584c-bb50-4d02-832c-55d85eedbf25 "GET /api/integration/health/ HTTP/1.1" 401 57
WARNING 2026-09-28 19:39:16,524 request_id=38198ff2-fc4e-43fe-979f-bd043808b9a0 Unauthorized: /api/integration/health/
WARNING 2026-09-28 19:39:16,525 request_id=38198ff2-fc4e-43fe-979f-bd043808b9a0 "GET /api/integration/health/ HTTP/1.1" 401 57
WARNING 2026-09-28 19:39:16,732 request_id=23c3de21-5aff-4ef7-b096-fb139944bced Unauthorized: /api/integration/health/
WARNING 2026-09-28 19:39:16,734 request_id=23c3de21-5aff-4ef7-b096-fb139944bced "GET /api/integration/health/ HTTP/1.1" 401 57
WARNING 2026-09-28 19:39:16,953 request_id=d53431cb-14c4-4198-bfa5-352fe6f5dcd8 Unauthorized: /api/integration/health/
WARNING 2026-09-28 19:39:16,955 request_id=d53431cb-14c4-4198-bfa5-352fe6f5dcd8 "GET /api/integration/health/ HTTP/1.1" 401 57
WARNING 2026-09-28 19:39:17,161 request_id=7095367d-2d23-4278-b3c0-c86cebf7fc3a Unauthorized: /api/integration/health/
WARNING 2026-09-28 19:39:17,163 request_id=7095367d-2d23-4278-b3c0-c86cebf7fc3a "GET /api/integration/health/ HTTP/1.1" 401 57
WARNING 2026-09-28 19:39:17,372 request_id=47772363-101a-4213-a029-2ef7badc9be5 Unauthorized: /api/integration/health/
WARNING 2026-09-28 19:39:17,373 request_id=47772363-101a-4213-a029-2ef7badc9be5 "GET /api/integration/health/ HTTP/1.1" 401 57
WARNING 2026-09-28 19:39:17,580 request_id=a0ba29c8-4b34-458f-81e9-89713bae2669 Unauthorized: /api/integration/health/
WARNING 2026-09-28 19:39:17,584 request_id=a0ba29c8-4b34-458f-81e9-89713bae2669 "GET /api/integration/health/ HTTP/1.1" 401 57
WARNING 2026-09-28 19:39:17,793 request_id=2f410fa0-456d-456c-ada1-bb0e1e3e197d Unauthorized: /api/integration/health/
WARNING 2026-09-28 19:39:17,795 request_id=2f410fa0-456d-456c-ada1-bb0e1e3e197d "GET /api/integration/health/ HTTP/1.1" 401 57
WARNING 2026-09-28 19:39:18,001 request_id=cb41b9f8-ce79-4c13-bdd1-f5c0646351ed Unauthorized: /api/integration/health/
WARNING 2026-09-28 19:39:18,003 request_id=cb41b9f8-ce79-4c13-bdd1-f5c0646351ed "GET /api/integration/health/ HTTP/1.1" 401 57
WARNING 2026-09-28 19:39:18,211 request_id=b59ad900-d8f4-4d1d-ab73-be7d772b40fa Unauthorized: /api/integration/health/
WARNING 2026-09-28 19:39:18,213 request_id=b59ad900-d8f4-4d1d-ab73-be7d772b40fa "GET /api/integration/health/ HTTP/1.1" 401 57
WARNING 2026-09-28 19:39:18,419 request_id=275726ab-02be-4b46-8eab-883a897d2571 Unauthorized: /api/integration/health/
WARNING 2026-09-28 19:39:18,421 request_id=275726ab-02be-4b46-8eab-883a897d2571 "GET /api/integration/health/ HTTP/1.1" 401 57
WARNING 2026-09-28 19:39:18,626 request_id=080076bc-ced6-41a1-bac4-b42351c89caf Unauthorized: /api/integration/health/
WARNING 2026-09-28 19:39:18,628 request_id=080076bc-ced6-41a1-bac4-b42351c89caf "GET /api/integration/health/ HTTP/1.1" 401 57
WARNING 2026-09-28 19:39:18,846 request_id=be2a875d-5393-4cd5-a5bb-73f02cb5b8f2 Unauthorized: /api/integration/health/
WARNING 2026-09-28 19:39:18,848 request_id=be2a875d-5393-4cd5-a5bb-73f02cb5b8f2 "GET /api/integration/health/ HTTP/1.1" 401 57
WARNING 2026-09-28 19:39:19,054 request_id=cf99582a-8bda-4fed-9edb-025644dc512c Unauthorized: /api/integration/health/
WARNING 2026-09-28 19:39:19,056 request_id=cf99582a-8bda-4fed-9edb-025644dc512c "GET /api/integration/health/ HTTP/1.1" 401 57
WARNING 2026-09-28 19:39:19,264 request_id=5af349c9-7104-4298-99b3-08864e660628 Unauthorized: /api/integration/health/
WARNING 2026-09-28 19:39:19,265 request_id=5af349c9-7104-4298-99b3-08864e660628 "GET /api/integration/health/ HTTP/1.1" 401 57
WARNING 2026-09-28 19:39:19,472 request_id=a12ab105-4701-467b-b55c-074f0c11541c Unauthorized: /api/integration/health/
WARNING 2026-09-28 19:39:19,474 request_id=a12ab105-4701-467b-b55c-074f0c11541c "GET /api/integration/health/ HTTP/1.1" 401 57
WARNING 2026-09-28 19:39:19,679 request_id=3e5fb028-da8c-480d-a368-1728285080cb Unauthorized: /api/integration/health/
WARNING 2026-09-28 19:39:19,681 request_id=3e5fb028-da8c-480d-a368-1728285080cb "GET /api/integration/health/ HTTP/1.1" 401 57
WARNING 2026-09-28 19:39:19,890 request_id=705cdaec-9ad8-4dcf-95af-6a2b717cf964 Unauthorized: /api/integration/health/
WARNING 2026-09-28 19:39:19,893 request_id=705cdaec-9ad8-4dcf-95af-6a2b717cf964 "GET /api/integration/health/ HTTP/1.1" 401 57
WARNING 2026-09-28 19:39:20,098 request_id=59e07ef7-9402-4358-aae5-dfac1ad849f5 Unauthorized: /api/integration/health/
WARNING 2026-09-28 19:39:20,100 request_id=59e07ef7-9402-4358-aae5-dfac1ad849f5 "GET /api/integration/health/ HTTP/1.1" 401 57
WARNING 2026-09-28 19:39:20,305 request_id=444e3501-bc17-4de7-9083-8d94c5e66e9f Unauthorized: /api/integration/health/
WARNING 2026-09-28 19:39:20,307 request_id=444e3501-bc17-4de7-9083-8d94c5e66e9f "GET /api/integration/health/ HTTP/1.1" 401 57
WARNING 2026-09-28 19:39:20,512 request_id=493c2bef-6a59-4048-ac09-249de1d336e2 Unauthorized: /api/integration/health/
WARNING 2026-09-28 19:39:20,515 request_id=493c2bef-6a59-4048-ac09-249de1d336e2 "GET /api/integration/health/ HTTP/1.1" 401 57
WARNING 2026-09-28 19:39:20,719 request_id=1a4cf359-0d42-474d-b3fd-56131d734c65 Unauthorized: /api/integration/health/
WARNING 2026-09-28 19:39:20,721 request_id=1a4cf359-0d42-474d-b3fd-56131d734c65 "GET /api/integration/health/ HTTP/1.1" 401 57
WARNING 2026-09-28 19:39:20,927 request_id=bd3d8fb6-3d1a-4448-84f8-6b42a7a4ae37 Unauthorized: /api/integration/health/
WARNING 2026-09-28 19:39:20,929 request_id=bd3d8fb6-3d1a-4448-84f8-6b42a7a4ae37 "GET /api/integration/health/ HTTP/1.1" 401 57
WARNING 2026-09-28 19:39:21,136 request_id=fc756e1b-32c6-44b6-b854-26670860cbe3 Unauthorized: /api/integration/health/
WARNING 2026-09-28 19:39:21,138 request_id=fc756e1b-32c6-44b6-b854-26670860cbe3 "GET /api/integration/health/ HTTP/1.1" 401 57
WARNING 2026-09-28 19:39:21,344 request_id=1c56f573-843a-4d2e-81d6-122f7aab79b4 Unauthorized: /api/integration/health/
WARNING 2026-09-28 19:39:21,347 request_id=1c56f573-843a-4d2e-81d6-122f7aab79b4 "GET /api/integration/health/ HTTP/1.1" 401 57
WARNING 2026-09-28 19:39:21,557 request_id=e33438a1-cf3e-4e5e-ac1a-9a688d661acb Unauthorized: /api/integration/health/
WARNING 2026-09-28 19:39:21,561 request_id=e33438a1-cf3e-4e5e-ac1a-9a688d661acb "GET /api/integration/health/ HTTP/1.1" 401 57
WARNING 2026-09-28 19:39:21,847 request_id=f4d0d37b-4170-4b03-91b9-cdf84ee39d90 Unauthorized: /api/integration/health/
WARNING 2026-09-28 19:39:21,854 request_id=f4d0d37b-4170-4b03-91b9-cdf84ee39d90 "GET /api/integration/health/ HTTP/1.1" 401 57
WARNING 2026-09-28 19:39:22,093 request_id=235ce8b4-a2ee-42d7-ac3b-b4c6cec55149 Unauthorized: /api/integration/health/
WARNING 2026-09-28 19:39:22,098 request_id=235ce8b4-a2ee-42d7-ac3b-b4c6cec55149 "GET /api/integration/health/ HTTP/1.1" 401 57
WARNING 2026-09-28 19:39:22,548 request_id=70de6f8d-c07e-484f-b06e-1fc350471363 Unauthorized: /api/integration/health/
WARNING 2026-09-28 19:39:22,555 request_id=70de6f8d-c07e-484f-b06e-1fc350471363 "GET /api/integration/health/ HTTP/1.1" 401 57
WARNING 2026-09-28 19:39:22,774 request_id=d83f3e7a-4344-4c1d-9a49-e8d635826ea8 Unauthorized: /api/integration/health/
WARNING 2026-09-28 19:39:22,775 request_id=d83f3e7a-4344-4c1d-9a49-e8d635826ea8 "GET /api/integration/health/ HTTP/1.1" 401 57
WARNING 2026-09-28 19:39:22,984 request_id=a4dc4d8f-43cf-46b7-bd69-6dd512616a17 Unauthorized: /api/integration/health/
WARNING 2026-09-28 19:39:22,988 request_id=a4dc4d8f-43cf-46b7-bd69-6dd512616a17 "GET /api/integration/health/ HTTP/1.1" 401 57
WARNING 2026-09-28 19:39:23,195 request_id=4c99826c-c0ac-419f-88b2-68e3aa7a6a82 Unauthorized: /api/integration/health/
WARNING 2026-09-28 19:39:23,198 request_id=4c99826c-c0ac-419f-88b2-68e3aa7a6a82 "GET /api/integration/health/ HTTP/1.1" 401 57
WARNING 2026-09-28 19:39:23,409 request_id=84d307a9-9b39-45d9-a126-be2a6c748166 Unauthorized: /api/integration/health/
WARNING 2026-09-28 19:39:23,411 request_id=84d307a9-9b39-45d9-a126-be2a6c748166 "GET /api/integration/health/ HTTP/1.1" 401 57
WARNING 2026-09-28 19:39:23,617 request_id=8718b59d-057d-4f79-b328-8f43ce62bc6d Unauthorized: /api/integration/health/
WARNING 2026-09-28 19:39:23,619 request_id=8718b59d-057d-4f79-b328-8f43ce62bc6d "GET /api/integration/health/ HTTP/1.1" 401 57
WARNING 2026-09-28 19:39:23,824 request_id=e2b05506-b869-4fa7-b91a-11362fb85e11 Unauthorized: /api/integration/health/
WARNING 2026-09-28 19:39:23,826 request_id=e2b05506-b869-4fa7-b91a-11362fb85e11 "GET /api/integration/health/ HTTP/1.1" 401 57
WARNING 2026-09-28 19:39:24,032 request_id=e4cb430c-e6fb-4a5b-bbac-42f53b183d87 Unauthorized: /api/integration/health/
WARNING 2026-09-28 19:39:24,033 request_id=e4cb430c-e6fb-4a5b-bbac-42f53b183d87 "GET /api/integration/health/ HTTP/1.1" 401 57
WARNING 2026-09-28 19:39:24,241 request_id=ab939cc9-2816-431b-9906-6546ef96f3f8 Unauthorized: /api/integration/health/
WARNING 2026-09-28 19:39:24,243 request_id=ab939cc9-2816-431b-9906-6546ef96f3f8 "GET /api/integration/health/ HTTP/1.1" 401 57
WARNING 2026-09-28 19:39:24,451 request_id=a33f763e-d3dd-4878-811e-b44d8e6665fe Unauthorized: /api/integration/health/
WARNING 2026-09-28 19:39:24,454 request_id=a33f763e-d3dd-4878-811e-b44d8e6665fe "GET /api/integration/health/ HTTP/1.1" 401 57
WARNING 2026-09-28 19:39:24,662 request_id=322940c4-4d62-4f5b-a9a0-ab25ff0845eb Unauthorized: /api/integration/health/
WARNING 2026-09-28 19:39:24,663 request_id=322940c4-4d62-4f5b-a9a0-ab25ff0845eb "GET /api/integration/health/ HTTP/1.1" 401 57
WARNING 2026-09-28 19:39:24,870 request_id=fc8147f5-007d-4c4d-a66a-c8b6abd18101 Unauthorized: /api/integration/health/
WARNING 2026-09-28 19:39:24,872 request_id=fc8147f5-007d-4c4d-a66a-c8b6abd18101 "GET /api/integration/health/ HTTP/1.1" 401 57
WARNING 2026-09-28 19:39:25,084 request_id=efd2e6f4-e56c-40b2-ac05-c24af2bc63d1 Unauthorized: /api/integration/health/
WARNING 2026-09-28 19:39:25,086 request_id=efd2e6f4-e56c-40b2-ac05-c24af2bc63d1 "GET /api/integration/health/ HTTP/1.1" 401 57
WARNING 2026-09-28 19:39:25,322 request_id=5d446d6a-4013-4f0c-bc04-c104b91e73a8 Unauthorized: /api/integration/health/
WARNING 2026-09-28 19:39:25,324 request_id=5d446d6a-4013-4f0c-bc04-c104b91e73a8 "GET /api/integration/health/ HTTP/1.1" 401 57
WARNING 2026-09-28 19:39:25,533 request_id=e81b2106-13b6-4a76-ba5b-d1a49ec3d559 Unauthorized: /api/integration/health/
WARNING 2026-09-28 19:39:25,535 request_id=e81b2106-13b6-4a76-ba5b-d1a49ec3d559 "GET /api/integration/health/ HTTP/1.1" 401 57
WARNING 2026-09-28 19:39:25,753 request_id=ee143b95-13d5-4e7c-8b1b-81d798604058 Unauthorized: /api/integration/health/
WARNING 2026-09-28 19:39:25,755 request_id=ee143b95-13d5-4e7c-8b1b-81d798604058 "GET /api/integration/health/ HTTP/1.1" 401 57
WARNING 2026-09-28 19:39:25,961 request_id=6c2f4fc4-1a93-40eb-8a8d-a8a419d4bcea Unauthorized: /api/integration/health/
WARNING 2026-09-28 19:39:25,964 request_id=6c2f4fc4-1a93-40eb-8a8d-a8a419d4bcea "GET /api/integration/health/ HTTP/1.1" 401 57
WARNING 2026-09-28 19:39:26,171 request_id=6132245d-0efb-436d-a01b-b1ebca84a352 Unauthorized: /api/integration/health/
WARNING 2026-09-28 19:39:26,172 request_id=6132245d-0efb-436d-a01b-b1ebca84a352 "GET /api/integration/health/ HTTP/1.1" 401 57
WARNING 2026-09-28 19:39:26,387 request_id=687c7438-0f33-4a49-98e9-136bb64104d7 Unauthorized: /api/integration/health/
WARNING 2026-09-28 19:39:26,391 request_id=687c7438-0f33-4a49-98e9-136bb64104d7 "GET /api/integration/health/ HTTP/1.1" 401 57
WARNING 2026-09-28 19:39:26,602 request_id=5acec643-3668-4473-911d-edb5c48fa4c2 Unauthorized: /api/integration/health/
WARNING 2026-09-28 19:39:26,604 request_id=5acec643-3668-4473-911d-edb5c48fa4c2 "GET /api/integration/health/ HTTP/1.1" 401 57
WARNING 2026-09-28 19:39:26,825 request_id=42b476eb-3e88-49c7-adde-a54a32726187 Unauthorized: /api/integration/health/
WARNING 2026-09-28 19:39:26,827 request_id=42b476eb-3e88-49c7-adde-a54a32726187 "GET /api/integration/health/ HTTP/1.1" 401 57
WARNING 2026-09-28 19:39:27,035 request_id=44bf6b81-72c6-4b35-86ad-677d9b0ea7c6 Unauthorized: /api/integration/health/
WARNING 2026-09-28 19:39:27,037 request_id=44bf6b81-72c6-4b35-86ad-677d9b0ea7c6 "GET /api/integration/health/ HTTP/1.1" 401 57
WARNING 2026-09-28 19:39:27,245 request_id=ef55beba-1d70-4079-9195-cbcc39f16ece Unauthorized: /api/integration/health/
WARNING 2026-09-28 19:39:27,246 request_id=ef55beba-1d70-4079-9195-cbcc39f16ece "GET /api/integration/health/ HTTP/1.1" 401 57
WARNING 2026-09-28 19:39:27,458 request_id=d2a76ac3-1a83-44d2-b2f0-7bd87e25733e Unauthorized: /api/integration/health/
WARNING 2026-09-28 19:39:27,462 request_id=d2a76ac3-1a83-44d2-b2f0-7bd87e25733e "GET /api/integration/health/ HTTP/1.1" 401 57
WARNING 2026-09-28 19:39:27,671 request_id=298a6214-37c8-4130-972c-7aea3b28b4c5 Unauthorized: /api/integration/health/
WARNING 2026-09-28 19:39:27,674 request_id=298a6214-37c8-4130-972c-7aea3b28b4c5 "GET /api/integration/health/ HTTP/1.1" 401 57
WARNING 2026-09-28 19:39:27,879 request_id=0196a90e-efba-4873-ab00-af0ba2fbfbe5 Unauthorized: /api/integration/health/
WARNING 2026-09-28 19:39:27,880 request_id=0196a90e-efba-4873-ab00-af0ba2fbfbe5 "GET /api/integration/health/ HTTP/1.1" 401 57
WARNING 2026-09-28 19:39:28,087 request_id=d90ef943-9baf-4b50-89ce-0b4178624e42 Unauthorized: /api/integration/health/
WARNING 2026-09-28 19:39:28,089 request_id=d90ef943-9baf-4b50-89ce-0b4178624e42 "GET /api/integration/health/ HTTP/1.1" 401 57
WARNING 2026-09-28 19:39:28,381 request_id=8cac4b63-714d-4335-b205-a3f00ad0876a Unauthorized: /api/integration/health/
WARNING 2026-09-28 19:39:28,387 request_id=8cac4b63-714d-4335-b205-a3f00ad0876a "GET /api/integration/health/ HTTP/1.1" 401 57
WARNING 2026-09-28 19:39:28,815 request_id=db4c43e9-c39a-4105-8eda-708b608ab459 Unauthorized: /api/integration/health/
WARNING 2026-09-28 19:39:28,824 request_id=db4c43e9-c39a-4105-8eda-708b608ab459 "GET /api/integration/health/ HTTP/1.1" 401 57
WARNING 2026-09-28 19:39:29,040 request_id=8f8e8949-7067-42f8-b98c-1002c2381ee2 Unauthorized: /api/integration/health/
WARNING 2026-09-28 19:39:29,054 request_id=8f8e8949-7067-42f8-b98c-1002c2381ee2 "GET /api/integration/health/ HTTP/1.1" 401 57
WARNING 2026-09-28 19:39:29,267 request_id=a7a22e02-8e0a-4509-a16b-ef5b38ddb1f1 Unauthorized: /api/integration/health/
WARNING 2026-09-28 19:39:29,269 request_id=a7a22e02-8e0a-4509-a16b-ef5b38ddb1f1 "GET /api/integration/health/ HTTP/1.1" 401 57
WARNING 2026-09-28 19:39:29,476 request_id=b7e84667-1db8-4316-afc5-1ea10807e9b2 Unauthorized: /api/integration/health/
WARNING 2026-09-28 19:39:29,478 request_id=b7e84667-1db8-4316-afc5-1ea10807e9b2 "GET /api/integration/health/ HTTP/1.1" 401 57
WARNING 2026-09-28 19:39:29,685 request_id=1f83ba2d-32b4-4198-a736-da4d97f9aee4 Unauthorized: /api/integration/health/
WARNING 2026-09-28 19:39:29,687 request_id=1f83ba2d-32b4-4198-a736-da4d97f9aee4 "GET /api/integration/health/ HTTP/1.1" 401 57
WARNING 2026-09-28 19:39:29,895 request_id=b44592a7-0d46-4f12-bbc3-efbade7dee69 Unauthorized: /api/integration/health/
WARNING 2026-09-28 19:39:29,898 request_id=b44592a7-0d46-4f12-bbc3-efbade7dee69 "GET /api/integration/health/ HTTP/1.1" 401 57
WARNING 2026-09-28 19:39:30,104 request_id=80aaecee-8d5d-4506-b5b1-eb9548c3dce6 Unauthorized: /api/integration/health/
WARNING 2026-09-28 19:39:30,106 request_id=80aaecee-8d5d-4506-b5b1-eb9548c3dce6 "GET /api/integration/health/ HTTP/1.1" 401 57
WARNING 2026-09-28 19:39:30,315 request_id=8bcd1996-7582-4b29-a0b0-58172294ab20 Unauthorized: /api/integration/health/
WARNING 2026-09-28 19:39:30,318 request_id=8bcd1996-7582-4b29-a0b0-58172294ab20 "GET /api/integration/health/ HTTP/1.1" 401 57
WARNING 2026-09-28 19:39:30,524 request_id=3c170744-5968-4b04-9ba4-e4beb8cf117e Unauthorized: /api/integration/health/
WARNING 2026-09-28 19:39:30,526 request_id=3c170744-5968-4b04-9ba4-e4beb8cf117e "GET /api/integration/health/ HTTP/1.1" 401 57
WARNING 2026-09-28 19:39:30,734 request_id=86ff3abc-eb34-43d5-b8d1-61a9229ba588 Unauthorized: /api/integration/health/
WARNING 2026-09-28 19:39:30,736 request_id=86ff3abc-eb34-43d5-b8d1-61a9229ba588 "GET /api/integration/health/ HTTP/1.1" 401 57
WARNING 2026-09-28 19:39:30,942 request_id=83ad95e6-1dec-4485-95f7-241d34cfd7c5 Unauthorized: /api/integration/health/
WARNING 2026-09-28 19:39:30,944 request_id=83ad95e6-1dec-4485-95f7-241d34cfd7c5 "GET /api/integration/health/ HTTP/1.1" 401 57
WARNING 2026-09-28 19:39:31,153 request_id=a401efe3-5ec4-4d75-a226-d2425aa3e383 Unauthorized: /api/integration/health/
WARNING 2026-09-28 19:39:31,155 request_id=a401efe3-5ec4-4d75-a226-d2425aa3e383 "GET /api/integration/health/ HTTP/1.1" 401 57
WARNING 2026-09-28 19:39:31,362 request_id=bbe3fa96-00cb-4ffc-911d-cd1c0ab5f534 Unauthorized: /api/integration/health/
WARNING 2026-09-28 19:39:31,364 request_id=bbe3fa96-00cb-4ffc-911d-cd1c0ab5f534 "GET /api/integration/health/ HTTP/1.1" 401 57
